Predicted: ./dataset/test/drawerpickstir40/000.txt, sliding_window 0-19, Predict Action: drawer, Groud truth: [0 0 0 0 0 0 0 0 0 0 0 0 0 0 0 0 0 1 1 1]
Predicted: ./dataset/test/drawerpickstir40/000.txt, sliding_window 1-20, Predict Action: drawer, Groud truth: [0 0 0 0 0 0 0 0 0 0 0 0 0 0 0 0 1 1 1 1]
Predicted: ./dataset/test/drawerpickstir40/000.txt, sliding_window 2-21, Predict Action: drawer, Groud truth: [0 0 0 0 0 0 0 0 0 0 0 0 0 0 0 1 1 1 1 1]
Predicted: ./dataset/test/drawerpickstir40/000.txt, sliding_window 3-22, Predict Action: drawer, Groud truth: [0 0 0 0 0 0 0 0 0 0 0 0 0 0 1 1 1 1 1 1]
Predicted: ./dataset/test/drawerpickstir40/000.txt, sliding_window 4-23, Predict Action: stir, Groud truth: [0 0 0 0 0 0 0 0 0 0 0 0 0 1 1 1 1 1 1 1]
Predicted: ./dataset/test/drawerpickstir40/000.txt, sliding_window 5-24, Predict Action: stir, Groud truth: [0 0 0 0 0 0 0 0 0 0 0 0 1 1 1 1 1 1 1 1]
Predicted: ./dataset/test/drawerpickstir40/000.txt, sliding_window 6-25, Predict Action: stir, Groud truth: [0 0 0 0 0 0 0 0 0 0 0 1 1 1 1 1 1 1 1 1]
Predicted: ./dataset/test/drawerpickstir40/000.txt, sliding_window 7-26, Predict Action: stir, Groud truth: [0 0 0 0 0 0 0 0 0 0 1 1 1 1 1 1 1 1 1 1]
Predicted: ./dataset/test/drawerpickstir40/000.txt, sliding_window 8-27, Predict Action: pick, Groud truth: [0 0 0 0 0 0 0 0 0 1 1 1 1 1 1 1 1 1 1 1]
Predicted: ./dataset/test/drawerpickstir40/000.txt, sliding_window 9-28, Predict Action: pick, Groud truth: [0 0 0 0 0 0 0 0 1 1 1 1 1 1 1 1 1 1 1 1]
Predicted: ./dataset/test/drawerpickstir40/000.txt, sliding_window 10-29, Predict Action: pick, Groud truth: [0 0 0 0 0 0 0 1 1 1 1 1 1 1 1 1 1 1 1 1]
Predicted: ./dataset/test/drawerpickstir40/000.txt, sliding_window 11-30, Predict Action: pick, Groud truth: [0 0 0 0 0 0 1 1 1 1 1 1 1 1 1 1 1 1 1 2]
Predicted: ./dataset/test/drawerpickstir40/000.txt, sliding_window 12-31, Predict Action: pick, Groud truth: [0 0 0 0 0 1 1 1 1 1 1 1 1 1 1 1 1 1 2 2]
Predicted: ./dataset/test/drawerpickstir40/000.txt, sliding_window 13-32, Predict Action: pick, Groud truth: [0 0 0 0 1 1 1 1 1 1 1 1 1 1 1 1 1 2 2 2]
Predicted: ./dataset/test/drawerpickstir40/000.txt, sliding_window 14-33, Predict Action: pick, Groud truth: [0 0 0 1 1 1 1 1 1 1 1 1 1 1 1 1 2 2 2 2]
Predicted: ./dataset/test/drawerpickstir40/000.txt, sliding_window 15-34, Predict Action: pick, Groud truth: [0 0 1 1 1 1 1 1 1 1 1 1 1 1 1 2 2 2 2 2]
Predicted: ./dataset/test/drawerpickstir40/000.txt, sliding_window 16-35, Predict Action: pick, Groud truth: [0 1 1 1 1 1 1 1 1 1 1 1 1 1 2 2 2 2 2 2]
Predicted: ./dataset/test/drawerpickstir40/000.txt, sliding_window 17-36, Predict Action: stir, Groud truth: [1 1 1 1 1 1 1 1 1 1 1 1 1 2 2 2 2 2 2 2]
Predicted: ./dataset/test/drawerpickstir40/000.txt, sliding_window 18-37, Predict Action: stir, Groud truth: [1 1 1 1 1 1 1 1 1 1 1 1 2 2 2 2 2 2 2 2]
Predicted: ./dataset/test/drawerpickstir40/000.txt, sliding_window 19-38, Predict Action: stir, Groud truth: [1 1 1 1 1 1 1 1 1 1 1 2 2 2 2 2 2 2 2 2]
Predicted: ./dataset/test/drawerpickstir40/000.txt, sliding_window 20-39, Predict Action: stir, Groud truth: [1 1 1 1 1 1 1 1 1 1 2 2 2 2 2 2 2 2 2 2]
Predicted: ./dataset/test/drawerpickstir40/000.txt, sliding_window 21-40, Predict Action: stir, Groud truth: [1 1 1 1 1 1 1 1 1 2 2 2 2 2 2 2 2 2 2 2]
Predicted: ./dataset/test/drawerpickstir40/000.txt, sliding_window 22-41, Predict Action: stir, Groud truth: [1 1 1 1 1 1 1 1 2 2 2 2 2 2 2 2 2 2 2 2]
Predicted: ./dataset/test/drawerpickstir40/000.txt, sliding_window 23-42, Predict Action: stir, Groud truth: [1 1 1 1 1 1 1 2 2 2 2 2 2 2 2 2 2 2 2 2]
Predicted: ./dataset/test/drawerpickstir40/000.txt, sliding_window 24-43, Predict Action: stir, Groud truth: [1 1 1 1 1 1 2 2 2 2 2 2 2 2 2 2 2 2 2 2]
Predicted: ./dataset/test/drawerpickstir40/000.txt, sliding_window 25-44, Predict Action: stir, Groud truth: [1 1 1 1 1 2 2 2 2 2 2 2 2 2 2 2 2 2 2 2]
Predicted: ./dataset/test/drawerpickstir40/000.txt, sliding_window 26-45, Predict Action: stir, Groud truth: [1 1 1 1 2 2 2 2 2 2 2 2 2 2 2 2 2 2 2 2]
Predicted: ./dataset/test/drawerpickstir40/000.txt, sliding_window 27-46, Predict Action: stir, Groud truth: [1 1 1 2 2 2 2 2 2 2 2 2 2 2 2 2 2 2 2 2]
Predicted: ./dataset/test/drawerpickstir40/000.txt, sliding_window 28-47, Predict Action: stir, Groud truth: [1 1 2 2 2 2 2 2 2 2 2 2 2 2 2 2 2 2 2 2]
Predicted: ./dataset/test/drawerpickstir40/000.txt, sliding_window 29-48, Predict Action: stir, Groud truth: [1 2 2 2 2 2 2 2 2 2 2 2 2 2 2 2 2 2 2 2]
Predicted: ./dataset/test/drawerpickstir40/000.txt, sliding_window 30-49, Predict Action: stir, Groud truth: stir
Predicted: ./dataset/test/drawerpickstir40/000.txt, sliding_window 31-50, Predict Action: stir, Groud truth: stir
Predicted: ./dataset/test/drawerpickstir40/000.txt, sliding_window 32-51, Predict Action: stir, Groud truth: stir
Predicted: ./dataset/test/drawerpickstir40/000.txt, sliding_window 33-52, Predict Action: stir, Groud truth: stir
Predicted: ./dataset/test/drawerpickstir40/000.txt, sliding_window 34-53, Predict Action: stir, Groud truth: stir
Predicted: ./dataset/test/drawerpickstir40/000.txt, sliding_window 35-54, Predict Action: stir, Groud truth: stir
Predicted: ./dataset/test/drawerpickstir40/000.txt, sliding_window 36-55, Predict Action: stir, Groud truth: stir
Predicted: ./dataset/test/drawerpickstir40/000.txt, sliding_window 37-56, Predict Action: stir, Groud truth: stir
Predicted: ./dataset/test/drawerpickstir40/000.txt, sliding_window 38-57, Predict Action: stir, Groud truth: stir
Predicted: ./dataset/test/drawerpickstir40/000.txt, sliding_window 39-58, Predict Action: stir, Groud truth: stir
Predicted: ./dataset/test/drawerpickstir40/000.txt, sliding_window 40-59, Predict Action: stir, Groud truth: stir
Predicted: ./dataset/test/drawerpickstir40/000.txt, sliding_window 41-60, Predict Action: stir, Groud truth: stir
Predicted: ./dataset/test/drawerpickstir40/000.txt, sliding_window 42-61, Predict Action: stir, Groud truth: stir
Predicted: ./dataset/test/drawerpickstir40/000.txt, sliding_window 43-62, Predict Action: stir, Groud truth: stir
Predicted: ./dataset/test/drawerpickstir40/000.txt, sliding_window 44-63, Predict Action: stir, Groud truth: stir
Predicted: ./dataset/test/drawerpickstir40/000.txt, sliding_window 45-64, Predict Action: stir, Groud truth: stir
Predicted: ./dataset/test/drawerpickstir40/000.txt, sliding_window 46-65, Predict Action: stir, Groud truth: stir
Predicted: ./dataset/test/drawerpickstir40/000.txt, sliding_window 47-66, Predict Action: stir, Groud truth: stir
Predicted: ./dataset/test/drawerpickstir40/000.txt, sliding_window 48-67, Predict Action: stir, Groud truth: stir
Predicted: ./dataset/test/drawerpickstir40/000.txt, sliding_window 49-68, Predict Action: stir, Groud truth: stir
Predicted: ./dataset/test/drawerpickstir40/000.txt, sliding_window 50-69, Predict Action: stir, Groud truth: stir
Predicted: ./dataset/test/drawerpickstir40/000.txt, sliding_window 51-70, Predict Action: stir, Groud truth: stir
Predicted: ./dataset/test/drawerpickstir40/000.txt, sliding_window 52-71, Predict Action: stir, Groud truth: stir
Predicted: ./dataset/test/drawerpickstir40/000.txt, sliding_window 53-72, Predict Action: stir, Groud truth: stir
Predicted: ./dataset/test/drawerpickstir40/000.txt, sliding_window 54-73, Predict Action: stir, Groud truth: stir
Predicted: ./dataset/test/drawerpickstir40/000.txt, sliding_window 55-74, Predict Action: stir, Groud truth: stir
Predicted: ./dataset/test/drawerpickstir40/000.txt, sliding_window 56-75, Predict Action: stir, Groud truth: stir
Predicted: ./dataset/test/drawerpickstir40/000.txt, sliding_window 57-76, Predict Action: stir, Groud truth: stir
Predicted: ./dataset/test/drawerpickstir40/000.txt, sliding_window 58-77, Predict Action: stir, Groud truth: stir
Predicted: ./dataset/test/drawerpickstir40/000.txt, sliding_window 59-78, Predict Action: stir, Groud truth: stir
Predicted: ./dataset/test/drawerpickstir40/000.txt, sliding_window 60-79, Predict Action: stir, Groud truth: stir
Predicted: ./dataset/test/drawerpickstir40/001.txt, sliding_window 61-80, Predict Action: drawer, Groud truth: drawer
Predicted: ./dataset/test/drawerpickstir40/001.txt, sliding_window 0-19, Predict Action: drawer, Groud truth: [0 0 0 0 0 0 0 0 0 0 0 0 0 0 0 0 0 0 0 1]
Predicted: ./dataset/test/drawerpickstir40/001.txt, sliding_window 1-20, Predict Action: drawer, Groud truth: [0 0 0 0 0 0 0 0 0 0 0 0 0 0 0 0 0 0 1 1]
Predicted: ./dataset/test/drawerpickstir40/001.txt, sliding_window 2-21, Predict Action: drawer, Groud truth: [0 0 0 0 0 0 0 0 0 0 0 0 0 0 0 0 0 1 1 1]
Predicted: ./dataset/test/drawerpickstir40/001.txt, sliding_window 3-22, Predict Action: drawer, Groud truth: [0 0 0 0 0 0 0 0 0 0 0 0 0 0 0 0 1 1 1 1]
Predicted: ./dataset/test/drawerpickstir40/001.txt, sliding_window 4-23, Predict Action: drawer, Groud truth: [0 0 0 0 0 0 0 0 0 0 0 0 0 0 0 1 1 1 1 1]
Predicted: ./dataset/test/drawerpickstir40/001.txt, sliding_window 5-24, Predict Action: drawer, Groud truth: [0 0 0 0 0 0 0 0 0 0 0 0 0 0 1 1 1 1 1 1]
Predicted: ./dataset/test/drawerpickstir40/001.txt, sliding_window 6-25, Predict Action: stir, Groud truth: [0 0 0 0 0 0 0 0 0 0 0 0 0 1 1 1 1 1 1 1]
Predicted: ./dataset/test/drawerpickstir40/001.txt, sliding_window 7-26, Predict Action: pick, Groud truth: [0 0 0 0 0 0 0 0 0 0 0 0 1 1 1 1 1 1 1 1]
Predicted: ./dataset/test/drawerpickstir40/001.txt, sliding_window 8-27, Predict Action: pick, Groud truth: [0 0 0 0 0 0 0 0 0 0 0 1 1 1 1 1 1 1 1 1]
Predicted: ./dataset/test/drawerpickstir40/001.txt, sliding_window 9-28, Predict Action: pick, Groud truth: [0 0 0 0 0 0 0 0 0 0 1 1 1 1 1 1 1 1 1 1]
Predicted: ./dataset/test/drawerpickstir40/001.txt, sliding_window 10-29, Predict Action: drawer, Groud truth: [0 0 0 0 0 0 0 0 0 1 1 1 1 1 1 1 1 1 1 2]
Predicted: ./dataset/test/drawerpickstir40/001.txt, sliding_window 11-30, Predict Action: drawer, Groud truth: [0 0 0 0 0 0 0 0 1 1 1 1 1 1 1 1 1 1 2 2]
Predicted: ./dataset/test/drawerpickstir40/001.txt, sliding_window 12-31, Predict Action: drawer, Groud truth: [0 0 0 0 0 0 0 1 1 1 1 1 1 1 1 1 1 2 2 2]
Predicted: ./dataset/test/drawerpickstir40/001.txt, sliding_window 13-32, Predict Action: drawer, Groud truth: [0 0 0 0 0 0 1 1 1 1 1 1 1 1 1 1 2 2 2 2]
Predicted: ./dataset/test/drawerpickstir40/001.txt, sliding_window 14-33, Predict Action: stir, Groud truth: [0 0 0 0 0 1 1 1 1 1 1 1 1 1 1 2 2 2 2 2]
Predicted: ./dataset/test/drawerpickstir40/001.txt, sliding_window 15-34, Predict Action: stir, Groud truth: [0 0 0 0 1 1 1 1 1 1 1 1 1 1 2 2 2 2 2 2]
Predicted: ./dataset/test/drawerpickstir40/001.txt, sliding_window 16-35, Predict Action: stir, Groud truth: [0 0 0 1 1 1 1 1 1 1 1 1 1 2 2 2 2 2 2 2]
Predicted: ./dataset/test/drawerpickstir40/001.txt, sliding_window 17-36, Predict Action: stir, Groud truth: [0 0 1 1 1 1 1 1 1 1 1 1 2 2 2 2 2 2 2 2]
Predicted: ./dataset/test/drawerpickstir40/001.txt, sliding_window 18-37, Predict Action: stir, Groud truth: [0 1 1 1 1 1 1 1 1 1 1 2 2 2 2 2 2 2 2 2]
Predicted: ./dataset/test/drawerpickstir40/001.txt, sliding_window 19-38, Predict Action: stir, Groud truth: [1 1 1 1 1 1 1 1 1 1 2 2 2 2 2 2 2 2 2 2]
Predicted: ./dataset/test/drawerpickstir40/001.txt, sliding_window 20-39, Predict Action: stir, Groud truth: [1 1 1 1 1 1 1 1 1 2 2 2 2 2 2 2 2 2 2 2]
Predicted: ./dataset/test/drawerpickstir40/001.txt, sliding_window 21-40, Predict Action: stir, Groud truth: [1 1 1 1 1 1 1 1 2 2 2 2 2 2 2 2 2 2 2 2]
Predicted: ./dataset/test/drawerpickstir40/001.txt, sliding_window 22-41, Predict Action: stir, Groud truth: [1 1 1 1 1 1 1 2 2 2 2 2 2 2 2 2 2 2 2 2]
Predicted: ./dataset/test/drawerpickstir40/001.txt, sliding_window 23-42, Predict Action: stir, Groud truth: [1 1 1 1 1 1 2 2 2 2 2 2 2 2 2 2 2 2 2 2]
Predicted: ./dataset/test/drawerpickstir40/001.txt, sliding_window 24-43, Predict Action: stir, Groud truth: [1 1 1 1 1 2 2 2 2 2 2 2 2 2 2 2 2 2 2 2]
Predicted: ./dataset/test/drawerpickstir40/001.txt, sliding_window 25-44, Predict Action: stir, Groud truth: [1 1 1 1 2 2 2 2 2 2 2 2 2 2 2 2 2 2 2 2]
Predicted: ./dataset/test/drawerpickstir40/001.txt, sliding_window 26-45, Predict Action: stir, Groud truth: [1 1 1 2 2 2 2 2 2 2 2 2 2 2 2 2 2 2 2 2]
Predicted: ./dataset/test/drawerpickstir40/001.txt, sliding_window 27-46, Predict Action: stir, Groud truth: [1 1 2 2 2 2 2 2 2 2 2 2 2 2 2 2 2 2 2 2]
Predicted: ./dataset/test/drawerpickstir40/001.txt, sliding_window 28-47, Predict Action: stir, Groud truth: [1 2 2 2 2 2 2 2 2 2 2 2 2 2 2 2 2 2 2 2]
Predicted: ./dataset/test/drawerpickstir40/001.txt, sliding_window 29-48, Predict Action: stir, Groud truth: stir
Predicted: ./dataset/test/drawerpickstir40/001.txt, sliding_window 30-49, Predict Action: stir, Groud truth: stir
Predicted: ./dataset/test/drawerpickstir40/001.txt, sliding_window 31-50, Predict Action: stir, Groud truth: stir
Predicted: ./dataset/test/drawerpickstir40/001.txt, sliding_window 32-51, Predict Action: stir, Groud truth: stir
Predicted: ./dataset/test/drawerpickstir40/001.txt, sliding_window 33-52, Predict Action: stir, Groud truth: stir
Predicted: ./dataset/test/drawerpickstir40/001.txt, sliding_window 34-53, Predict Action: stir, Groud truth: stir
Predicted: ./dataset/test/drawerpickstir40/001.txt, sliding_window 35-54, Predict Action: stir, Groud truth: stir
Predicted: ./dataset/test/drawerpickstir40/001.txt, sliding_window 36-55, Predict Action: stir, Groud truth: stir
Predicted: ./dataset/test/drawerpickstir40/001.txt, sliding_window 37-56, Predict Action: stir, Groud truth: stir
Predicted: ./dataset/test/drawerpickstir40/001.txt, sliding_window 38-57, Predict Action: stir, Groud truth: stir
Predicted: ./dataset/test/drawerpickstir40/001.txt, sliding_window 39-58, Predict Action: stir, Groud truth: stir
Predicted: ./dataset/test/drawerpickstir40/001.txt, sliding_window 40-59, Predict Action: stir, Groud truth: stir
Predicted: ./dataset/test/drawerpickstir40/001.txt, sliding_window 41-60, Predict Action: stir, Groud truth: stir
Predicted: ./dataset/test/drawerpickstir40/001.txt, sliding_window 42-61, Predict Action: stir, Groud truth: stir
Predicted: ./dataset/test/drawerpickstir40/001.txt, sliding_window 43-62, Predict Action: stir, Groud truth: stir
Predicted: ./dataset/test/drawerpickstir40/001.txt, sliding_window 44-63, Predict Action: stir, Groud truth: stir
Predicted: ./dataset/test/drawerpickstir40/001.txt, sliding_window 45-64, Predict Action: stir, Groud truth: stir
Predicted: ./dataset/test/drawerpickstir40/001.txt, sliding_window 46-65, Predict Action: stir, Groud truth: stir
Predicted: ./dataset/test/drawerpickstir40/001.txt, sliding_window 47-66, Predict Action: stir, Groud truth: stir
Predicted: ./dataset/test/drawerpickstir40/001.txt, sliding_window 48-67, Predict Action: stir, Groud truth: stir
Predicted: ./dataset/test/drawerpickstir40/001.txt, sliding_window 49-68, Predict Action: stir, Groud truth: stir
Predicted: ./dataset/test/drawerpickstir40/001.txt, sliding_window 50-69, Predict Action: stir, Groud truth: stir
Predicted: ./dataset/test/drawerpickstir40/001.txt, sliding_window 51-70, Predict Action: stir, Groud truth: stir
Predicted: ./dataset/test/drawerpickstir40/001.txt, sliding_window 52-71, Predict Action: stir, Groud truth: stir
Predicted: ./dataset/test/drawerpickstir40/001.txt, sliding_window 53-72, Predict Action: stir, Groud truth: stir
Predicted: ./dataset/test/drawerpickstir40/001.txt, sliding_window 54-73, Predict Action: stir, Groud truth: stir
Predicted: ./dataset/test/drawerpickstir40/001.txt, sliding_window 55-74, Predict Action: stir, Groud truth: stir
Predicted: ./dataset/test/drawerpickstir40/001.txt, sliding_window 56-75, Predict Action: stir, Groud truth: stir
Predicted: ./dataset/test/drawerpickstir40/001.txt, sliding_window 57-76, Predict Action: stir, Groud truth: stir
Predicted: ./dataset/test/drawerpickstir40/001.txt, sliding_window 58-77, Predict Action: stir, Groud truth: stir
Predicted: ./dataset/test/drawerpickstir40/001.txt, sliding_window 59-78, Predict Action: stir, Groud truth: stir
Predicted: ./dataset/test/drawerpickstir40/001.txt, sliding_window 60-79, Predict Action: stir, Groud truth: stir
Predicted: ./dataset/test/drawerpickstir40/002.txt, sliding_window 61-80, Predict Action: drawer, Groud truth: drawer
Predicted: ./dataset/test/drawerpickstir40/002.txt, sliding_window 0-19, Predict Action: drawer, Groud truth: [0 0 0 0 0 0 0 0 0 0 0 0 0 0 0 0 0 0 0 1]
Predicted: ./dataset/test/drawerpickstir40/002.txt, sliding_window 1-20, Predict Action: drawer, Groud truth: [0 0 0 0 0 0 0 0 0 0 0 0 0 0 0 0 0 0 1 1]
Predicted: ./dataset/test/drawerpickstir40/002.txt, sliding_window 2-21, Predict Action: drawer, Groud truth: [0 0 0 0 0 0 0 0 0 0 0 0 0 0 0 0 0 1 1 1]
Predicted: ./dataset/test/drawerpickstir40/002.txt, sliding_window 3-22, Predict Action: drawer, Groud truth: [0 0 0 0 0 0 0 0 0 0 0 0 0 0 0 0 1 1 1 1]
Predicted: ./dataset/test/drawerpickstir40/002.txt, sliding_window 4-23, Predict Action: drawer, Groud truth: [0 0 0 0 0 0 0 0 0 0 0 0 0 0 0 1 1 1 1 1]
Predicted: ./dataset/test/drawerpickstir40/002.txt, sliding_window 5-24, Predict Action: drawer, Groud truth: [0 0 0 0 0 0 0 0 0 0 0 0 0 0 1 1 1 1 1 1]
Predicted: ./dataset/test/drawerpickstir40/002.txt, sliding_window 6-25, Predict Action: stir, Groud truth: [0 0 0 0 0 0 0 0 0 0 0 0 0 1 1 1 1 1 1 1]
Predicted: ./dataset/test/drawerpickstir40/002.txt, sliding_window 7-26, Predict Action: pick, Groud truth: [0 0 0 0 0 0 0 0 0 0 0 0 1 1 1 1 1 1 1 1]
Predicted: ./dataset/test/drawerpickstir40/002.txt, sliding_window 8-27, Predict Action: pick, Groud truth: [0 0 0 0 0 0 0 0 0 0 0 1 1 1 1 1 1 1 1 1]
Predicted: ./dataset/test/drawerpickstir40/002.txt, sliding_window 9-28, Predict Action: pick, Groud truth: [0 0 0 0 0 0 0 0 0 0 1 1 1 1 1 1 1 1 1 1]
Predicted: ./dataset/test/drawerpickstir40/002.txt, sliding_window 10-29, Predict Action: pick, Groud truth: [0 0 0 0 0 0 0 0 0 1 1 1 1 1 1 1 1 1 1 1]
Predicted: ./dataset/test/drawerpickstir40/002.txt, sliding_window 11-30, Predict Action: drawer, Groud truth: [0 0 0 0 0 0 0 0 1 1 1 1 1 1 1 1 1 1 1 2]
Predicted: ./dataset/test/drawerpickstir40/002.txt, sliding_window 12-31, Predict Action: drawer, Groud truth: [0 0 0 0 0 0 0 1 1 1 1 1 1 1 1 1 1 1 2 2]
Predicted: ./dataset/test/drawerpickstir40/002.txt, sliding_window 13-32, Predict Action: drawer, Groud truth: [0 0 0 0 0 0 1 1 1 1 1 1 1 1 1 1 1 2 2 2]
Predicted: ./dataset/test/drawerpickstir40/002.txt, sliding_window 14-33, Predict Action: drawer, Groud truth: [0 0 0 0 0 1 1 1 1 1 1 1 1 1 1 1 2 2 2 2]
Predicted: ./dataset/test/drawerpickstir40/002.txt, sliding_window 15-34, Predict Action: stir, Groud truth: [0 0 0 0 1 1 1 1 1 1 1 1 1 1 1 2 2 2 2 2]
Predicted: ./dataset/test/drawerpickstir40/002.txt, sliding_window 16-35, Predict Action: stir, Groud truth: [0 0 0 1 1 1 1 1 1 1 1 1 1 1 2 2 2 2 2 2]
Predicted: ./dataset/test/drawerpickstir40/002.txt, sliding_window 17-36, Predict Action: stir, Groud truth: [0 0 1 1 1 1 1 1 1 1 1 1 1 2 2 2 2 2 2 2]
Predicted: ./dataset/test/drawerpickstir40/002.txt, sliding_window 18-37, Predict Action: stir, Groud truth: [0 1 1 1 1 1 1 1 1 1 1 1 2 2 2 2 2 2 2 2]
Predicted: ./dataset/test/drawerpickstir40/002.txt, sliding_window 19-38, Predict Action: stir, Groud truth: [1 1 1 1 1 1 1 1 1 1 1 2 2 2 2 2 2 2 2 2]
Predicted: ./dataset/test/drawerpickstir40/002.txt, sliding_window 20-39, Predict Action: stir, Groud truth: [1 1 1 1 1 1 1 1 1 1 2 2 2 2 2 2 2 2 2 2]
Predicted: ./dataset/test/drawerpickstir40/002.txt, sliding_window 21-40, Predict Action: stir, Groud truth: [1 1 1 1 1 1 1 1 1 2 2 2 2 2 2 2 2 2 2 2]
Predicted: ./dataset/test/drawerpickstir40/002.txt, sliding_window 22-41, Predict Action: stir, Groud truth: [1 1 1 1 1 1 1 1 2 2 2 2 2 2 2 2 2 2 2 2]
Predicted: ./dataset/test/drawerpickstir40/002.txt, sliding_window 23-42, Predict Action: stir, Groud truth: [1 1 1 1 1 1 1 2 2 2 2 2 2 2 2 2 2 2 2 2]
Predicted: ./dataset/test/drawerpickstir40/002.txt, sliding_window 24-43, Predict Action: stir, Groud truth: [1 1 1 1 1 1 2 2 2 2 2 2 2 2 2 2 2 2 2 2]
Predicted: ./dataset/test/drawerpickstir40/002.txt, sliding_window 25-44, Predict Action: stir, Groud truth: [1 1 1 1 1 2 2 2 2 2 2 2 2 2 2 2 2 2 2 2]
Predicted: ./dataset/test/drawerpickstir40/002.txt, sliding_window 26-45, Predict Action: stir, Groud truth: [1 1 1 1 2 2 2 2 2 2 2 2 2 2 2 2 2 2 2 2]
Predicted: ./dataset/test/drawerpickstir40/002.txt, sliding_window 27-46, Predict Action: stir, Groud truth: [1 1 1 2 2 2 2 2 2 2 2 2 2 2 2 2 2 2 2 2]
Predicted: ./dataset/test/drawerpickstir40/002.txt, sliding_window 28-47, Predict Action: stir, Groud truth: [1 1 2 2 2 2 2 2 2 2 2 2 2 2 2 2 2 2 2 2]
Predicted: ./dataset/test/drawerpickstir40/002.txt, sliding_window 29-48, Predict Action: stir, Groud truth: [1 2 2 2 2 2 2 2 2 2 2 2 2 2 2 2 2 2 2 2]
Predicted: ./dataset/test/drawerpickstir40/002.txt, sliding_window 30-49, Predict Action: stir, Groud truth: stir
Predicted: ./dataset/test/drawerpickstir40/002.txt, sliding_window 31-50, Predict Action: stir, Groud truth: stir
Predicted: ./dataset/test/drawerpickstir40/002.txt, sliding_window 32-51, Predict Action: stir, Groud truth: stir
Predicted: ./dataset/test/drawerpickstir40/002.txt, sliding_window 33-52, Predict Action: stir, Groud truth: stir
Predicted: ./dataset/test/drawerpickstir40/002.txt, sliding_window 34-53, Predict Action: stir, Groud truth: stir
Predicted: ./dataset/test/drawerpickstir40/002.txt, sliding_window 35-54, Predict Action: stir, Groud truth: stir
Predicted: ./dataset/test/drawerpickstir40/002.txt, sliding_window 36-55, Predict Action: stir, Groud truth: stir
Predicted: ./dataset/test/drawerpickstir40/002.txt, sliding_window 37-56, Predict Action: stir, Groud truth: stir
Predicted: ./dataset/test/drawerpickstir40/002.txt, sliding_window 38-57, Predict Action: stir, Groud truth: stir
Predicted: ./dataset/test/drawerpickstir40/002.txt, sliding_window 39-58, Predict Action: stir, Groud truth: stir
Predicted: ./dataset/test/drawerpickstir40/002.txt, sliding_window 40-59, Predict Action: stir, Groud truth: stir
Predicted: ./dataset/test/drawerpickstir40/002.txt, sliding_window 41-60, Predict Action: stir, Groud truth: stir
Predicted: ./dataset/test/drawerpickstir40/002.txt, sliding_window 42-61, Predict Action: stir, Groud truth: stir
Predicted: ./dataset/test/drawerpickstir40/002.txt, sliding_window 43-62, Predict Action: stir, Groud truth: stir
Predicted: ./dataset/test/drawerpickstir40/002.txt, sliding_window 44-63, Predict Action: stir, Groud truth: stir
Predicted: ./dataset/test/drawerpickstir40/002.txt, sliding_window 45-64, Predict Action: stir, Groud truth: stir
Predicted: ./dataset/test/drawerpickstir40/002.txt, sliding_window 46-65, Predict Action: stir, Groud truth: stir
Predicted: ./dataset/test/drawerpickstir40/002.txt, sliding_window 47-66, Predict Action: stir, Groud truth: stir
Predicted: ./dataset/test/drawerpickstir40/002.txt, sliding_window 48-67, Predict Action: stir, Groud truth: stir
Predicted: ./dataset/test/drawerpickstir40/002.txt, sliding_window 49-68, Predict Action: stir, Groud truth: stir
Predicted: ./dataset/test/drawerpickstir40/002.txt, sliding_window 50-69, Predict Action: stir, Groud truth: stir
Predicted: ./dataset/test/drawerpickstir40/002.txt, sliding_window 51-70, Predict Action: stir, Groud truth: stir
Predicted: ./dataset/test/drawerpickstir40/002.txt, sliding_window 52-71, Predict Action: stir, Groud truth: stir
Predicted: ./dataset/test/drawerpickstir40/002.txt, sliding_window 53-72, Predict Action: stir, Groud truth: stir
Predicted: ./dataset/test/drawerpickstir40/002.txt, sliding_window 54-73, Predict Action: stir, Groud truth: stir
Predicted: ./dataset/test/drawerpickstir40/003.txt, sliding_window 55-74, Predict Action: drawer, Groud truth: drawer
Predicted: ./dataset/test/drawerpickstir40/003.txt, sliding_window 0-19, Predict Action: drawer, Groud truth: drawer
Predicted: ./dataset/test/drawerpickstir40/003.txt, sliding_window 1-20, Predict Action: drawer, Groud truth: [0 0 0 0 0 0 0 0 0 0 0 0 0 0 0 0 0 0 0 1]
Predicted: ./dataset/test/drawerpickstir40/003.txt, sliding_window 2-21, Predict Action: drawer, Groud truth: [0 0 0 0 0 0 0 0 0 0 0 0 0 0 0 0 0 0 1 1]
Predicted: ./dataset/test/drawerpickstir40/003.txt, sliding_window 3-22, Predict Action: drawer, Groud truth: [0 0 0 0 0 0 0 0 0 0 0 0 0 0 0 0 0 1 1 1]
Predicted: ./dataset/test/drawerpickstir40/003.txt, sliding_window 4-23, Predict Action: drawer, Groud truth: [0 0 0 0 0 0 0 0 0 0 0 0 0 0 0 0 1 1 1 1]
Predicted: ./dataset/test/drawerpickstir40/003.txt, sliding_window 5-24, Predict Action: drawer, Groud truth: [0 0 0 0 0 0 0 0 0 0 0 0 0 0 0 1 1 1 1 1]
Predicted: ./dataset/test/drawerpickstir40/003.txt, sliding_window 6-25, Predict Action: drawer, Groud truth: [0 0 0 0 0 0 0 0 0 0 0 0 0 0 1 1 1 1 1 1]
Predicted: ./dataset/test/drawerpickstir40/003.txt, sliding_window 7-26, Predict Action: stir, Groud truth: [0 0 0 0 0 0 0 0 0 0 0 0 0 1 1 1 1 1 1 1]
Predicted: ./dataset/test/drawerpickstir40/003.txt, sliding_window 8-27, Predict Action: stir, Groud truth: [0 0 0 0 0 0 0 0 0 0 0 0 1 1 1 1 1 1 1 1]
Predicted: ./dataset/test/drawerpickstir40/003.txt, sliding_window 9-28, Predict Action: stir, Groud truth: [0 0 0 0 0 0 0 0 0 0 0 1 1 1 1 1 1 1 1 1]
Predicted: ./dataset/test/drawerpickstir40/003.txt, sliding_window 10-29, Predict Action: stir, Groud truth: [0 0 0 0 0 0 0 0 0 0 1 1 1 1 1 1 1 1 1 1]
Predicted: ./dataset/test/drawerpickstir40/003.txt, sliding_window 11-30, Predict Action: pick, Groud truth: [0 0 0 0 0 0 0 0 0 1 1 1 1 1 1 1 1 1 1 1]
Predicted: ./dataset/test/drawerpickstir40/003.txt, sliding_window 12-31, Predict Action: pick, Groud truth: [0 0 0 0 0 0 0 0 1 1 1 1 1 1 1 1 1 1 1 1]
Predicted: ./dataset/test/drawerpickstir40/003.txt, sliding_window 13-32, Predict Action: pick, Groud truth: [0 0 0 0 0 0 0 1 1 1 1 1 1 1 1 1 1 1 1 1]
Predicted: ./dataset/test/drawerpickstir40/003.txt, sliding_window 14-33, Predict Action: pick, Groud truth: [0 0 0 0 0 0 1 1 1 1 1 1 1 1 1 1 1 1 1 2]
Predicted: ./dataset/test/drawerpickstir40/003.txt, sliding_window 15-34, Predict Action: pick, Groud truth: [0 0 0 0 0 1 1 1 1 1 1 1 1 1 1 1 1 1 2 2]
Predicted: ./dataset/test/drawerpickstir40/003.txt, sliding_window 16-35, Predict Action: drawer, Groud truth: [0 0 0 0 1 1 1 1 1 1 1 1 1 1 1 1 1 2 2 2]
Predicted: ./dataset/test/drawerpickstir40/003.txt, sliding_window 17-36, Predict Action: drawer, Groud truth: [0 0 0 1 1 1 1 1 1 1 1 1 1 1 1 1 2 2 2 2]
Predicted: ./dataset/test/drawerpickstir40/003.txt, sliding_window 18-37, Predict Action: pick, Groud truth: [0 0 1 1 1 1 1 1 1 1 1 1 1 1 1 2 2 2 2 2]
Predicted: ./dataset/test/drawerpickstir40/003.txt, sliding_window 19-38, Predict Action: stir, Groud truth: [0 1 1 1 1 1 1 1 1 1 1 1 1 1 2 2 2 2 2 2]
Predicted: ./dataset/test/drawerpickstir40/003.txt, sliding_window 20-39, Predict Action: stir, Groud truth: [1 1 1 1 1 1 1 1 1 1 1 1 1 2 2 2 2 2 2 2]
Predicted: ./dataset/test/drawerpickstir40/003.txt, sliding_window 21-40, Predict Action: stir, Groud truth: [1 1 1 1 1 1 1 1 1 1 1 1 2 2 2 2 2 2 2 2]
Predicted: ./dataset/test/drawerpickstir40/003.txt, sliding_window 22-41, Predict Action: stir, Groud truth: [1 1 1 1 1 1 1 1 1 1 1 2 2 2 2 2 2 2 2 2]
Predicted: ./dataset/test/drawerpickstir40/003.txt, sliding_window 23-42, Predict Action: stir, Groud truth: [1 1 1 1 1 1 1 1 1 1 2 2 2 2 2 2 2 2 2 2]
Predicted: ./dataset/test/drawerpickstir40/003.txt, sliding_window 24-43, Predict Action: stir, Groud truth: [1 1 1 1 1 1 1 1 1 2 2 2 2 2 2 2 2 2 2 2]
Predicted: ./dataset/test/drawerpickstir40/003.txt, sliding_window 25-44, Predict Action: stir, Groud truth: [1 1 1 1 1 1 1 1 2 2 2 2 2 2 2 2 2 2 2 2]
Predicted: ./dataset/test/drawerpickstir40/003.txt, sliding_window 26-45, Predict Action: stir, Groud truth: [1 1 1 1 1 1 1 2 2 2 2 2 2 2 2 2 2 2 2 2]
Predicted: ./dataset/test/drawerpickstir40/003.txt, sliding_window 27-46, Predict Action: stir, Groud truth: [1 1 1 1 1 1 2 2 2 2 2 2 2 2 2 2 2 2 2 2]
Predicted: ./dataset/test/drawerpickstir40/003.txt, sliding_window 28-47, Predict Action: stir, Groud truth: [1 1 1 1 1 2 2 2 2 2 2 2 2 2 2 2 2 2 2 2]
Predicted: ./dataset/test/drawerpickstir40/003.txt, sliding_window 29-48, Predict Action: stir, Groud truth: [1 1 1 1 2 2 2 2 2 2 2 2 2 2 2 2 2 2 2 2]
Predicted: ./dataset/test/drawerpickstir40/003.txt, sliding_window 30-49, Predict Action: stir, Groud truth: [1 1 1 2 2 2 2 2 2 2 2 2 2 2 2 2 2 2 2 2]
Predicted: ./dataset/test/drawerpickstir40/003.txt, sliding_window 31-50, Predict Action: stir, Groud truth: [1 1 2 2 2 2 2 2 2 2 2 2 2 2 2 2 2 2 2 2]
Predicted: ./dataset/test/drawerpickstir40/003.txt, sliding_window 32-51, Predict Action: stir, Groud truth: [1 2 2 2 2 2 2 2 2 2 2 2 2 2 2 2 2 2 2 2]
Predicted: ./dataset/test/drawerpickstir40/003.txt, sliding_window 33-52, Predict Action: stir, Groud truth: stir
Predicted: ./dataset/test/drawerpickstir40/003.txt, sliding_window 34-53, Predict Action: stir, Groud truth: stir
Predicted: ./dataset/test/drawerpickstir40/003.txt, sliding_window 35-54, Predict Action: stir, Groud truth: stir
Predicted: ./dataset/test/drawerpickstir40/003.txt, sliding_window 36-55, Predict Action: stir, Groud truth: stir
Predicted: ./dataset/test/drawerpickstir40/003.txt, sliding_window 37-56, Predict Action: stir, Groud truth: stir
Predicted: ./dataset/test/drawerpickstir40/003.txt, sliding_window 38-57, Predict Action: stir, Groud truth: stir
Predicted: ./dataset/test/drawerpickstir40/003.txt, sliding_window 39-58, Predict Action: stir, Groud truth: stir
Predicted: ./dataset/test/drawerpickstir40/003.txt, sliding_window 40-59, Predict Action: stir, Groud truth: stir
Predicted: ./dataset/test/drawerpickstir40/003.txt, sliding_window 41-60, Predict Action: stir, Groud truth: stir
Predicted: ./dataset/test/drawerpickstir40/003.txt, sliding_window 42-61, Predict Action: stir, Groud truth: stir
Predicted: ./dataset/test/drawerpickstir40/003.txt, sliding_window 43-62, Predict Action: stir, Groud truth: stir
Predicted: ./dataset/test/drawerpickstir40/003.txt, sliding_window 44-63, Predict Action: stir, Groud truth: stir
Predicted: ./dataset/test/drawerpickstir40/003.txt, sliding_window 45-64, Predict Action: stir, Groud truth: stir
Predicted: ./dataset/test/drawerpickstir40/003.txt, sliding_window 46-65, Predict Action: stir, Groud truth: stir
Predicted: ./dataset/test/drawerpickstir40/003.txt, sliding_window 47-66, Predict Action: stir, Groud truth: stir
Predicted: ./dataset/test/drawerpickstir40/003.txt, sliding_window 48-67, Predict Action: stir, Groud truth: stir
Predicted: ./dataset/test/drawerpickstir40/003.txt, sliding_window 49-68, Predict Action: stir, Groud truth: stir
Predicted: ./dataset/test/drawerpickstir40/003.txt, sliding_window 50-69, Predict Action: stir, Groud truth: stir
Predicted: ./dataset/test/drawerpickstir40/003.txt, sliding_window 51-70, Predict Action: stir, Groud truth: stir
Predicted: ./dataset/test/drawerpickstir40/003.txt, sliding_window 52-71, Predict Action: stir, Groud truth: stir
Predicted: ./dataset/test/drawerpickstir40/003.txt, sliding_window 53-72, Predict Action: stir, Groud truth: stir
Predicted: ./dataset/test/drawerpickstir40/003.txt, sliding_window 54-73, Predict Action: stir, Groud truth: stir
Predicted: ./dataset/test/drawerpickstir40/003.txt, sliding_window 55-74, Predict Action: stir, Groud truth: stir
Predicted: ./dataset/test/drawerpickstir40/003.txt, sliding_window 56-75, Predict Action: stir, Groud truth: stir
Predicted: ./dataset/test/drawerpickstir40/003.txt, sliding_window 57-76, Predict Action: stir, Groud truth: stir
Predicted: ./dataset/test/drawerpickstir40/003.txt, sliding_window 58-77, Predict Action: stir, Groud truth: stir
Predicted: ./dataset/test/drawerpickstir40/004.txt, sliding_window 59-78, Predict Action: drawer, Groud truth: drawer
Predicted: ./dataset/test/drawerpickstir40/004.txt, sliding_window 0-19, Predict Action: drawer, Groud truth: drawer
Predicted: ./dataset/test/drawerpickstir40/004.txt, sliding_window 1-20, Predict Action: drawer, Groud truth: [0 0 0 0 0 0 0 0 0 0 0 0 0 0 0 0 0 0 0 1]
Predicted: ./dataset/test/drawerpickstir40/004.txt, sliding_window 2-21, Predict Action: drawer, Groud truth: [0 0 0 0 0 0 0 0 0 0 0 0 0 0 0 0 0 0 1 1]
Predicted: ./dataset/test/drawerpickstir40/004.txt, sliding_window 3-22, Predict Action: drawer, Groud truth: [0 0 0 0 0 0 0 0 0 0 0 0 0 0 0 0 0 1 1 1]
Predicted: ./dataset/test/drawerpickstir40/004.txt, sliding_window 4-23, Predict Action: drawer, Groud truth: [0 0 0 0 0 0 0 0 0 0 0 0 0 0 0 0 1 1 1 1]
Predicted: ./dataset/test/drawerpickstir40/004.txt, sliding_window 5-24, Predict Action: drawer, Groud truth: [0 0 0 0 0 0 0 0 0 0 0 0 0 0 0 1 1 1 1 1]
Predicted: ./dataset/test/drawerpickstir40/004.txt, sliding_window 6-25, Predict Action: drawer, Groud truth: [0 0 0 0 0 0 0 0 0 0 0 0 0 0 1 1 1 1 1 1]
Predicted: ./dataset/test/drawerpickstir40/004.txt, sliding_window 7-26, Predict Action: drawer, Groud truth: [0 0 0 0 0 0 0 0 0 0 0 0 0 1 1 1 1 1 1 1]
Predicted: ./dataset/test/drawerpickstir40/004.txt, sliding_window 8-27, Predict Action: pick, Groud truth: [0 0 0 0 0 0 0 0 0 0 0 0 1 1 1 1 1 1 1 1]
Predicted: ./dataset/test/drawerpickstir40/004.txt, sliding_window 9-28, Predict Action: pick, Groud truth: [0 0 0 0 0 0 0 0 0 0 0 1 1 1 1 1 1 1 1 1]
Predicted: ./dataset/test/drawerpickstir40/004.txt, sliding_window 10-29, Predict Action: drawer, Groud truth: [0 0 0 0 0 0 0 0 0 0 1 1 1 1 1 1 1 1 1 1]
Predicted: ./dataset/test/drawerpickstir40/004.txt, sliding_window 11-30, Predict Action: drawer, Groud truth: [0 0 0 0 0 0 0 0 0 1 1 1 1 1 1 1 1 1 1 2]
Predicted: ./dataset/test/drawerpickstir40/004.txt, sliding_window 12-31, Predict Action: drawer, Groud truth: [0 0 0 0 0 0 0 0 1 1 1 1 1 1 1 1 1 1 2 2]
Predicted: ./dataset/test/drawerpickstir40/004.txt, sliding_window 13-32, Predict Action: drawer, Groud truth: [0 0 0 0 0 0 0 1 1 1 1 1 1 1 1 1 1 2 2 2]
Predicted: ./dataset/test/drawerpickstir40/004.txt, sliding_window 14-33, Predict Action: drawer, Groud truth: [0 0 0 0 0 0 1 1 1 1 1 1 1 1 1 1 2 2 2 2]
Predicted: ./dataset/test/drawerpickstir40/004.txt, sliding_window 15-34, Predict Action: drawer, Groud truth: [0 0 0 0 0 1 1 1 1 1 1 1 1 1 1 2 2 2 2 2]
Predicted: ./dataset/test/drawerpickstir40/004.txt, sliding_window 16-35, Predict Action: stir, Groud truth: [0 0 0 0 1 1 1 1 1 1 1 1 1 1 2 2 2 2 2 2]
Predicted: ./dataset/test/drawerpickstir40/004.txt, sliding_window 17-36, Predict Action: stir, Groud truth: [0 0 0 1 1 1 1 1 1 1 1 1 1 2 2 2 2 2 2 2]
Predicted: ./dataset/test/drawerpickstir40/004.txt, sliding_window 18-37, Predict Action: stir, Groud truth: [0 0 1 1 1 1 1 1 1 1 1 1 2 2 2 2 2 2 2 2]
Predicted: ./dataset/test/drawerpickstir40/004.txt, sliding_window 19-38, Predict Action: stir, Groud truth: [0 1 1 1 1 1 1 1 1 1 1 2 2 2 2 2 2 2 2 2]
Predicted: ./dataset/test/drawerpickstir40/004.txt, sliding_window 20-39, Predict Action: stir, Groud truth: [1 1 1 1 1 1 1 1 1 1 2 2 2 2 2 2 2 2 2 2]
Predicted: ./dataset/test/drawerpickstir40/004.txt, sliding_window 21-40, Predict Action: stir, Groud truth: [1 1 1 1 1 1 1 1 1 2 2 2 2 2 2 2 2 2 2 2]
Predicted: ./dataset/test/drawerpickstir40/004.txt, sliding_window 22-41, Predict Action: stir, Groud truth: [1 1 1 1 1 1 1 1 2 2 2 2 2 2 2 2 2 2 2 2]
Predicted: ./dataset/test/drawerpickstir40/004.txt, sliding_window 23-42, Predict Action: stir, Groud truth: [1 1 1 1 1 1 1 2 2 2 2 2 2 2 2 2 2 2 2 2]
Predicted: ./dataset/test/drawerpickstir40/004.txt, sliding_window 24-43, Predict Action: stir, Groud truth: [1 1 1 1 1 1 2 2 2 2 2 2 2 2 2 2 2 2 2 2]
Predicted: ./dataset/test/drawerpickstir40/004.txt, sliding_window 25-44, Predict Action: stir, Groud truth: [1 1 1 1 1 2 2 2 2 2 2 2 2 2 2 2 2 2 2 2]
Predicted: ./dataset/test/drawerpickstir40/004.txt, sliding_window 26-45, Predict Action: stir, Groud truth: [1 1 1 1 2 2 2 2 2 2 2 2 2 2 2 2 2 2 2 2]
Predicted: ./dataset/test/drawerpickstir40/004.txt, sliding_window 27-46, Predict Action: stir, Groud truth: [1 1 1 2 2 2 2 2 2 2 2 2 2 2 2 2 2 2 2 2]
Predicted: ./dataset/test/drawerpickstir40/004.txt, sliding_window 28-47, Predict Action: stir, Groud truth: [1 1 2 2 2 2 2 2 2 2 2 2 2 2 2 2 2 2 2 2]
Predicted: ./dataset/test/drawerpickstir40/004.txt, sliding_window 29-48, Predict Action: stir, Groud truth: [1 2 2 2 2 2 2 2 2 2 2 2 2 2 2 2 2 2 2 2]
Predicted: ./dataset/test/drawerpickstir40/004.txt, sliding_window 30-49, Predict Action: stir, Groud truth: stir
Predicted: ./dataset/test/drawerpickstir40/004.txt, sliding_window 31-50, Predict Action: stir, Groud truth: stir
Predicted: ./dataset/test/drawerpickstir40/004.txt, sliding_window 32-51, Predict Action: stir, Groud truth: stir
Predicted: ./dataset/test/drawerpickstir40/004.txt, sliding_window 33-52, Predict Action: stir, Groud truth: stir
Predicted: ./dataset/test/drawerpickstir40/004.txt, sliding_window 34-53, Predict Action: stir, Groud truth: stir
Predicted: ./dataset/test/drawerpickstir40/004.txt, sliding_window 35-54, Predict Action: stir, Groud truth: stir
Predicted: ./dataset/test/drawerpickstir40/004.txt, sliding_window 36-55, Predict Action: stir, Groud truth: stir
Predicted: ./dataset/test/drawerpickstir40/004.txt, sliding_window 37-56, Predict Action: stir, Groud truth: stir
Predicted: ./dataset/test/drawerpickstir40/004.txt, sliding_window 38-57, Predict Action: stir, Groud truth: stir
Predicted: ./dataset/test/drawerpickstir40/004.txt, sliding_window 39-58, Predict Action: stir, Groud truth: stir
Predicted: ./dataset/test/drawerpickstir40/004.txt, sliding_window 40-59, Predict Action: stir, Groud truth: stir
Predicted: ./dataset/test/drawerpickstir40/004.txt, sliding_window 41-60, Predict Action: stir, Groud truth: stir
Predicted: ./dataset/test/drawerpickstir40/004.txt, sliding_window 42-61, Predict Action: stir, Groud truth: stir
Predicted: ./dataset/test/drawerpickstir40/004.txt, sliding_window 43-62, Predict Action: stir, Groud truth: stir
Predicted: ./dataset/test/drawerpickstir40/004.txt, sliding_window 44-63, Predict Action: stir, Groud truth: stir
Predicted: ./dataset/test/drawerpickstir40/004.txt, sliding_window 45-64, Predict Action: stir, Groud truth: stir
Predicted: ./dataset/test/drawerpickstir40/004.txt, sliding_window 46-65, Predict Action: stir, Groud truth: stir
Predicted: ./dataset/test/drawerpickstir40/004.txt, sliding_window 47-66, Predict Action: stir, Groud truth: stir
Predicted: ./dataset/test/drawerpickstir40/004.txt, sliding_window 48-67, Predict Action: stir, Groud truth: stir
Predicted: ./dataset/test/drawerpickstir40/004.txt, sliding_window 49-68, Predict Action: stir, Groud truth: stir
Predicted: ./dataset/test/drawerpickstir40/004.txt, sliding_window 50-69, Predict Action: stir, Groud truth: stir
Predicted: ./dataset/test/drawerpickstir40/004.txt, sliding_window 51-70, Predict Action: stir, Groud truth: stir
Predicted: ./dataset/test/drawerpickstir40/004.txt, sliding_window 52-71, Predict Action: stir, Groud truth: stir
Predicted: ./dataset/test/drawerpickstir40/004.txt, sliding_window 53-72, Predict Action: stir, Groud truth: stir
Predicted: ./dataset/test/drawerpickstir40/004.txt, sliding_window 54-73, Predict Action: stir, Groud truth: stir
Predicted: ./dataset/test/drawerpickstir40/004.txt, sliding_window 55-74, Predict Action: stir, Groud truth: stir
Predicted: ./dataset/test/drawerpickstir40/004.txt, sliding_window 56-75, Predict Action: stir, Groud truth: stir
Predicted: ./dataset/test/drawerpickstir40/004.txt, sliding_window 57-76, Predict Action: stir, Groud truth: stir
Predicted: ./dataset/test/drawerpickstir40/004.txt, sliding_window 58-77, Predict Action: stir, Groud truth: stir
Predicted: ./dataset/test/drawerpickstir40/004.txt, sliding_window 59-78, Predict Action: stir, Groud truth: stir
Predicted: ./dataset/test/drawerpickstir40/004.txt, sliding_window 60-79, Predict Action: stir, Groud truth: stir
Predicted: ./dataset/test/drawerpickstir40/004.txt, sliding_window 61-80, Predict Action: stir, Groud truth: stir
Predicted: ./dataset/test/drawerpickstir40/005.txt, sliding_window 62-81, Predict Action: drawer, Groud truth: drawer
Predicted: ./dataset/test/drawerpickstir40/005.txt, sliding_window 0-19, Predict Action: drawer, Groud truth: drawer
Predicted: ./dataset/test/drawerpickstir40/005.txt, sliding_window 1-20, Predict Action: drawer, Groud truth: [0 0 0 0 0 0 0 0 0 0 0 0 0 0 0 0 0 0 0 1]
Predicted: ./dataset/test/drawerpickstir40/005.txt, sliding_window 2-21, Predict Action: drawer, Groud truth: [0 0 0 0 0 0 0 0 0 0 0 0 0 0 0 0 0 0 1 1]
Predicted: ./dataset/test/drawerpickstir40/005.txt, sliding_window 3-22, Predict Action: drawer, Groud truth: [0 0 0 0 0 0 0 0 0 0 0 0 0 0 0 0 0 1 1 1]
Predicted: ./dataset/test/drawerpickstir40/005.txt, sliding_window 4-23, Predict Action: drawer, Groud truth: [0 0 0 0 0 0 0 0 0 0 0 0 0 0 0 0 1 1 1 1]
Predicted: ./dataset/test/drawerpickstir40/005.txt, sliding_window 5-24, Predict Action: drawer, Groud truth: [0 0 0 0 0 0 0 0 0 0 0 0 0 0 0 1 1 1 1 1]
Predicted: ./dataset/test/drawerpickstir40/005.txt, sliding_window 6-25, Predict Action: drawer, Groud truth: [0 0 0 0 0 0 0 0 0 0 0 0 0 0 1 1 1 1 1 1]
Predicted: ./dataset/test/drawerpickstir40/005.txt, sliding_window 7-26, Predict Action: drawer, Groud truth: [0 0 0 0 0 0 0 0 0 0 0 0 0 1 1 1 1 1 1 1]
Predicted: ./dataset/test/drawerpickstir40/005.txt, sliding_window 8-27, Predict Action: pick, Groud truth: [0 0 0 0 0 0 0 0 0 0 0 0 1 1 1 1 1 1 1 1]
Predicted: ./dataset/test/drawerpickstir40/005.txt, sliding_window 9-28, Predict Action: pick, Groud truth: [0 0 0 0 0 0 0 0 0 0 0 1 1 1 1 1 1 1 1 1]
Predicted: ./dataset/test/drawerpickstir40/005.txt, sliding_window 10-29, Predict Action: drawer, Groud truth: [0 0 0 0 0 0 0 0 0 0 1 1 1 1 1 1 1 1 1 1]
Predicted: ./dataset/test/drawerpickstir40/005.txt, sliding_window 11-30, Predict Action: drawer, Groud truth: [0 0 0 0 0 0 0 0 0 1 1 1 1 1 1 1 1 1 1 2]
Predicted: ./dataset/test/drawerpickstir40/005.txt, sliding_window 12-31, Predict Action: drawer, Groud truth: [0 0 0 0 0 0 0 0 1 1 1 1 1 1 1 1 1 1 2 2]
Predicted: ./dataset/test/drawerpickstir40/005.txt, sliding_window 13-32, Predict Action: drawer, Groud truth: [0 0 0 0 0 0 0 1 1 1 1 1 1 1 1 1 1 2 2 2]
Predicted: ./dataset/test/drawerpickstir40/005.txt, sliding_window 14-33, Predict Action: drawer, Groud truth: [0 0 0 0 0 0 1 1 1 1 1 1 1 1 1 1 2 2 2 2]
Predicted: ./dataset/test/drawerpickstir40/005.txt, sliding_window 15-34, Predict Action: drawer, Groud truth: [0 0 0 0 0 1 1 1 1 1 1 1 1 1 1 2 2 2 2 2]
Predicted: ./dataset/test/drawerpickstir40/005.txt, sliding_window 16-35, Predict Action: stir, Groud truth: [0 0 0 0 1 1 1 1 1 1 1 1 1 1 2 2 2 2 2 2]
Predicted: ./dataset/test/drawerpickstir40/005.txt, sliding_window 17-36, Predict Action: stir, Groud truth: [0 0 0 1 1 1 1 1 1 1 1 1 1 2 2 2 2 2 2 2]
Predicted: ./dataset/test/drawerpickstir40/005.txt, sliding_window 18-37, Predict Action: stir, Groud truth: [0 0 1 1 1 1 1 1 1 1 1 1 2 2 2 2 2 2 2 2]
Predicted: ./dataset/test/drawerpickstir40/005.txt, sliding_window 19-38, Predict Action: stir, Groud truth: [0 1 1 1 1 1 1 1 1 1 1 2 2 2 2 2 2 2 2 2]
Predicted: ./dataset/test/drawerpickstir40/005.txt, sliding_window 20-39, Predict Action: stir, Groud truth: [1 1 1 1 1 1 1 1 1 1 2 2 2 2 2 2 2 2 2 2]
Predicted: ./dataset/test/drawerpickstir40/005.txt, sliding_window 21-40, Predict Action: stir, Groud truth: [1 1 1 1 1 1 1 1 1 2 2 2 2 2 2 2 2 2 2 2]
Predicted: ./dataset/test/drawerpickstir40/005.txt, sliding_window 22-41, Predict Action: stir, Groud truth: [1 1 1 1 1 1 1 1 2 2 2 2 2 2 2 2 2 2 2 2]
Predicted: ./dataset/test/drawerpickstir40/005.txt, sliding_window 23-42, Predict Action: stir, Groud truth: [1 1 1 1 1 1 1 2 2 2 2 2 2 2 2 2 2 2 2 2]
Predicted: ./dataset/test/drawerpickstir40/005.txt, sliding_window 24-43, Predict Action: stir, Groud truth: [1 1 1 1 1 1 2 2 2 2 2 2 2 2 2 2 2 2 2 2]
Predicted: ./dataset/test/drawerpickstir40/005.txt, sliding_window 25-44, Predict Action: stir, Groud truth: [1 1 1 1 1 2 2 2 2 2 2 2 2 2 2 2 2 2 2 2]
Predicted: ./dataset/test/drawerpickstir40/005.txt, sliding_window 26-45, Predict Action: stir, Groud truth: [1 1 1 1 2 2 2 2 2 2 2 2 2 2 2 2 2 2 2 2]
Predicted: ./dataset/test/drawerpickstir40/005.txt, sliding_window 27-46, Predict Action: stir, Groud truth: [1 1 1 2 2 2 2 2 2 2 2 2 2 2 2 2 2 2 2 2]
Predicted: ./dataset/test/drawerpickstir40/005.txt, sliding_window 28-47, Predict Action: stir, Groud truth: [1 1 2 2 2 2 2 2 2 2 2 2 2 2 2 2 2 2 2 2]
Predicted: ./dataset/test/drawerpickstir40/005.txt, sliding_window 29-48, Predict Action: stir, Groud truth: [1 2 2 2 2 2 2 2 2 2 2 2 2 2 2 2 2 2 2 2]
Predicted: ./dataset/test/drawerpickstir40/005.txt, sliding_window 30-49, Predict Action: stir, Groud truth: stir
Predicted: ./dataset/test/drawerpickstir40/005.txt, sliding_window 31-50, Predict Action: stir, Groud truth: stir
Predicted: ./dataset/test/drawerpickstir40/005.txt, sliding_window 32-51, Predict Action: stir, Groud truth: stir
Predicted: ./dataset/test/drawerpickstir40/005.txt, sliding_window 33-52, Predict Action: stir, Groud truth: stir
Predicted: ./dataset/test/drawerpickstir40/005.txt, sliding_window 34-53, Predict Action: stir, Groud truth: stir
Predicted: ./dataset/test/drawerpickstir40/005.txt, sliding_window 35-54, Predict Action: stir, Groud truth: stir
Predicted: ./dataset/test/drawerpickstir40/005.txt, sliding_window 36-55, Predict Action: stir, Groud truth: stir
Predicted: ./dataset/test/drawerpickstir40/005.txt, sliding_window 37-56, Predict Action: stir, Groud truth: stir
Predicted: ./dataset/test/drawerpickstir40/005.txt, sliding_window 38-57, Predict Action: stir, Groud truth: stir
Predicted: ./dataset/test/drawerpickstir40/005.txt, sliding_window 39-58, Predict Action: stir, Groud truth: stir
Predicted: ./dataset/test/drawerpickstir40/005.txt, sliding_window 40-59, Predict Action: stir, Groud truth: stir
Predicted: ./dataset/test/drawerpickstir40/005.txt, sliding_window 41-60, Predict Action: stir, Groud truth: stir
Predicted: ./dataset/test/drawerpickstir40/005.txt, sliding_window 42-61, Predict Action: stir, Groud truth: stir
Predicted: ./dataset/test/drawerpickstir40/005.txt, sliding_window 43-62, Predict Action: stir, Groud truth: stir
Predicted: ./dataset/test/drawerpickstir40/005.txt, sliding_window 44-63, Predict Action: stir, Groud truth: stir
Predicted: ./dataset/test/drawerpickstir40/005.txt, sliding_window 45-64, Predict Action: stir, Groud truth: stir
Predicted: ./dataset/test/drawerpickstir40/005.txt, sliding_window 46-65, Predict Action: stir, Groud truth: stir
Predicted: ./dataset/test/drawerpickstir40/005.txt, sliding_window 47-66, Predict Action: stir, Groud truth: stir
Predicted: ./dataset/test/drawerpickstir40/005.txt, sliding_window 48-67, Predict Action: stir, Groud truth: stir
Predicted: ./dataset/test/drawerpickstir40/005.txt, sliding_window 49-68, Predict Action: stir, Groud truth: stir
Predicted: ./dataset/test/drawerpickstir40/005.txt, sliding_window 50-69, Predict Action: stir, Groud truth: stir
Predicted: ./dataset/test/drawerpickstir40/005.txt, sliding_window 51-70, Predict Action: stir, Groud truth: stir
Predicted: ./dataset/test/drawerpickstir40/005.txt, sliding_window 52-71, Predict Action: stir, Groud truth: stir
Predicted: ./dataset/test/drawerpickstir40/005.txt, sliding_window 53-72, Predict Action: stir, Groud truth: stir
Predicted: ./dataset/test/drawerpickstir40/005.txt, sliding_window 54-73, Predict Action: stir, Groud truth: stir
Predicted: ./dataset/test/drawerpickstir40/005.txt, sliding_window 55-74, Predict Action: stir, Groud truth: stir
Predicted: ./dataset/test/drawerpickstir40/005.txt, sliding_window 56-75, Predict Action: stir, Groud truth: stir
Predicted: ./dataset/test/drawerpickstir40/005.txt, sliding_window 57-76, Predict Action: stir, Groud truth: stir
Predicted: ./dataset/test/drawerpickstir40/005.txt, sliding_window 58-77, Predict Action: stir, Groud truth: stir
Predicted: ./dataset/test/drawerpickstir40/005.txt, sliding_window 59-78, Predict Action: stir, Groud truth: stir
Predicted: ./dataset/test/drawerpickstir40/006.txt, sliding_window 60-79, Predict Action: drawer, Groud truth: drawer
Predicted: ./dataset/test/drawerpickstir40/006.txt, sliding_window 0-19, Predict Action: drawer, Groud truth: drawer
Predicted: ./dataset/test/drawerpickstir40/006.txt, sliding_window 1-20, Predict Action: drawer, Groud truth: [0 0 0 0 0 0 0 0 0 0 0 0 0 0 0 0 0 0 0 1]
Predicted: ./dataset/test/drawerpickstir40/006.txt, sliding_window 2-21, Predict Action: drawer, Groud truth: [0 0 0 0 0 0 0 0 0 0 0 0 0 0 0 0 0 0 1 1]
Predicted: ./dataset/test/drawerpickstir40/006.txt, sliding_window 3-22, Predict Action: drawer, Groud truth: [0 0 0 0 0 0 0 0 0 0 0 0 0 0 0 0 0 1 1 1]
Predicted: ./dataset/test/drawerpickstir40/006.txt, sliding_window 4-23, Predict Action: drawer, Groud truth: [0 0 0 0 0 0 0 0 0 0 0 0 0 0 0 0 1 1 1 1]
Predicted: ./dataset/test/drawerpickstir40/006.txt, sliding_window 5-24, Predict Action: drawer, Groud truth: [0 0 0 0 0 0 0 0 0 0 0 0 0 0 0 1 1 1 1 1]
Predicted: ./dataset/test/drawerpickstir40/006.txt, sliding_window 6-25, Predict Action: drawer, Groud truth: [0 0 0 0 0 0 0 0 0 0 0 0 0 0 1 1 1 1 1 1]
Predicted: ./dataset/test/drawerpickstir40/006.txt, sliding_window 7-26, Predict Action: drawer, Groud truth: [0 0 0 0 0 0 0 0 0 0 0 0 0 1 1 1 1 1 1 1]
Predicted: ./dataset/test/drawerpickstir40/006.txt, sliding_window 8-27, Predict Action: drawer, Groud truth: [0 0 0 0 0 0 0 0 0 0 0 0 1 1 1 1 1 1 1 1]
Predicted: ./dataset/test/drawerpickstir40/006.txt, sliding_window 9-28, Predict Action: drawer, Groud truth: [0 0 0 0 0 0 0 0 0 0 0 1 1 1 1 1 1 1 1 2]
Predicted: ./dataset/test/drawerpickstir40/006.txt, sliding_window 10-29, Predict Action: drawer, Groud truth: [0 0 0 0 0 0 0 0 0 0 1 1 1 1 1 1 1 1 2 2]
Predicted: ./dataset/test/drawerpickstir40/006.txt, sliding_window 11-30, Predict Action: drawer, Groud truth: [0 0 0 0 0 0 0 0 0 1 1 1 1 1 1 1 1 2 2 2]
Predicted: ./dataset/test/drawerpickstir40/006.txt, sliding_window 12-31, Predict Action: drawer, Groud truth: [0 0 0 0 0 0 0 0 1 1 1 1 1 1 1 1 2 2 2 2]
Predicted: ./dataset/test/drawerpickstir40/006.txt, sliding_window 13-32, Predict Action: drawer, Groud truth: [0 0 0 0 0 0 0 1 1 1 1 1 1 1 1 2 2 2 2 2]
Predicted: ./dataset/test/drawerpickstir40/006.txt, sliding_window 14-33, Predict Action: stir, Groud truth: [0 0 0 0 0 0 1 1 1 1 1 1 1 1 2 2 2 2 2 2]
Predicted: ./dataset/test/drawerpickstir40/006.txt, sliding_window 15-34, Predict Action: stir, Groud truth: [0 0 0 0 0 1 1 1 1 1 1 1 1 2 2 2 2 2 2 2]
Predicted: ./dataset/test/drawerpickstir40/006.txt, sliding_window 16-35, Predict Action: stir, Groud truth: [0 0 0 0 1 1 1 1 1 1 1 1 2 2 2 2 2 2 2 2]
Predicted: ./dataset/test/drawerpickstir40/006.txt, sliding_window 17-36, Predict Action: stir, Groud truth: [0 0 0 1 1 1 1 1 1 1 1 2 2 2 2 2 2 2 2 2]
Predicted: ./dataset/test/drawerpickstir40/006.txt, sliding_window 18-37, Predict Action: stir, Groud truth: [0 0 1 1 1 1 1 1 1 1 2 2 2 2 2 2 2 2 2 2]
Predicted: ./dataset/test/drawerpickstir40/006.txt, sliding_window 19-38, Predict Action: stir, Groud truth: [0 1 1 1 1 1 1 1 1 2 2 2 2 2 2 2 2 2 2 2]
Predicted: ./dataset/test/drawerpickstir40/006.txt, sliding_window 20-39, Predict Action: stir, Groud truth: [1 1 1 1 1 1 1 1 2 2 2 2 2 2 2 2 2 2 2 2]
Predicted: ./dataset/test/drawerpickstir40/006.txt, sliding_window 21-40, Predict Action: stir, Groud truth: [1 1 1 1 1 1 1 2 2 2 2 2 2 2 2 2 2 2 2 2]
Predicted: ./dataset/test/drawerpickstir40/006.txt, sliding_window 22-41, Predict Action: stir, Groud truth: [1 1 1 1 1 1 2 2 2 2 2 2 2 2 2 2 2 2 2 2]
Predicted: ./dataset/test/drawerpickstir40/006.txt, sliding_window 23-42, Predict Action: stir, Groud truth: [1 1 1 1 1 2 2 2 2 2 2 2 2 2 2 2 2 2 2 2]
Predicted: ./dataset/test/drawerpickstir40/006.txt, sliding_window 24-43, Predict Action: stir, Groud truth: [1 1 1 1 2 2 2 2 2 2 2 2 2 2 2 2 2 2 2 2]
Predicted: ./dataset/test/drawerpickstir40/006.txt, sliding_window 25-44, Predict Action: stir, Groud truth: [1 1 1 2 2 2 2 2 2 2 2 2 2 2 2 2 2 2 2 2]
Predicted: ./dataset/test/drawerpickstir40/006.txt, sliding_window 26-45, Predict Action: stir, Groud truth: [1 1 2 2 2 2 2 2 2 2 2 2 2 2 2 2 2 2 2 2]
Predicted: ./dataset/test/drawerpickstir40/006.txt, sliding_window 27-46, Predict Action: stir, Groud truth: [1 2 2 2 2 2 2 2 2 2 2 2 2 2 2 2 2 2 2 2]
Predicted: ./dataset/test/drawerpickstir40/006.txt, sliding_window 28-47, Predict Action: stir, Groud truth: stir
Predicted: ./dataset/test/drawerpickstir40/006.txt, sliding_window 29-48, Predict Action: stir, Groud truth: stir
Predicted: ./dataset/test/drawerpickstir40/006.txt, sliding_window 30-49, Predict Action: stir, Groud truth: stir
Predicted: ./dataset/test/drawerpickstir40/006.txt, sliding_window 31-50, Predict Action: stir, Groud truth: stir
Predicted: ./dataset/test/drawerpickstir40/006.txt, sliding_window 32-51, Predict Action: stir, Groud truth: stir
Predicted: ./dataset/test/drawerpickstir40/006.txt, sliding_window 33-52, Predict Action: stir, Groud truth: stir
Predicted: ./dataset/test/drawerpickstir40/006.txt, sliding_window 34-53, Predict Action: stir, Groud truth: stir
Predicted: ./dataset/test/drawerpickstir40/006.txt, sliding_window 35-54, Predict Action: stir, Groud truth: stir
Predicted: ./dataset/test/drawerpickstir40/006.txt, sliding_window 36-55, Predict Action: stir, Groud truth: stir
Predicted: ./dataset/test/drawerpickstir40/006.txt, sliding_window 37-56, Predict Action: stir, Groud truth: stir
Predicted: ./dataset/test/drawerpickstir40/006.txt, sliding_window 38-57, Predict Action: stir, Groud truth: stir
Predicted: ./dataset/test/drawerpickstir40/006.txt, sliding_window 39-58, Predict Action: stir, Groud truth: stir
Predicted: ./dataset/test/drawerpickstir40/006.txt, sliding_window 40-59, Predict Action: stir, Groud truth: stir
Predicted: ./dataset/test/drawerpickstir40/006.txt, sliding_window 41-60, Predict Action: stir, Groud truth: stir
Predicted: ./dataset/test/drawerpickstir40/006.txt, sliding_window 42-61, Predict Action: stir, Groud truth: stir
Predicted: ./dataset/test/drawerpickstir40/006.txt, sliding_window 43-62, Predict Action: stir, Groud truth: stir
Predicted: ./dataset/test/drawerpickstir40/006.txt, sliding_window 44-63, Predict Action: stir, Groud truth: stir
Predicted: ./dataset/test/drawerpickstir40/006.txt, sliding_window 45-64, Predict Action: stir, Groud truth: stir
Predicted: ./dataset/test/drawerpickstir40/006.txt, sliding_window 46-65, Predict Action: stir, Groud truth: stir
Predicted: ./dataset/test/drawerpickstir40/006.txt, sliding_window 47-66, Predict Action: stir, Groud truth: stir
Predicted: ./dataset/test/drawerpickstir40/006.txt, sliding_window 48-67, Predict Action: stir, Groud truth: stir
Predicted: ./dataset/test/drawerpickstir40/006.txt, sliding_window 49-68, Predict Action: stir, Groud truth: stir
Predicted: ./dataset/test/drawerpickstir40/006.txt, sliding_window 50-69, Predict Action: stir, Groud truth: stir
Predicted: ./dataset/test/drawerpickstir40/006.txt, sliding_window 51-70, Predict Action: stir, Groud truth: stir
Predicted: ./dataset/test/drawerpickstir40/006.txt, sliding_window 52-71, Predict Action: stir, Groud truth: stir
Predicted: ./dataset/test/drawerpickstir40/006.txt, sliding_window 53-72, Predict Action: stir, Groud truth: stir
Predicted: ./dataset/test/drawerpickstir40/006.txt, sliding_window 54-73, Predict Action: stir, Groud truth: stir
Predicted: ./dataset/test/drawerpickstir40/006.txt, sliding_window 55-74, Predict Action: stir, Groud truth: stir
Predicted: ./dataset/test/drawerpickstir40/006.txt, sliding_window 56-75, Predict Action: stir, Groud truth: stir
Predicted: ./dataset/test/drawerpickstir40/006.txt, sliding_window 57-76, Predict Action: stir, Groud truth: stir
Predicted: ./dataset/test/drawerpickstir40/006.txt, sliding_window 58-77, Predict Action: stir, Groud truth: stir
Predicted: ./dataset/test/drawerpickstir40/006.txt, sliding_window 59-78, Predict Action: stir, Groud truth: stir
Predicted: ./dataset/test/drawerpickstir40/006.txt, sliding_window 60-79, Predict Action: stir, Groud truth: stir
Predicted: ./dataset/test/drawerpickstir40/006.txt, sliding_window 61-80, Predict Action: stir, Groud truth: stir
Predicted: ./dataset/test/drawerpickstir40/007.txt, sliding_window 62-81, Predict Action: drawer, Groud truth: drawer
Predicted: ./dataset/test/drawerpickstir40/007.txt, sliding_window 0-19, Predict Action: drawer, Groud truth: drawer
Predicted: ./dataset/test/drawerpickstir40/007.txt, sliding_window 1-20, Predict Action: drawer, Groud truth: [0 0 0 0 0 0 0 0 0 0 0 0 0 0 0 0 0 0 0 1]
Predicted: ./dataset/test/drawerpickstir40/007.txt, sliding_window 2-21, Predict Action: drawer, Groud truth: [0 0 0 0 0 0 0 0 0 0 0 0 0 0 0 0 0 0 1 1]
Predicted: ./dataset/test/drawerpickstir40/007.txt, sliding_window 3-22, Predict Action: drawer, Groud truth: [0 0 0 0 0 0 0 0 0 0 0 0 0 0 0 0 0 1 1 1]
Predicted: ./dataset/test/drawerpickstir40/007.txt, sliding_window 4-23, Predict Action: drawer, Groud truth: [0 0 0 0 0 0 0 0 0 0 0 0 0 0 0 0 1 1 1 1]
Predicted: ./dataset/test/drawerpickstir40/007.txt, sliding_window 5-24, Predict Action: drawer, Groud truth: [0 0 0 0 0 0 0 0 0 0 0 0 0 0 0 1 1 1 1 1]
Predicted: ./dataset/test/drawerpickstir40/007.txt, sliding_window 6-25, Predict Action: drawer, Groud truth: [0 0 0 0 0 0 0 0 0 0 0 0 0 0 1 1 1 1 1 1]
Predicted: ./dataset/test/drawerpickstir40/007.txt, sliding_window 7-26, Predict Action: drawer, Groud truth: [0 0 0 0 0 0 0 0 0 0 0 0 0 1 1 1 1 1 1 1]
Predicted: ./dataset/test/drawerpickstir40/007.txt, sliding_window 8-27, Predict Action: pick, Groud truth: [0 0 0 0 0 0 0 0 0 0 0 0 1 1 1 1 1 1 1 1]
Predicted: ./dataset/test/drawerpickstir40/007.txt, sliding_window 9-28, Predict Action: drawer, Groud truth: [0 0 0 0 0 0 0 0 0 0 0 1 1 1 1 1 1 1 1 1]
Predicted: ./dataset/test/drawerpickstir40/007.txt, sliding_window 10-29, Predict Action: drawer, Groud truth: [0 0 0 0 0 0 0 0 0 0 1 1 1 1 1 1 1 1 1 1]
Predicted: ./dataset/test/drawerpickstir40/007.txt, sliding_window 11-30, Predict Action: drawer, Groud truth: [0 0 0 0 0 0 0 0 0 1 1 1 1 1 1 1 1 1 1 2]
Predicted: ./dataset/test/drawerpickstir40/007.txt, sliding_window 12-31, Predict Action: drawer, Groud truth: [0 0 0 0 0 0 0 0 1 1 1 1 1 1 1 1 1 1 2 2]
Predicted: ./dataset/test/drawerpickstir40/007.txt, sliding_window 13-32, Predict Action: drawer, Groud truth: [0 0 0 0 0 0 0 1 1 1 1 1 1 1 1 1 1 2 2 2]
Predicted: ./dataset/test/drawerpickstir40/007.txt, sliding_window 14-33, Predict Action: drawer, Groud truth: [0 0 0 0 0 0 1 1 1 1 1 1 1 1 1 1 2 2 2 2]
Predicted: ./dataset/test/drawerpickstir40/007.txt, sliding_window 15-34, Predict Action: drawer, Groud truth: [0 0 0 0 0 1 1 1 1 1 1 1 1 1 1 2 2 2 2 2]
Predicted: ./dataset/test/drawerpickstir40/007.txt, sliding_window 16-35, Predict Action: drawer, Groud truth: [0 0 0 0 1 1 1 1 1 1 1 1 1 1 2 2 2 2 2 2]
Predicted: ./dataset/test/drawerpickstir40/007.txt, sliding_window 17-36, Predict Action: stir, Groud truth: [0 0 0 1 1 1 1 1 1 1 1 1 1 2 2 2 2 2 2 2]
Predicted: ./dataset/test/drawerpickstir40/007.txt, sliding_window 18-37, Predict Action: stir, Groud truth: [0 0 1 1 1 1 1 1 1 1 1 1 2 2 2 2 2 2 2 2]
Predicted: ./dataset/test/drawerpickstir40/007.txt, sliding_window 19-38, Predict Action: stir, Groud truth: [0 1 1 1 1 1 1 1 1 1 1 2 2 2 2 2 2 2 2 2]
Predicted: ./dataset/test/drawerpickstir40/007.txt, sliding_window 20-39, Predict Action: stir, Groud truth: [1 1 1 1 1 1 1 1 1 1 2 2 2 2 2 2 2 2 2 2]
Predicted: ./dataset/test/drawerpickstir40/007.txt, sliding_window 21-40, Predict Action: stir, Groud truth: [1 1 1 1 1 1 1 1 1 2 2 2 2 2 2 2 2 2 2 2]
Predicted: ./dataset/test/drawerpickstir40/007.txt, sliding_window 22-41, Predict Action: stir, Groud truth: [1 1 1 1 1 1 1 1 2 2 2 2 2 2 2 2 2 2 2 2]
Predicted: ./dataset/test/drawerpickstir40/007.txt, sliding_window 23-42, Predict Action: stir, Groud truth: [1 1 1 1 1 1 1 2 2 2 2 2 2 2 2 2 2 2 2 2]
Predicted: ./dataset/test/drawerpickstir40/007.txt, sliding_window 24-43, Predict Action: stir, Groud truth: [1 1 1 1 1 1 2 2 2 2 2 2 2 2 2 2 2 2 2 2]
Predicted: ./dataset/test/drawerpickstir40/007.txt, sliding_window 25-44, Predict Action: stir, Groud truth: [1 1 1 1 1 2 2 2 2 2 2 2 2 2 2 2 2 2 2 2]
Predicted: ./dataset/test/drawerpickstir40/007.txt, sliding_window 26-45, Predict Action: stir, Groud truth: [1 1 1 1 2 2 2 2 2 2 2 2 2 2 2 2 2 2 2 2]
Predicted: ./dataset/test/drawerpickstir40/007.txt, sliding_window 27-46, Predict Action: stir, Groud truth: [1 1 1 2 2 2 2 2 2 2 2 2 2 2 2 2 2 2 2 2]
Predicted: ./dataset/test/drawerpickstir40/007.txt, sliding_window 28-47, Predict Action: stir, Groud truth: [1 1 2 2 2 2 2 2 2 2 2 2 2 2 2 2 2 2 2 2]
Predicted: ./dataset/test/drawerpickstir40/007.txt, sliding_window 29-48, Predict Action: stir, Groud truth: [1 2 2 2 2 2 2 2 2 2 2 2 2 2 2 2 2 2 2 2]
Predicted: ./dataset/test/drawerpickstir40/007.txt, sliding_window 30-49, Predict Action: stir, Groud truth: stir
Predicted: ./dataset/test/drawerpickstir40/007.txt, sliding_window 31-50, Predict Action: stir, Groud truth: stir
Predicted: ./dataset/test/drawerpickstir40/007.txt, sliding_window 32-51, Predict Action: stir, Groud truth: stir
Predicted: ./dataset/test/drawerpickstir40/007.txt, sliding_window 33-52, Predict Action: stir, Groud truth: stir
Predicted: ./dataset/test/drawerpickstir40/007.txt, sliding_window 34-53, Predict Action: stir, Groud truth: stir
Predicted: ./dataset/test/drawerpickstir40/007.txt, sliding_window 35-54, Predict Action: stir, Groud truth: stir
Predicted: ./dataset/test/drawerpickstir40/007.txt, sliding_window 36-55, Predict Action: stir, Groud truth: stir
Predicted: ./dataset/test/drawerpickstir40/007.txt, sliding_window 37-56, Predict Action: stir, Groud truth: stir
Predicted: ./dataset/test/drawerpickstir40/007.txt, sliding_window 38-57, Predict Action: stir, Groud truth: stir
Predicted: ./dataset/test/drawerpickstir40/007.txt, sliding_window 39-58, Predict Action: stir, Groud truth: stir
Predicted: ./dataset/test/drawerpickstir40/007.txt, sliding_window 40-59, Predict Action: stir, Groud truth: stir
Predicted: ./dataset/test/drawerpickstir40/007.txt, sliding_window 41-60, Predict Action: stir, Groud truth: stir
Predicted: ./dataset/test/drawerpickstir40/007.txt, sliding_window 42-61, Predict Action: stir, Groud truth: stir
Predicted: ./dataset/test/drawerpickstir40/007.txt, sliding_window 43-62, Predict Action: stir, Groud truth: stir
Predicted: ./dataset/test/drawerpickstir40/007.txt, sliding_window 44-63, Predict Action: stir, Groud truth: stir
Predicted: ./dataset/test/drawerpickstir40/007.txt, sliding_window 45-64, Predict Action: stir, Groud truth: stir
Predicted: ./dataset/test/drawerpickstir40/007.txt, sliding_window 46-65, Predict Action: stir, Groud truth: stir
Predicted: ./dataset/test/drawerpickstir40/007.txt, sliding_window 47-66, Predict Action: stir, Groud truth: stir
Predicted: ./dataset/test/drawerpickstir40/007.txt, sliding_window 48-67, Predict Action: stir, Groud truth: stir
Predicted: ./dataset/test/drawerpickstir40/007.txt, sliding_window 49-68, Predict Action: stir, Groud truth: stir
Predicted: ./dataset/test/drawerpickstir40/007.txt, sliding_window 50-69, Predict Action: stir, Groud truth: stir
Predicted: ./dataset/test/drawerpickstir40/007.txt, sliding_window 51-70, Predict Action: stir, Groud truth: stir
Predicted: ./dataset/test/drawerpickstir40/007.txt, sliding_window 52-71, Predict Action: stir, Groud truth: stir
Predicted: ./dataset/test/drawerpickstir40/007.txt, sliding_window 53-72, Predict Action: stir, Groud truth: stir
Predicted: ./dataset/test/drawerpickstir40/007.txt, sliding_window 54-73, Predict Action: stir, Groud truth: stir
Predicted: ./dataset/test/drawerpickstir40/007.txt, sliding_window 55-74, Predict Action: stir, Groud truth: stir
Predicted: ./dataset/test/drawerpickstir40/007.txt, sliding_window 56-75, Predict Action: stir, Groud truth: stir
Predicted: ./dataset/test/drawerpickstir40/007.txt, sliding_window 57-76, Predict Action: stir, Groud truth: stir
Predicted: ./dataset/test/drawerpickstir40/008.txt, sliding_window 58-77, Predict Action: drawer, Groud truth: drawer
Predicted: ./dataset/test/drawerpickstir40/008.txt, sliding_window 0-19, Predict Action: drawer, Groud truth: drawer
Predicted: ./dataset/test/drawerpickstir40/008.txt, sliding_window 1-20, Predict Action: drawer, Groud truth: [0 0 0 0 0 0 0 0 0 0 0 0 0 0 0 0 0 0 0 1]
Predicted: ./dataset/test/drawerpickstir40/008.txt, sliding_window 2-21, Predict Action: drawer, Groud truth: [0 0 0 0 0 0 0 0 0 0 0 0 0 0 0 0 0 0 1 1]
Predicted: ./dataset/test/drawerpickstir40/008.txt, sliding_window 3-22, Predict Action: drawer, Groud truth: [0 0 0 0 0 0 0 0 0 0 0 0 0 0 0 0 0 1 1 1]
Predicted: ./dataset/test/drawerpickstir40/008.txt, sliding_window 4-23, Predict Action: drawer, Groud truth: [0 0 0 0 0 0 0 0 0 0 0 0 0 0 0 0 1 1 1 1]
Predicted: ./dataset/test/drawerpickstir40/008.txt, sliding_window 5-24, Predict Action: drawer, Groud truth: [0 0 0 0 0 0 0 0 0 0 0 0 0 0 0 1 1 1 1 1]
Predicted: ./dataset/test/drawerpickstir40/008.txt, sliding_window 6-25, Predict Action: drawer, Groud truth: [0 0 0 0 0 0 0 0 0 0 0 0 0 0 1 1 1 1 1 1]
Predicted: ./dataset/test/drawerpickstir40/008.txt, sliding_window 7-26, Predict Action: stir, Groud truth: [0 0 0 0 0 0 0 0 0 0 0 0 0 1 1 1 1 1 1 1]
Predicted: ./dataset/test/drawerpickstir40/008.txt, sliding_window 8-27, Predict Action: stir, Groud truth: [0 0 0 0 0 0 0 0 0 0 0 0 1 1 1 1 1 1 1 1]
Predicted: ./dataset/test/drawerpickstir40/008.txt, sliding_window 9-28, Predict Action: stir, Groud truth: [0 0 0 0 0 0 0 0 0 0 0 1 1 1 1 1 1 1 1 1]
Predicted: ./dataset/test/drawerpickstir40/008.txt, sliding_window 10-29, Predict Action: pick, Groud truth: [0 0 0 0 0 0 0 0 0 0 1 1 1 1 1 1 1 1 1 1]
Predicted: ./dataset/test/drawerpickstir40/008.txt, sliding_window 11-30, Predict Action: pick, Groud truth: [0 0 0 0 0 0 0 0 0 1 1 1 1 1 1 1 1 1 1 1]
Predicted: ./dataset/test/drawerpickstir40/008.txt, sliding_window 12-31, Predict Action: pick, Groud truth: [0 0 0 0 0 0 0 0 1 1 1 1 1 1 1 1 1 1 1 1]
Predicted: ./dataset/test/drawerpickstir40/008.txt, sliding_window 13-32, Predict Action: pick, Groud truth: [0 0 0 0 0 0 0 1 1 1 1 1 1 1 1 1 1 1 1 2]
Predicted: ./dataset/test/drawerpickstir40/008.txt, sliding_window 14-33, Predict Action: pick, Groud truth: [0 0 0 0 0 0 1 1 1 1 1 1 1 1 1 1 1 1 2 2]
Predicted: ./dataset/test/drawerpickstir40/008.txt, sliding_window 15-34, Predict Action: pick, Groud truth: [0 0 0 0 0 1 1 1 1 1 1 1 1 1 1 1 1 2 2 2]
Predicted: ./dataset/test/drawerpickstir40/008.txt, sliding_window 16-35, Predict Action: pick, Groud truth: [0 0 0 0 1 1 1 1 1 1 1 1 1 1 1 1 2 2 2 2]
Predicted: ./dataset/test/drawerpickstir40/008.txt, sliding_window 17-36, Predict Action: pick, Groud truth: [0 0 0 1 1 1 1 1 1 1 1 1 1 1 1 2 2 2 2 2]
Predicted: ./dataset/test/drawerpickstir40/008.txt, sliding_window 18-37, Predict Action: stir, Groud truth: [0 0 1 1 1 1 1 1 1 1 1 1 1 1 2 2 2 2 2 2]
Predicted: ./dataset/test/drawerpickstir40/008.txt, sliding_window 19-38, Predict Action: stir, Groud truth: [0 1 1 1 1 1 1 1 1 1 1 1 1 2 2 2 2 2 2 2]
Predicted: ./dataset/test/drawerpickstir40/008.txt, sliding_window 20-39, Predict Action: stir, Groud truth: [1 1 1 1 1 1 1 1 1 1 1 1 2 2 2 2 2 2 2 2]
Predicted: ./dataset/test/drawerpickstir40/008.txt, sliding_window 21-40, Predict Action: stir, Groud truth: [1 1 1 1 1 1 1 1 1 1 1 2 2 2 2 2 2 2 2 2]
Predicted: ./dataset/test/drawerpickstir40/008.txt, sliding_window 22-41, Predict Action: stir, Groud truth: [1 1 1 1 1 1 1 1 1 1 2 2 2 2 2 2 2 2 2 2]
Predicted: ./dataset/test/drawerpickstir40/008.txt, sliding_window 23-42, Predict Action: stir, Groud truth: [1 1 1 1 1 1 1 1 1 2 2 2 2 2 2 2 2 2 2 2]
Predicted: ./dataset/test/drawerpickstir40/008.txt, sliding_window 24-43, Predict Action: stir, Groud truth: [1 1 1 1 1 1 1 1 2 2 2 2 2 2 2 2 2 2 2 2]
Predicted: ./dataset/test/drawerpickstir40/008.txt, sliding_window 25-44, Predict Action: stir, Groud truth: [1 1 1 1 1 1 1 2 2 2 2 2 2 2 2 2 2 2 2 2]
Predicted: ./dataset/test/drawerpickstir40/008.txt, sliding_window 26-45, Predict Action: stir, Groud truth: [1 1 1 1 1 1 2 2 2 2 2 2 2 2 2 2 2 2 2 2]
Predicted: ./dataset/test/drawerpickstir40/008.txt, sliding_window 27-46, Predict Action: stir, Groud truth: [1 1 1 1 1 2 2 2 2 2 2 2 2 2 2 2 2 2 2 2]
Predicted: ./dataset/test/drawerpickstir40/008.txt, sliding_window 28-47, Predict Action: stir, Groud truth: [1 1 1 1 2 2 2 2 2 2 2 2 2 2 2 2 2 2 2 2]
Predicted: ./dataset/test/drawerpickstir40/008.txt, sliding_window 29-48, Predict Action: stir, Groud truth: [1 1 1 2 2 2 2 2 2 2 2 2 2 2 2 2 2 2 2 2]
Predicted: ./dataset/test/drawerpickstir40/008.txt, sliding_window 30-49, Predict Action: stir, Groud truth: [1 1 2 2 2 2 2 2 2 2 2 2 2 2 2 2 2 2 2 2]
Predicted: ./dataset/test/drawerpickstir40/008.txt, sliding_window 31-50, Predict Action: stir, Groud truth: [1 2 2 2 2 2 2 2 2 2 2 2 2 2 2 2 2 2 2 2]
Predicted: ./dataset/test/drawerpickstir40/008.txt, sliding_window 32-51, Predict Action: stir, Groud truth: stir
Predicted: ./dataset/test/drawerpickstir40/008.txt, sliding_window 33-52, Predict Action: stir, Groud truth: stir
Predicted: ./dataset/test/drawerpickstir40/008.txt, sliding_window 34-53, Predict Action: stir, Groud truth: stir
Predicted: ./dataset/test/drawerpickstir40/008.txt, sliding_window 35-54, Predict Action: stir, Groud truth: stir
Predicted: ./dataset/test/drawerpickstir40/008.txt, sliding_window 36-55, Predict Action: stir, Groud truth: stir
Predicted: ./dataset/test/drawerpickstir40/008.txt, sliding_window 37-56, Predict Action: stir, Groud truth: stir
Predicted: ./dataset/test/drawerpickstir40/008.txt, sliding_window 38-57, Predict Action: stir, Groud truth: stir
Predicted: ./dataset/test/drawerpickstir40/008.txt, sliding_window 39-58, Predict Action: stir, Groud truth: stir
Predicted: ./dataset/test/drawerpickstir40/008.txt, sliding_window 40-59, Predict Action: stir, Groud truth: stir
Predicted: ./dataset/test/drawerpickstir40/008.txt, sliding_window 41-60, Predict Action: stir, Groud truth: stir
Predicted: ./dataset/test/drawerpickstir40/008.txt, sliding_window 42-61, Predict Action: stir, Groud truth: stir
Predicted: ./dataset/test/drawerpickstir40/008.txt, sliding_window 43-62, Predict Action: stir, Groud truth: stir
Predicted: ./dataset/test/drawerpickstir40/008.txt, sliding_window 44-63, Predict Action: stir, Groud truth: stir
Predicted: ./dataset/test/drawerpickstir40/008.txt, sliding_window 45-64, Predict Action: stir, Groud truth: stir
Predicted: ./dataset/test/drawerpickstir40/008.txt, sliding_window 46-65, Predict Action: stir, Groud truth: stir
Predicted: ./dataset/test/drawerpickstir40/008.txt, sliding_window 47-66, Predict Action: stir, Groud truth: stir
Predicted: ./dataset/test/drawerpickstir40/008.txt, sliding_window 48-67, Predict Action: stir, Groud truth: stir
Predicted: ./dataset/test/drawerpickstir40/008.txt, sliding_window 49-68, Predict Action: stir, Groud truth: stir
Predicted: ./dataset/test/drawerpickstir40/008.txt, sliding_window 50-69, Predict Action: stir, Groud truth: stir
Predicted: ./dataset/test/drawerpickstir40/008.txt, sliding_window 51-70, Predict Action: stir, Groud truth: stir
Predicted: ./dataset/test/drawerpickstir40/008.txt, sliding_window 52-71, Predict Action: stir, Groud truth: stir
Predicted: ./dataset/test/drawerpickstir40/008.txt, sliding_window 53-72, Predict Action: stir, Groud truth: stir
Predicted: ./dataset/test/drawerpickstir40/008.txt, sliding_window 54-73, Predict Action: stir, Groud truth: stir
Predicted: ./dataset/test/drawerpickstir40/008.txt, sliding_window 55-74, Predict Action: stir, Groud truth: stir
Predicted: ./dataset/test/drawerpickstir40/008.txt, sliding_window 56-75, Predict Action: stir, Groud truth: stir
Predicted: ./dataset/test/drawerpickstir40/008.txt, sliding_window 57-76, Predict Action: stir, Groud truth: stir
Predicted: ./dataset/test/drawerpickstir40/008.txt, sliding_window 58-77, Predict Action: stir, Groud truth: stir
Predicted: ./dataset/test/drawerpickstir40/009.txt, sliding_window 59-78, Predict Action: drawer, Groud truth: drawer
Predicted: ./dataset/test/drawerpickstir40/009.txt, sliding_window 0-19, Predict Action: drawer, Groud truth: [0 0 0 0 0 0 0 0 0 0 0 0 0 0 0 0 0 0 0 1]
Predicted: ./dataset/test/drawerpickstir40/009.txt, sliding_window 1-20, Predict Action: drawer, Groud truth: [0 0 0 0 0 0 0 0 0 0 0 0 0 0 0 0 0 0 1 1]
Predicted: ./dataset/test/drawerpickstir40/009.txt, sliding_window 2-21, Predict Action: drawer, Groud truth: [0 0 0 0 0 0 0 0 0 0 0 0 0 0 0 0 0 1 1 1]
Predicted: ./dataset/test/drawerpickstir40/009.txt, sliding_window 3-22, Predict Action: drawer, Groud truth: [0 0 0 0 0 0 0 0 0 0 0 0 0 0 0 0 1 1 1 1]
Predicted: ./dataset/test/drawerpickstir40/009.txt, sliding_window 4-23, Predict Action: drawer, Groud truth: [0 0 0 0 0 0 0 0 0 0 0 0 0 0 0 1 1 1 1 1]
Predicted: ./dataset/test/drawerpickstir40/009.txt, sliding_window 5-24, Predict Action: drawer, Groud truth: [0 0 0 0 0 0 0 0 0 0 0 0 0 0 1 1 1 1 1 1]
Predicted: ./dataset/test/drawerpickstir40/009.txt, sliding_window 6-25, Predict Action: drawer, Groud truth: [0 0 0 0 0 0 0 0 0 0 0 0 0 1 1 1 1 1 1 1]
Predicted: ./dataset/test/drawerpickstir40/009.txt, sliding_window 7-26, Predict Action: drawer, Groud truth: [0 0 0 0 0 0 0 0 0 0 0 0 1 1 1 1 1 1 1 1]
Predicted: ./dataset/test/drawerpickstir40/009.txt, sliding_window 8-27, Predict Action: drawer, Groud truth: [0 0 0 0 0 0 0 0 0 0 0 1 1 1 1 1 1 1 1 1]
Predicted: ./dataset/test/drawerpickstir40/009.txt, sliding_window 9-28, Predict Action: drawer, Groud truth: [0 0 0 0 0 0 0 0 0 0 1 1 1 1 1 1 1 1 1 2]
Predicted: ./dataset/test/drawerpickstir40/009.txt, sliding_window 10-29, Predict Action: drawer, Groud truth: [0 0 0 0 0 0 0 0 0 1 1 1 1 1 1 1 1 1 2 2]
Predicted: ./dataset/test/drawerpickstir40/009.txt, sliding_window 11-30, Predict Action: drawer, Groud truth: [0 0 0 0 0 0 0 0 1 1 1 1 1 1 1 1 1 2 2 2]
Predicted: ./dataset/test/drawerpickstir40/009.txt, sliding_window 12-31, Predict Action: drawer, Groud truth: [0 0 0 0 0 0 0 1 1 1 1 1 1 1 1 1 2 2 2 2]
Predicted: ./dataset/test/drawerpickstir40/009.txt, sliding_window 13-32, Predict Action: drawer, Groud truth: [0 0 0 0 0 0 1 1 1 1 1 1 1 1 1 2 2 2 2 2]
Predicted: ./dataset/test/drawerpickstir40/009.txt, sliding_window 14-33, Predict Action: stir, Groud truth: [0 0 0 0 0 1 1 1 1 1 1 1 1 1 2 2 2 2 2 2]
Predicted: ./dataset/test/drawerpickstir40/009.txt, sliding_window 15-34, Predict Action: stir, Groud truth: [0 0 0 0 1 1 1 1 1 1 1 1 1 2 2 2 2 2 2 2]
Predicted: ./dataset/test/drawerpickstir40/009.txt, sliding_window 16-35, Predict Action: stir, Groud truth: [0 0 0 1 1 1 1 1 1 1 1 1 2 2 2 2 2 2 2 2]
Predicted: ./dataset/test/drawerpickstir40/009.txt, sliding_window 17-36, Predict Action: stir, Groud truth: [0 0 1 1 1 1 1 1 1 1 1 2 2 2 2 2 2 2 2 2]
Predicted: ./dataset/test/drawerpickstir40/009.txt, sliding_window 18-37, Predict Action: stir, Groud truth: [0 1 1 1 1 1 1 1 1 1 2 2 2 2 2 2 2 2 2 2]
Predicted: ./dataset/test/drawerpickstir40/009.txt, sliding_window 19-38, Predict Action: stir, Groud truth: [1 1 1 1 1 1 1 1 1 2 2 2 2 2 2 2 2 2 2 2]
Predicted: ./dataset/test/drawerpickstir40/009.txt, sliding_window 20-39, Predict Action: stir, Groud truth: [1 1 1 1 1 1 1 1 2 2 2 2 2 2 2 2 2 2 2 2]
Predicted: ./dataset/test/drawerpickstir40/009.txt, sliding_window 21-40, Predict Action: stir, Groud truth: [1 1 1 1 1 1 1 2 2 2 2 2 2 2 2 2 2 2 2 2]
Predicted: ./dataset/test/drawerpickstir40/009.txt, sliding_window 22-41, Predict Action: stir, Groud truth: [1 1 1 1 1 1 2 2 2 2 2 2 2 2 2 2 2 2 2 2]
Predicted: ./dataset/test/drawerpickstir40/009.txt, sliding_window 23-42, Predict Action: stir, Groud truth: [1 1 1 1 1 2 2 2 2 2 2 2 2 2 2 2 2 2 2 2]
Predicted: ./dataset/test/drawerpickstir40/009.txt, sliding_window 24-43, Predict Action: stir, Groud truth: [1 1 1 1 2 2 2 2 2 2 2 2 2 2 2 2 2 2 2 2]
Predicted: ./dataset/test/drawerpickstir40/009.txt, sliding_window 25-44, Predict Action: stir, Groud truth: [1 1 1 2 2 2 2 2 2 2 2 2 2 2 2 2 2 2 2 2]
Predicted: ./dataset/test/drawerpickstir40/009.txt, sliding_window 26-45, Predict Action: stir, Groud truth: [1 1 2 2 2 2 2 2 2 2 2 2 2 2 2 2 2 2 2 2]
Predicted: ./dataset/test/drawerpickstir40/009.txt, sliding_window 27-46, Predict Action: stir, Groud truth: [1 2 2 2 2 2 2 2 2 2 2 2 2 2 2 2 2 2 2 2]
Predicted: ./dataset/test/drawerpickstir40/009.txt, sliding_window 28-47, Predict Action: stir, Groud truth: stir
Predicted: ./dataset/test/drawerpickstir40/009.txt, sliding_window 29-48, Predict Action: stir, Groud truth: stir
Predicted: ./dataset/test/drawerpickstir40/009.txt, sliding_window 30-49, Predict Action: stir, Groud truth: stir
Predicted: ./dataset/test/drawerpickstir40/009.txt, sliding_window 31-50, Predict Action: stir, Groud truth: stir
Predicted: ./dataset/test/drawerpickstir40/009.txt, sliding_window 32-51, Predict Action: stir, Groud truth: stir
Predicted: ./dataset/test/drawerpickstir40/009.txt, sliding_window 33-52, Predict Action: stir, Groud truth: stir
Predicted: ./dataset/test/drawerpickstir40/009.txt, sliding_window 34-53, Predict Action: stir, Groud truth: stir
Predicted: ./dataset/test/drawerpickstir40/009.txt, sliding_window 35-54, Predict Action: stir, Groud truth: stir
Predicted: ./dataset/test/drawerpickstir40/009.txt, sliding_window 36-55, Predict Action: stir, Groud truth: stir
Predicted: ./dataset/test/drawerpickstir40/009.txt, sliding_window 37-56, Predict Action: stir, Groud truth: stir
Predicted: ./dataset/test/drawerpickstir40/009.txt, sliding_window 38-57, Predict Action: stir, Groud truth: stir
Predicted: ./dataset/test/drawerpickstir40/009.txt, sliding_window 39-58, Predict Action: stir, Groud truth: stir
Predicted: ./dataset/test/drawerpickstir40/009.txt, sliding_window 40-59, Predict Action: stir, Groud truth: stir
Predicted: ./dataset/test/drawerpickstir40/009.txt, sliding_window 41-60, Predict Action: stir, Groud truth: stir
Predicted: ./dataset/test/drawerpickstir40/009.txt, sliding_window 42-61, Predict Action: stir, Groud truth: stir
Predicted: ./dataset/test/drawerpickstir40/009.txt, sliding_window 43-62, Predict Action: stir, Groud truth: stir
Predicted: ./dataset/test/drawerpickstir40/009.txt, sliding_window 44-63, Predict Action: stir, Groud truth: stir
Predicted: ./dataset/test/drawerpickstir40/009.txt, sliding_window 45-64, Predict Action: stir, Groud truth: stir
Predicted: ./dataset/test/drawerpickstir40/009.txt, sliding_window 46-65, Predict Action: stir, Groud truth: stir
Predicted: ./dataset/test/drawerpickstir40/009.txt, sliding_window 47-66, Predict Action: stir, Groud truth: stir
Predicted: ./dataset/test/drawerpickstir40/009.txt, sliding_window 48-67, Predict Action: stir, Groud truth: stir
Predicted: ./dataset/test/drawerpickstir40/009.txt, sliding_window 49-68, Predict Action: stir, Groud truth: stir
Predicted: ./dataset/test/drawerpickstir40/009.txt, sliding_window 50-69, Predict Action: stir, Groud truth: stir
Predicted: ./dataset/test/drawerpickstir40/009.txt, sliding_window 51-70, Predict Action: stir, Groud truth: stir
Predicted: ./dataset/test/drawerpickstir40/009.txt, sliding_window 52-71, Predict Action: stir, Groud truth: stir
Predicted: ./dataset/test/drawerpickstir40/009.txt, sliding_window 53-72, Predict Action: stir, Groud truth: stir
Predicted: ./dataset/test/drawerpickstir40/009.txt, sliding_window 54-73, Predict Action: stir, Groud truth: stir
Predicted: ./dataset/test/drawerpickstir40/009.txt, sliding_window 55-74, Predict Action: stir, Groud truth: stir
Predicted: ./dataset/test/drawerpickstir40/009.txt, sliding_window 56-75, Predict Action: stir, Groud truth: stir
Predicted: ./dataset/test/drawerpickstir40/009.txt, sliding_window 57-76, Predict Action: stir, Groud truth: stir
Predicted: ./dataset/test/drawerpickstir40/009.txt, sliding_window 58-77, Predict Action: stir, Groud truth: stir
Predicted: ./dataset/test/drawerpickstir40/010.txt, sliding_window 59-78, Predict Action: drawer, Groud truth: [0 0 0 0 0 0 0 0 0 0 0 0 0 0 0 0 0 0 1 1]
Predicted: ./dataset/test/drawerpickstir40/010.txt, sliding_window 0-19, Predict Action: drawer, Groud truth: [0 0 0 0 0 0 0 0 0 0 0 0 0 0 0 0 0 1 1 1]
Predicted: ./dataset/test/drawerpickstir40/010.txt, sliding_window 1-20, Predict Action: drawer, Groud truth: [0 0 0 0 0 0 0 0 0 0 0 0 0 0 0 0 1 1 1 1]
Predicted: ./dataset/test/drawerpickstir40/010.txt, sliding_window 2-21, Predict Action: drawer, Groud truth: [0 0 0 0 0 0 0 0 0 0 0 0 0 0 0 1 1 1 1 1]
Predicted: ./dataset/test/drawerpickstir40/010.txt, sliding_window 3-22, Predict Action: drawer, Groud truth: [0 0 0 0 0 0 0 0 0 0 0 0 0 0 1 1 1 1 1 1]
Predicted: ./dataset/test/drawerpickstir40/010.txt, sliding_window 4-23, Predict Action: stir, Groud truth: [0 0 0 0 0 0 0 0 0 0 0 0 0 1 1 1 1 1 1 1]
Predicted: ./dataset/test/drawerpickstir40/010.txt, sliding_window 5-24, Predict Action: stir, Groud truth: [0 0 0 0 0 0 0 0 0 0 0 0 1 1 1 1 1 1 1 1]
Predicted: ./dataset/test/drawerpickstir40/010.txt, sliding_window 6-25, Predict Action: stir, Groud truth: [0 0 0 0 0 0 0 0 0 0 0 1 1 1 1 1 1 1 1 1]
Predicted: ./dataset/test/drawerpickstir40/010.txt, sliding_window 7-26, Predict Action: stir, Groud truth: [0 0 0 0 0 0 0 0 0 0 1 1 1 1 1 1 1 1 1 1]
Predicted: ./dataset/test/drawerpickstir40/010.txt, sliding_window 8-27, Predict Action: stir, Groud truth: [0 0 0 0 0 0 0 0 0 1 1 1 1 1 1 1 1 1 1 1]
Predicted: ./dataset/test/drawerpickstir40/010.txt, sliding_window 9-28, Predict Action: stir, Groud truth: [0 0 0 0 0 0 0 0 1 1 1 1 1 1 1 1 1 1 1 1]
Predicted: ./dataset/test/drawerpickstir40/010.txt, sliding_window 10-29, Predict Action: pick, Groud truth: [0 0 0 0 0 0 0 1 1 1 1 1 1 1 1 1 1 1 1 1]
Predicted: ./dataset/test/drawerpickstir40/010.txt, sliding_window 11-30, Predict Action: pick, Groud truth: [0 0 0 0 0 0 1 1 1 1 1 1 1 1 1 1 1 1 1 1]
Predicted: ./dataset/test/drawerpickstir40/010.txt, sliding_window 12-31, Predict Action: pick, Groud truth: [0 0 0 0 0 1 1 1 1 1 1 1 1 1 1 1 1 1 1 1]
Predicted: ./dataset/test/drawerpickstir40/010.txt, sliding_window 13-32, Predict Action: pick, Groud truth: [0 0 0 0 1 1 1 1 1 1 1 1 1 1 1 1 1 1 1 2]
Predicted: ./dataset/test/drawerpickstir40/010.txt, sliding_window 14-33, Predict Action: drawer, Groud truth: [0 0 0 1 1 1 1 1 1 1 1 1 1 1 1 1 1 1 2 2]
Predicted: ./dataset/test/drawerpickstir40/010.txt, sliding_window 15-34, Predict Action: drawer, Groud truth: [0 0 1 1 1 1 1 1 1 1 1 1 1 1 1 1 1 2 2 2]
Predicted: ./dataset/test/drawerpickstir40/010.txt, sliding_window 16-35, Predict Action: pick, Groud truth: [0 1 1 1 1 1 1 1 1 1 1 1 1 1 1 1 2 2 2 2]
Predicted: ./dataset/test/drawerpickstir40/010.txt, sliding_window 17-36, Predict Action: pick, Groud truth: [1 1 1 1 1 1 1 1 1 1 1 1 1 1 1 2 2 2 2 2]
Predicted: ./dataset/test/drawerpickstir40/010.txt, sliding_window 18-37, Predict Action: stir, Groud truth: [1 1 1 1 1 1 1 1 1 1 1 1 1 1 2 2 2 2 2 2]
Predicted: ./dataset/test/drawerpickstir40/010.txt, sliding_window 19-38, Predict Action: stir, Groud truth: [1 1 1 1 1 1 1 1 1 1 1 1 1 2 2 2 2 2 2 2]
Predicted: ./dataset/test/drawerpickstir40/010.txt, sliding_window 20-39, Predict Action: stir, Groud truth: [1 1 1 1 1 1 1 1 1 1 1 1 2 2 2 2 2 2 2 2]
Predicted: ./dataset/test/drawerpickstir40/010.txt, sliding_window 21-40, Predict Action: stir, Groud truth: [1 1 1 1 1 1 1 1 1 1 1 2 2 2 2 2 2 2 2 2]
Predicted: ./dataset/test/drawerpickstir40/010.txt, sliding_window 22-41, Predict Action: stir, Groud truth: [1 1 1 1 1 1 1 1 1 1 2 2 2 2 2 2 2 2 2 2]
Predicted: ./dataset/test/drawerpickstir40/010.txt, sliding_window 23-42, Predict Action: stir, Groud truth: [1 1 1 1 1 1 1 1 1 2 2 2 2 2 2 2 2 2 2 2]
Predicted: ./dataset/test/drawerpickstir40/010.txt, sliding_window 24-43, Predict Action: stir, Groud truth: [1 1 1 1 1 1 1 1 2 2 2 2 2 2 2 2 2 2 2 2]
Predicted: ./dataset/test/drawerpickstir40/010.txt, sliding_window 25-44, Predict Action: stir, Groud truth: [1 1 1 1 1 1 1 2 2 2 2 2 2 2 2 2 2 2 2 2]
Predicted: ./dataset/test/drawerpickstir40/010.txt, sliding_window 26-45, Predict Action: stir, Groud truth: [1 1 1 1 1 1 2 2 2 2 2 2 2 2 2 2 2 2 2 2]
Predicted: ./dataset/test/drawerpickstir40/010.txt, sliding_window 27-46, Predict Action: stir, Groud truth: [1 1 1 1 1 2 2 2 2 2 2 2 2 2 2 2 2 2 2 2]
Predicted: ./dataset/test/drawerpickstir40/010.txt, sliding_window 28-47, Predict Action: stir, Groud truth: [1 1 1 1 2 2 2 2 2 2 2 2 2 2 2 2 2 2 2 2]
Predicted: ./dataset/test/drawerpickstir40/010.txt, sliding_window 29-48, Predict Action: stir, Groud truth: [1 1 1 2 2 2 2 2 2 2 2 2 2 2 2 2 2 2 2 2]
Predicted: ./dataset/test/drawerpickstir40/010.txt, sliding_window 30-49, Predict Action: stir, Groud truth: [1 1 2 2 2 2 2 2 2 2 2 2 2 2 2 2 2 2 2 2]
Predicted: ./dataset/test/drawerpickstir40/010.txt, sliding_window 31-50, Predict Action: stir, Groud truth: [1 2 2 2 2 2 2 2 2 2 2 2 2 2 2 2 2 2 2 2]
Predicted: ./dataset/test/drawerpickstir40/010.txt, sliding_window 32-51, Predict Action: stir, Groud truth: stir
Predicted: ./dataset/test/drawerpickstir40/010.txt, sliding_window 33-52, Predict Action: stir, Groud truth: stir
Predicted: ./dataset/test/drawerpickstir40/010.txt, sliding_window 34-53, Predict Action: stir, Groud truth: stir
Predicted: ./dataset/test/drawerpickstir40/010.txt, sliding_window 35-54, Predict Action: stir, Groud truth: stir
Predicted: ./dataset/test/drawerpickstir40/010.txt, sliding_window 36-55, Predict Action: stir, Groud truth: stir
Predicted: ./dataset/test/drawerpickstir40/010.txt, sliding_window 37-56, Predict Action: stir, Groud truth: stir
Predicted: ./dataset/test/drawerpickstir40/010.txt, sliding_window 38-57, Predict Action: stir, Groud truth: stir
Predicted: ./dataset/test/drawerpickstir40/010.txt, sliding_window 39-58, Predict Action: stir, Groud truth: stir
Predicted: ./dataset/test/drawerpickstir40/010.txt, sliding_window 40-59, Predict Action: stir, Groud truth: stir
Predicted: ./dataset/test/drawerpickstir40/010.txt, sliding_window 41-60, Predict Action: stir, Groud truth: stir
Predicted: ./dataset/test/drawerpickstir40/010.txt, sliding_window 42-61, Predict Action: stir, Groud truth: stir
Predicted: ./dataset/test/drawerpickstir40/010.txt, sliding_window 43-62, Predict Action: stir, Groud truth: stir
Predicted: ./dataset/test/drawerpickstir40/010.txt, sliding_window 44-63, Predict Action: stir, Groud truth: stir
Predicted: ./dataset/test/drawerpickstir40/010.txt, sliding_window 45-64, Predict Action: stir, Groud truth: stir
Predicted: ./dataset/test/drawerpickstir40/010.txt, sliding_window 46-65, Predict Action: stir, Groud truth: stir
Predicted: ./dataset/test/drawerpickstir40/010.txt, sliding_window 47-66, Predict Action: stir, Groud truth: stir
Predicted: ./dataset/test/drawerpickstir40/010.txt, sliding_window 48-67, Predict Action: stir, Groud truth: stir
Predicted: ./dataset/test/drawerpickstir40/010.txt, sliding_window 49-68, Predict Action: stir, Groud truth: stir
Predicted: ./dataset/test/drawerpickstir40/010.txt, sliding_window 50-69, Predict Action: stir, Groud truth: stir
Predicted: ./dataset/test/drawerpickstir40/010.txt, sliding_window 51-70, Predict Action: stir, Groud truth: stir
Predicted: ./dataset/test/drawerpickstir40/010.txt, sliding_window 52-71, Predict Action: stir, Groud truth: stir
Predicted: ./dataset/test/drawerpickstir40/010.txt, sliding_window 53-72, Predict Action: stir, Groud truth: stir
Predicted: ./dataset/test/drawerpickstir40/010.txt, sliding_window 54-73, Predict Action: stir, Groud truth: stir
Predicted: ./dataset/test/drawerpickstir40/010.txt, sliding_window 55-74, Predict Action: stir, Groud truth: stir
Predicted: ./dataset/test/drawerpickstir40/010.txt, sliding_window 56-75, Predict Action: stir, Groud truth: stir
Predicted: ./dataset/test/drawerpickstir40/010.txt, sliding_window 57-76, Predict Action: stir, Groud truth: stir
Predicted: ./dataset/test/drawerpickstir40/010.txt, sliding_window 58-77, Predict Action: stir, Groud truth: stir
Predicted: ./dataset/test/drawerpickstir40/010.txt, sliding_window 59-78, Predict Action: stir, Groud truth: stir
Predicted: ./dataset/test/drawerpickstir40/010.txt, sliding_window 60-79, Predict Action: stir, Groud truth: stir
Predicted: ./dataset/test/drawerpickstir40/010.txt, sliding_window 61-80, Predict Action: stir, Groud truth: stir
Predicted: ./dataset/test/drawerpickstir40/010.txt, sliding_window 62-81, Predict Action: stir, Groud truth: stir
Predicted: ./dataset/test/drawerpickstir40/011.txt, sliding_window 63-82, Predict Action: drawer, Groud truth: [0 0 0 0 0 0 0 0 0 0 0 0 0 0 0 0 0 0 0 1]
Predicted: ./dataset/test/drawerpickstir40/011.txt, sliding_window 0-19, Predict Action: drawer, Groud truth: [0 0 0 0 0 0 0 0 0 0 0 0 0 0 0 0 0 0 1 1]
Predicted: ./dataset/test/drawerpickstir40/011.txt, sliding_window 1-20, Predict Action: drawer, Groud truth: [0 0 0 0 0 0 0 0 0 0 0 0 0 0 0 0 0 1 1 1]
Predicted: ./dataset/test/drawerpickstir40/011.txt, sliding_window 2-21, Predict Action: drawer, Groud truth: [0 0 0 0 0 0 0 0 0 0 0 0 0 0 0 0 1 1 1 1]
Predicted: ./dataset/test/drawerpickstir40/011.txt, sliding_window 3-22, Predict Action: drawer, Groud truth: [0 0 0 0 0 0 0 0 0 0 0 0 0 0 0 1 1 1 1 1]
Predicted: ./dataset/test/drawerpickstir40/011.txt, sliding_window 4-23, Predict Action: drawer, Groud truth: [0 0 0 0 0 0 0 0 0 0 0 0 0 0 1 1 1 1 1 1]
Predicted: ./dataset/test/drawerpickstir40/011.txt, sliding_window 5-24, Predict Action: stir, Groud truth: [0 0 0 0 0 0 0 0 0 0 0 0 0 1 1 1 1 1 1 1]
Predicted: ./dataset/test/drawerpickstir40/011.txt, sliding_window 6-25, Predict Action: stir, Groud truth: [0 0 0 0 0 0 0 0 0 0 0 0 1 1 1 1 1 1 1 1]
Predicted: ./dataset/test/drawerpickstir40/011.txt, sliding_window 7-26, Predict Action: pick, Groud truth: [0 0 0 0 0 0 0 0 0 0 0 1 1 1 1 1 1 1 1 1]
Predicted: ./dataset/test/drawerpickstir40/011.txt, sliding_window 8-27, Predict Action: pick, Groud truth: [0 0 0 0 0 0 0 0 0 0 1 1 1 1 1 1 1 1 1 1]
Predicted: ./dataset/test/drawerpickstir40/011.txt, sliding_window 9-28, Predict Action: pick, Groud truth: [0 0 0 0 0 0 0 0 0 1 1 1 1 1 1 1 1 1 1 1]
Predicted: ./dataset/test/drawerpickstir40/011.txt, sliding_window 10-29, Predict Action: pick, Groud truth: [0 0 0 0 0 0 0 0 1 1 1 1 1 1 1 1 1 1 1 1]
Predicted: ./dataset/test/drawerpickstir40/011.txt, sliding_window 11-30, Predict Action: drawer, Groud truth: [0 0 0 0 0 0 0 1 1 1 1 1 1 1 1 1 1 1 1 2]
Predicted: ./dataset/test/drawerpickstir40/011.txt, sliding_window 12-31, Predict Action: drawer, Groud truth: [0 0 0 0 0 0 1 1 1 1 1 1 1 1 1 1 1 1 2 2]
Predicted: ./dataset/test/drawerpickstir40/011.txt, sliding_window 13-32, Predict Action: drawer, Groud truth: [0 0 0 0 0 1 1 1 1 1 1 1 1 1 1 1 1 2 2 2]
Predicted: ./dataset/test/drawerpickstir40/011.txt, sliding_window 14-33, Predict Action: drawer, Groud truth: [0 0 0 0 1 1 1 1 1 1 1 1 1 1 1 1 2 2 2 2]
Predicted: ./dataset/test/drawerpickstir40/011.txt, sliding_window 15-34, Predict Action: drawer, Groud truth: [0 0 0 1 1 1 1 1 1 1 1 1 1 1 1 2 2 2 2 2]
Predicted: ./dataset/test/drawerpickstir40/011.txt, sliding_window 16-35, Predict Action: stir, Groud truth: [0 0 1 1 1 1 1 1 1 1 1 1 1 1 2 2 2 2 2 2]
Predicted: ./dataset/test/drawerpickstir40/011.txt, sliding_window 17-36, Predict Action: stir, Groud truth: [0 1 1 1 1 1 1 1 1 1 1 1 1 2 2 2 2 2 2 2]
Predicted: ./dataset/test/drawerpickstir40/011.txt, sliding_window 18-37, Predict Action: stir, Groud truth: [1 1 1 1 1 1 1 1 1 1 1 1 2 2 2 2 2 2 2 2]
Predicted: ./dataset/test/drawerpickstir40/011.txt, sliding_window 19-38, Predict Action: stir, Groud truth: [1 1 1 1 1 1 1 1 1 1 1 2 2 2 2 2 2 2 2 2]
Predicted: ./dataset/test/drawerpickstir40/011.txt, sliding_window 20-39, Predict Action: stir, Groud truth: [1 1 1 1 1 1 1 1 1 1 2 2 2 2 2 2 2 2 2 2]
Predicted: ./dataset/test/drawerpickstir40/011.txt, sliding_window 21-40, Predict Action: stir, Groud truth: [1 1 1 1 1 1 1 1 1 2 2 2 2 2 2 2 2 2 2 2]
Predicted: ./dataset/test/drawerpickstir40/011.txt, sliding_window 22-41, Predict Action: stir, Groud truth: [1 1 1 1 1 1 1 1 2 2 2 2 2 2 2 2 2 2 2 2]
Predicted: ./dataset/test/drawerpickstir40/011.txt, sliding_window 23-42, Predict Action: stir, Groud truth: [1 1 1 1 1 1 1 2 2 2 2 2 2 2 2 2 2 2 2 2]
Predicted: ./dataset/test/drawerpickstir40/011.txt, sliding_window 24-43, Predict Action: stir, Groud truth: [1 1 1 1 1 1 2 2 2 2 2 2 2 2 2 2 2 2 2 2]
Predicted: ./dataset/test/drawerpickstir40/011.txt, sliding_window 25-44, Predict Action: stir, Groud truth: [1 1 1 1 1 2 2 2 2 2 2 2 2 2 2 2 2 2 2 2]
Predicted: ./dataset/test/drawerpickstir40/011.txt, sliding_window 26-45, Predict Action: stir, Groud truth: [1 1 1 1 2 2 2 2 2 2 2 2 2 2 2 2 2 2 2 2]
Predicted: ./dataset/test/drawerpickstir40/011.txt, sliding_window 27-46, Predict Action: stir, Groud truth: [1 1 1 2 2 2 2 2 2 2 2 2 2 2 2 2 2 2 2 2]
Predicted: ./dataset/test/drawerpickstir40/011.txt, sliding_window 28-47, Predict Action: stir, Groud truth: [1 1 2 2 2 2 2 2 2 2 2 2 2 2 2 2 2 2 2 2]
Predicted: ./dataset/test/drawerpickstir40/011.txt, sliding_window 29-48, Predict Action: stir, Groud truth: [1 2 2 2 2 2 2 2 2 2 2 2 2 2 2 2 2 2 2 2]
Predicted: ./dataset/test/drawerpickstir40/011.txt, sliding_window 30-49, Predict Action: stir, Groud truth: stir
Predicted: ./dataset/test/drawerpickstir40/011.txt, sliding_window 31-50, Predict Action: stir, Groud truth: stir
Predicted: ./dataset/test/drawerpickstir40/011.txt, sliding_window 32-51, Predict Action: stir, Groud truth: stir
Predicted: ./dataset/test/drawerpickstir40/011.txt, sliding_window 33-52, Predict Action: stir, Groud truth: stir
Predicted: ./dataset/test/drawerpickstir40/011.txt, sliding_window 34-53, Predict Action: stir, Groud truth: stir
Predicted: ./dataset/test/drawerpickstir40/011.txt, sliding_window 35-54, Predict Action: stir, Groud truth: stir
Predicted: ./dataset/test/drawerpickstir40/011.txt, sliding_window 36-55, Predict Action: stir, Groud truth: stir
Predicted: ./dataset/test/drawerpickstir40/011.txt, sliding_window 37-56, Predict Action: stir, Groud truth: stir
Predicted: ./dataset/test/drawerpickstir40/011.txt, sliding_window 38-57, Predict Action: stir, Groud truth: stir
Predicted: ./dataset/test/drawerpickstir40/011.txt, sliding_window 39-58, Predict Action: stir, Groud truth: stir
Predicted: ./dataset/test/drawerpickstir40/011.txt, sliding_window 40-59, Predict Action: stir, Groud truth: stir
Predicted: ./dataset/test/drawerpickstir40/011.txt, sliding_window 41-60, Predict Action: stir, Groud truth: stir
Predicted: ./dataset/test/drawerpickstir40/011.txt, sliding_window 42-61, Predict Action: stir, Groud truth: stir
Predicted: ./dataset/test/drawerpickstir40/011.txt, sliding_window 43-62, Predict Action: stir, Groud truth: stir
Predicted: ./dataset/test/drawerpickstir40/011.txt, sliding_window 44-63, Predict Action: stir, Groud truth: stir
Predicted: ./dataset/test/drawerpickstir40/011.txt, sliding_window 45-64, Predict Action: stir, Groud truth: stir
Predicted: ./dataset/test/drawerpickstir40/011.txt, sliding_window 46-65, Predict Action: stir, Groud truth: stir
Predicted: ./dataset/test/drawerpickstir40/011.txt, sliding_window 47-66, Predict Action: stir, Groud truth: stir
Predicted: ./dataset/test/drawerpickstir40/011.txt, sliding_window 48-67, Predict Action: stir, Groud truth: stir
Predicted: ./dataset/test/drawerpickstir40/011.txt, sliding_window 49-68, Predict Action: stir, Groud truth: stir
Predicted: ./dataset/test/drawerpickstir40/011.txt, sliding_window 50-69, Predict Action: stir, Groud truth: stir
Predicted: ./dataset/test/drawerpickstir40/011.txt, sliding_window 51-70, Predict Action: stir, Groud truth: stir
Predicted: ./dataset/test/drawerpickstir40/011.txt, sliding_window 52-71, Predict Action: stir, Groud truth: stir
Predicted: ./dataset/test/drawerpickstir40/011.txt, sliding_window 53-72, Predict Action: stir, Groud truth: stir
Predicted: ./dataset/test/drawerpickstir40/011.txt, sliding_window 54-73, Predict Action: stir, Groud truth: stir
Predicted: ./dataset/test/drawerpickstir40/011.txt, sliding_window 55-74, Predict Action: stir, Groud truth: stir
Predicted: ./dataset/test/drawerpickstir40/011.txt, sliding_window 56-75, Predict Action: stir, Groud truth: stir
Predicted: ./dataset/test/drawerpickstir40/011.txt, sliding_window 57-76, Predict Action: stir, Groud truth: stir
Predicted: ./dataset/test/drawerpickstir40/012.txt, sliding_window 58-77, Predict Action: drawer, Groud truth: drawer
Predicted: ./dataset/test/drawerpickstir40/012.txt, sliding_window 0-19, Predict Action: drawer, Groud truth: [0 0 0 0 0 0 0 0 0 0 0 0 0 0 0 0 0 0 0 1]
Predicted: ./dataset/test/drawerpickstir40/012.txt, sliding_window 1-20, Predict Action: drawer, Groud truth: [0 0 0 0 0 0 0 0 0 0 0 0 0 0 0 0 0 0 1 1]
Predicted: ./dataset/test/drawerpickstir40/012.txt, sliding_window 2-21, Predict Action: drawer, Groud truth: [0 0 0 0 0 0 0 0 0 0 0 0 0 0 0 0 0 1 1 1]
Predicted: ./dataset/test/drawerpickstir40/012.txt, sliding_window 3-22, Predict Action: drawer, Groud truth: [0 0 0 0 0 0 0 0 0 0 0 0 0 0 0 0 1 1 1 1]
Predicted: ./dataset/test/drawerpickstir40/012.txt, sliding_window 4-23, Predict Action: drawer, Groud truth: [0 0 0 0 0 0 0 0 0 0 0 0 0 0 0 1 1 1 1 1]
Predicted: ./dataset/test/drawerpickstir40/012.txt, sliding_window 5-24, Predict Action: drawer, Groud truth: [0 0 0 0 0 0 0 0 0 0 0 0 0 0 1 1 1 1 1 1]
Predicted: ./dataset/test/drawerpickstir40/012.txt, sliding_window 6-25, Predict Action: drawer, Groud truth: [0 0 0 0 0 0 0 0 0 0 0 0 0 1 1 1 1 1 1 1]
Predicted: ./dataset/test/drawerpickstir40/012.txt, sliding_window 7-26, Predict Action: drawer, Groud truth: [0 0 0 0 0 0 0 0 0 0 0 0 1 1 1 1 1 1 1 1]
Predicted: ./dataset/test/drawerpickstir40/012.txt, sliding_window 8-27, Predict Action: drawer, Groud truth: [0 0 0 0 0 0 0 0 0 0 0 1 1 1 1 1 1 1 1 1]
Predicted: ./dataset/test/drawerpickstir40/012.txt, sliding_window 9-28, Predict Action: drawer, Groud truth: [0 0 0 0 0 0 0 0 0 0 1 1 1 1 1 1 1 1 1 2]
Predicted: ./dataset/test/drawerpickstir40/012.txt, sliding_window 10-29, Predict Action: drawer, Groud truth: [0 0 0 0 0 0 0 0 0 1 1 1 1 1 1 1 1 1 2 2]
Predicted: ./dataset/test/drawerpickstir40/012.txt, sliding_window 11-30, Predict Action: drawer, Groud truth: [0 0 0 0 0 0 0 0 1 1 1 1 1 1 1 1 1 2 2 2]
Predicted: ./dataset/test/drawerpickstir40/012.txt, sliding_window 12-31, Predict Action: drawer, Groud truth: [0 0 0 0 0 0 0 1 1 1 1 1 1 1 1 1 2 2 2 2]
Predicted: ./dataset/test/drawerpickstir40/012.txt, sliding_window 13-32, Predict Action: drawer, Groud truth: [0 0 0 0 0 0 1 1 1 1 1 1 1 1 1 2 2 2 2 2]
Predicted: ./dataset/test/drawerpickstir40/012.txt, sliding_window 14-33, Predict Action: stir, Groud truth: [0 0 0 0 0 1 1 1 1 1 1 1 1 1 2 2 2 2 2 2]
Predicted: ./dataset/test/drawerpickstir40/012.txt, sliding_window 15-34, Predict Action: stir, Groud truth: [0 0 0 0 1 1 1 1 1 1 1 1 1 2 2 2 2 2 2 2]
Predicted: ./dataset/test/drawerpickstir40/012.txt, sliding_window 16-35, Predict Action: stir, Groud truth: [0 0 0 1 1 1 1 1 1 1 1 1 2 2 2 2 2 2 2 2]
Predicted: ./dataset/test/drawerpickstir40/012.txt, sliding_window 17-36, Predict Action: stir, Groud truth: [0 0 1 1 1 1 1 1 1 1 1 2 2 2 2 2 2 2 2 2]
Predicted: ./dataset/test/drawerpickstir40/012.txt, sliding_window 18-37, Predict Action: stir, Groud truth: [0 1 1 1 1 1 1 1 1 1 2 2 2 2 2 2 2 2 2 2]
Predicted: ./dataset/test/drawerpickstir40/012.txt, sliding_window 19-38, Predict Action: stir, Groud truth: [1 1 1 1 1 1 1 1 1 2 2 2 2 2 2 2 2 2 2 2]
Predicted: ./dataset/test/drawerpickstir40/012.txt, sliding_window 20-39, Predict Action: stir, Groud truth: [1 1 1 1 1 1 1 1 2 2 2 2 2 2 2 2 2 2 2 2]
Predicted: ./dataset/test/drawerpickstir40/012.txt, sliding_window 21-40, Predict Action: stir, Groud truth: [1 1 1 1 1 1 1 2 2 2 2 2 2 2 2 2 2 2 2 2]
Predicted: ./dataset/test/drawerpickstir40/012.txt, sliding_window 22-41, Predict Action: stir, Groud truth: [1 1 1 1 1 1 2 2 2 2 2 2 2 2 2 2 2 2 2 2]
Predicted: ./dataset/test/drawerpickstir40/012.txt, sliding_window 23-42, Predict Action: stir, Groud truth: [1 1 1 1 1 2 2 2 2 2 2 2 2 2 2 2 2 2 2 2]
Predicted: ./dataset/test/drawerpickstir40/012.txt, sliding_window 24-43, Predict Action: stir, Groud truth: [1 1 1 1 2 2 2 2 2 2 2 2 2 2 2 2 2 2 2 2]
Predicted: ./dataset/test/drawerpickstir40/012.txt, sliding_window 25-44, Predict Action: stir, Groud truth: [1 1 1 2 2 2 2 2 2 2 2 2 2 2 2 2 2 2 2 2]
Predicted: ./dataset/test/drawerpickstir40/012.txt, sliding_window 26-45, Predict Action: stir, Groud truth: [1 1 2 2 2 2 2 2 2 2 2 2 2 2 2 2 2 2 2 2]
Predicted: ./dataset/test/drawerpickstir40/012.txt, sliding_window 27-46, Predict Action: stir, Groud truth: [1 2 2 2 2 2 2 2 2 2 2 2 2 2 2 2 2 2 2 2]
Predicted: ./dataset/test/drawerpickstir40/012.txt, sliding_window 28-47, Predict Action: stir, Groud truth: stir
Predicted: ./dataset/test/drawerpickstir40/012.txt, sliding_window 29-48, Predict Action: stir, Groud truth: stir
Predicted: ./dataset/test/drawerpickstir40/012.txt, sliding_window 30-49, Predict Action: stir, Groud truth: stir
Predicted: ./dataset/test/drawerpickstir40/012.txt, sliding_window 31-50, Predict Action: stir, Groud truth: stir
Predicted: ./dataset/test/drawerpickstir40/012.txt, sliding_window 32-51, Predict Action: stir, Groud truth: stir
Predicted: ./dataset/test/drawerpickstir40/012.txt, sliding_window 33-52, Predict Action: stir, Groud truth: stir
Predicted: ./dataset/test/drawerpickstir40/012.txt, sliding_window 34-53, Predict Action: stir, Groud truth: stir
Predicted: ./dataset/test/drawerpickstir40/012.txt, sliding_window 35-54, Predict Action: stir, Groud truth: stir
Predicted: ./dataset/test/drawerpickstir40/012.txt, sliding_window 36-55, Predict Action: stir, Groud truth: stir
Predicted: ./dataset/test/drawerpickstir40/012.txt, sliding_window 37-56, Predict Action: stir, Groud truth: stir
Predicted: ./dataset/test/drawerpickstir40/012.txt, sliding_window 38-57, Predict Action: stir, Groud truth: stir
Predicted: ./dataset/test/drawerpickstir40/012.txt, sliding_window 39-58, Predict Action: stir, Groud truth: stir
Predicted: ./dataset/test/drawerpickstir40/012.txt, sliding_window 40-59, Predict Action: stir, Groud truth: stir
Predicted: ./dataset/test/drawerpickstir40/012.txt, sliding_window 41-60, Predict Action: stir, Groud truth: stir
Predicted: ./dataset/test/drawerpickstir40/012.txt, sliding_window 42-61, Predict Action: stir, Groud truth: stir
Predicted: ./dataset/test/drawerpickstir40/012.txt, sliding_window 43-62, Predict Action: stir, Groud truth: stir
Predicted: ./dataset/test/drawerpickstir40/012.txt, sliding_window 44-63, Predict Action: stir, Groud truth: stir
Predicted: ./dataset/test/drawerpickstir40/012.txt, sliding_window 45-64, Predict Action: stir, Groud truth: stir
Predicted: ./dataset/test/drawerpickstir40/012.txt, sliding_window 46-65, Predict Action: stir, Groud truth: stir
Predicted: ./dataset/test/drawerpickstir40/012.txt, sliding_window 47-66, Predict Action: stir, Groud truth: stir
Predicted: ./dataset/test/drawerpickstir40/012.txt, sliding_window 48-67, Predict Action: stir, Groud truth: stir
Predicted: ./dataset/test/drawerpickstir40/012.txt, sliding_window 49-68, Predict Action: stir, Groud truth: stir
Predicted: ./dataset/test/drawerpickstir40/012.txt, sliding_window 50-69, Predict Action: stir, Groud truth: stir
Predicted: ./dataset/test/drawerpickstir40/013.txt, sliding_window 51-70, Predict Action: drawer, Groud truth: drawer
Predicted: ./dataset/test/drawerpickstir40/013.txt, sliding_window 0-19, Predict Action: drawer, Groud truth: [0 0 0 0 0 0 0 0 0 0 0 0 0 0 0 0 0 0 0 1]
Predicted: ./dataset/test/drawerpickstir40/013.txt, sliding_window 1-20, Predict Action: drawer, Groud truth: [0 0 0 0 0 0 0 0 0 0 0 0 0 0 0 0 0 0 1 1]
Predicted: ./dataset/test/drawerpickstir40/013.txt, sliding_window 2-21, Predict Action: drawer, Groud truth: [0 0 0 0 0 0 0 0 0 0 0 0 0 0 0 0 0 1 1 1]
Predicted: ./dataset/test/drawerpickstir40/013.txt, sliding_window 3-22, Predict Action: drawer, Groud truth: [0 0 0 0 0 0 0 0 0 0 0 0 0 0 0 0 1 1 1 1]
Predicted: ./dataset/test/drawerpickstir40/013.txt, sliding_window 4-23, Predict Action: drawer, Groud truth: [0 0 0 0 0 0 0 0 0 0 0 0 0 0 0 1 1 1 1 1]
Predicted: ./dataset/test/drawerpickstir40/013.txt, sliding_window 5-24, Predict Action: drawer, Groud truth: [0 0 0 0 0 0 0 0 0 0 0 0 0 0 1 1 1 1 1 1]
Predicted: ./dataset/test/drawerpickstir40/013.txt, sliding_window 6-25, Predict Action: drawer, Groud truth: [0 0 0 0 0 0 0 0 0 0 0 0 0 1 1 1 1 1 1 1]
Predicted: ./dataset/test/drawerpickstir40/013.txt, sliding_window 7-26, Predict Action: drawer, Groud truth: [0 0 0 0 0 0 0 0 0 0 0 0 1 1 1 1 1 1 1 1]
Predicted: ./dataset/test/drawerpickstir40/013.txt, sliding_window 8-27, Predict Action: drawer, Groud truth: [0 0 0 0 0 0 0 0 0 0 0 1 1 1 1 1 1 1 1 2]
Predicted: ./dataset/test/drawerpickstir40/013.txt, sliding_window 9-28, Predict Action: drawer, Groud truth: [0 0 0 0 0 0 0 0 0 0 1 1 1 1 1 1 1 1 2 2]
Predicted: ./dataset/test/drawerpickstir40/013.txt, sliding_window 10-29, Predict Action: drawer, Groud truth: [0 0 0 0 0 0 0 0 0 1 1 1 1 1 1 1 1 2 2 2]
Predicted: ./dataset/test/drawerpickstir40/013.txt, sliding_window 11-30, Predict Action: drawer, Groud truth: [0 0 0 0 0 0 0 0 1 1 1 1 1 1 1 1 2 2 2 2]
Predicted: ./dataset/test/drawerpickstir40/013.txt, sliding_window 12-31, Predict Action: drawer, Groud truth: [0 0 0 0 0 0 0 1 1 1 1 1 1 1 1 2 2 2 2 2]
Predicted: ./dataset/test/drawerpickstir40/013.txt, sliding_window 13-32, Predict Action: stir, Groud truth: [0 0 0 0 0 0 1 1 1 1 1 1 1 1 2 2 2 2 2 2]
Predicted: ./dataset/test/drawerpickstir40/013.txt, sliding_window 14-33, Predict Action: stir, Groud truth: [0 0 0 0 0 1 1 1 1 1 1 1 1 2 2 2 2 2 2 2]
Predicted: ./dataset/test/drawerpickstir40/013.txt, sliding_window 15-34, Predict Action: stir, Groud truth: [0 0 0 0 1 1 1 1 1 1 1 1 2 2 2 2 2 2 2 2]
Predicted: ./dataset/test/drawerpickstir40/013.txt, sliding_window 16-35, Predict Action: stir, Groud truth: [0 0 0 1 1 1 1 1 1 1 1 2 2 2 2 2 2 2 2 2]
Predicted: ./dataset/test/drawerpickstir40/013.txt, sliding_window 17-36, Predict Action: stir, Groud truth: [0 0 1 1 1 1 1 1 1 1 2 2 2 2 2 2 2 2 2 2]
Predicted: ./dataset/test/drawerpickstir40/013.txt, sliding_window 18-37, Predict Action: stir, Groud truth: [0 1 1 1 1 1 1 1 1 2 2 2 2 2 2 2 2 2 2 2]
Predicted: ./dataset/test/drawerpickstir40/013.txt, sliding_window 19-38, Predict Action: stir, Groud truth: [1 1 1 1 1 1 1 1 2 2 2 2 2 2 2 2 2 2 2 2]
Predicted: ./dataset/test/drawerpickstir40/013.txt, sliding_window 20-39, Predict Action: stir, Groud truth: [1 1 1 1 1 1 1 2 2 2 2 2 2 2 2 2 2 2 2 2]
Predicted: ./dataset/test/drawerpickstir40/013.txt, sliding_window 21-40, Predict Action: stir, Groud truth: [1 1 1 1 1 1 2 2 2 2 2 2 2 2 2 2 2 2 2 2]
Predicted: ./dataset/test/drawerpickstir40/013.txt, sliding_window 22-41, Predict Action: stir, Groud truth: [1 1 1 1 1 2 2 2 2 2 2 2 2 2 2 2 2 2 2 2]
Predicted: ./dataset/test/drawerpickstir40/013.txt, sliding_window 23-42, Predict Action: stir, Groud truth: [1 1 1 1 2 2 2 2 2 2 2 2 2 2 2 2 2 2 2 2]
Predicted: ./dataset/test/drawerpickstir40/013.txt, sliding_window 24-43, Predict Action: stir, Groud truth: [1 1 1 2 2 2 2 2 2 2 2 2 2 2 2 2 2 2 2 2]
Predicted: ./dataset/test/drawerpickstir40/013.txt, sliding_window 25-44, Predict Action: stir, Groud truth: [1 1 2 2 2 2 2 2 2 2 2 2 2 2 2 2 2 2 2 2]
Predicted: ./dataset/test/drawerpickstir40/013.txt, sliding_window 26-45, Predict Action: stir, Groud truth: [1 2 2 2 2 2 2 2 2 2 2 2 2 2 2 2 2 2 2 2]
Predicted: ./dataset/test/drawerpickstir40/013.txt, sliding_window 27-46, Predict Action: stir, Groud truth: stir
Predicted: ./dataset/test/drawerpickstir40/013.txt, sliding_window 28-47, Predict Action: stir, Groud truth: stir
Predicted: ./dataset/test/drawerpickstir40/013.txt, sliding_window 29-48, Predict Action: stir, Groud truth: stir
Predicted: ./dataset/test/drawerpickstir40/013.txt, sliding_window 30-49, Predict Action: stir, Groud truth: stir
Predicted: ./dataset/test/drawerpickstir40/013.txt, sliding_window 31-50, Predict Action: stir, Groud truth: stir
Predicted: ./dataset/test/drawerpickstir40/013.txt, sliding_window 32-51, Predict Action: stir, Groud truth: stir
Predicted: ./dataset/test/drawerpickstir40/013.txt, sliding_window 33-52, Predict Action: stir, Groud truth: stir
Predicted: ./dataset/test/drawerpickstir40/013.txt, sliding_window 34-53, Predict Action: stir, Groud truth: stir
Predicted: ./dataset/test/drawerpickstir40/013.txt, sliding_window 35-54, Predict Action: stir, Groud truth: stir
Predicted: ./dataset/test/drawerpickstir40/013.txt, sliding_window 36-55, Predict Action: stir, Groud truth: stir
Predicted: ./dataset/test/drawerpickstir40/013.txt, sliding_window 37-56, Predict Action: stir, Groud truth: stir
Predicted: ./dataset/test/drawerpickstir40/013.txt, sliding_window 38-57, Predict Action: stir, Groud truth: stir
Predicted: ./dataset/test/drawerpickstir40/013.txt, sliding_window 39-58, Predict Action: stir, Groud truth: stir
Predicted: ./dataset/test/drawerpickstir40/013.txt, sliding_window 40-59, Predict Action: stir, Groud truth: stir
Predicted: ./dataset/test/drawerpickstir40/013.txt, sliding_window 41-60, Predict Action: stir, Groud truth: stir
Predicted: ./dataset/test/drawerpickstir40/013.txt, sliding_window 42-61, Predict Action: stir, Groud truth: stir
Predicted: ./dataset/test/drawerpickstir40/013.txt, sliding_window 43-62, Predict Action: stir, Groud truth: stir
Predicted: ./dataset/test/drawerpickstir40/013.txt, sliding_window 44-63, Predict Action: stir, Groud truth: stir
Predicted: ./dataset/test/drawerpickstir40/013.txt, sliding_window 45-64, Predict Action: stir, Groud truth: stir
Predicted: ./dataset/test/drawerpickstir40/013.txt, sliding_window 46-65, Predict Action: stir, Groud truth: stir
Predicted: ./dataset/test/drawerpickstir40/013.txt, sliding_window 47-66, Predict Action: stir, Groud truth: stir
Predicted: ./dataset/test/drawerpickstir40/013.txt, sliding_window 48-67, Predict Action: stir, Groud truth: stir
Predicted: ./dataset/test/drawerpickstir40/013.txt, sliding_window 49-68, Predict Action: stir, Groud truth: stir
Predicted: ./dataset/test/drawerpickstir40/013.txt, sliding_window 50-69, Predict Action: stir, Groud truth: stir
Predicted: ./dataset/test/drawerpickstir40/013.txt, sliding_window 51-70, Predict Action: stir, Groud truth: stir
Predicted: ./dataset/test/drawerpickstir40/013.txt, sliding_window 52-71, Predict Action: stir, Groud truth: stir
Predicted: ./dataset/test/drawerpickstir40/013.txt, sliding_window 53-72, Predict Action: stir, Groud truth: stir
Predicted: ./dataset/test/drawerpickstir40/013.txt, sliding_window 54-73, Predict Action: stir, Groud truth: stir
Predicted: ./dataset/test/drawerpickstir40/013.txt, sliding_window 55-74, Predict Action: stir, Groud truth: stir
Predicted: ./dataset/test/drawerpickstir40/013.txt, sliding_window 56-75, Predict Action: stir, Groud truth: stir
Predicted: ./dataset/test/drawerpickstir40/014.txt, sliding_window 57-76, Predict Action: drawer, Groud truth: drawer
Predicted: ./dataset/test/drawerpickstir40/014.txt, sliding_window 0-19, Predict Action: drawer, Groud truth: [0 0 0 0 0 0 0 0 0 0 0 0 0 0 0 0 0 0 0 1]
Predicted: ./dataset/test/drawerpickstir40/014.txt, sliding_window 1-20, Predict Action: drawer, Groud truth: [0 0 0 0 0 0 0 0 0 0 0 0 0 0 0 0 0 0 1 1]
Predicted: ./dataset/test/drawerpickstir40/014.txt, sliding_window 2-21, Predict Action: drawer, Groud truth: [0 0 0 0 0 0 0 0 0 0 0 0 0 0 0 0 0 1 1 1]
Predicted: ./dataset/test/drawerpickstir40/014.txt, sliding_window 3-22, Predict Action: drawer, Groud truth: [0 0 0 0 0 0 0 0 0 0 0 0 0 0 0 0 1 1 1 1]
Predicted: ./dataset/test/drawerpickstir40/014.txt, sliding_window 4-23, Predict Action: drawer, Groud truth: [0 0 0 0 0 0 0 0 0 0 0 0 0 0 0 1 1 1 1 1]
Predicted: ./dataset/test/drawerpickstir40/014.txt, sliding_window 5-24, Predict Action: drawer, Groud truth: [0 0 0 0 0 0 0 0 0 0 0 0 0 0 1 1 1 1 1 1]
Predicted: ./dataset/test/drawerpickstir40/014.txt, sliding_window 6-25, Predict Action: stir, Groud truth: [0 0 0 0 0 0 0 0 0 0 0 0 0 1 1 1 1 1 1 1]
Predicted: ./dataset/test/drawerpickstir40/014.txt, sliding_window 7-26, Predict Action: stir, Groud truth: [0 0 0 0 0 0 0 0 0 0 0 0 1 1 1 1 1 1 1 1]
Predicted: ./dataset/test/drawerpickstir40/014.txt, sliding_window 8-27, Predict Action: pick, Groud truth: [0 0 0 0 0 0 0 0 0 0 0 1 1 1 1 1 1 1 1 1]
Predicted: ./dataset/test/drawerpickstir40/014.txt, sliding_window 9-28, Predict Action: pick, Groud truth: [0 0 0 0 0 0 0 0 0 0 1 1 1 1 1 1 1 1 1 1]
Predicted: ./dataset/test/drawerpickstir40/014.txt, sliding_window 10-29, Predict Action: pick, Groud truth: [0 0 0 0 0 0 0 0 0 1 1 1 1 1 1 1 1 1 1 1]
Predicted: ./dataset/test/drawerpickstir40/014.txt, sliding_window 11-30, Predict Action: pick, Groud truth: [0 0 0 0 0 0 0 0 1 1 1 1 1 1 1 1 1 1 1 2]
Predicted: ./dataset/test/drawerpickstir40/014.txt, sliding_window 12-31, Predict Action: pick, Groud truth: [0 0 0 0 0 0 0 1 1 1 1 1 1 1 1 1 1 1 2 2]
Predicted: ./dataset/test/drawerpickstir40/014.txt, sliding_window 13-32, Predict Action: pick, Groud truth: [0 0 0 0 0 0 1 1 1 1 1 1 1 1 1 1 1 2 2 2]
Predicted: ./dataset/test/drawerpickstir40/014.txt, sliding_window 14-33, Predict Action: pick, Groud truth: [0 0 0 0 0 1 1 1 1 1 1 1 1 1 1 1 2 2 2 2]
Predicted: ./dataset/test/drawerpickstir40/014.txt, sliding_window 15-34, Predict Action: pick, Groud truth: [0 0 0 0 1 1 1 1 1 1 1 1 1 1 1 2 2 2 2 2]
Predicted: ./dataset/test/drawerpickstir40/014.txt, sliding_window 16-35, Predict Action: stir, Groud truth: [0 0 0 1 1 1 1 1 1 1 1 1 1 1 2 2 2 2 2 2]
Predicted: ./dataset/test/drawerpickstir40/014.txt, sliding_window 17-36, Predict Action: stir, Groud truth: [0 0 1 1 1 1 1 1 1 1 1 1 1 2 2 2 2 2 2 2]
Predicted: ./dataset/test/drawerpickstir40/014.txt, sliding_window 18-37, Predict Action: stir, Groud truth: [0 1 1 1 1 1 1 1 1 1 1 1 2 2 2 2 2 2 2 2]
Predicted: ./dataset/test/drawerpickstir40/014.txt, sliding_window 19-38, Predict Action: stir, Groud truth: [1 1 1 1 1 1 1 1 1 1 1 2 2 2 2 2 2 2 2 2]
Predicted: ./dataset/test/drawerpickstir40/014.txt, sliding_window 20-39, Predict Action: stir, Groud truth: [1 1 1 1 1 1 1 1 1 1 2 2 2 2 2 2 2 2 2 2]
Predicted: ./dataset/test/drawerpickstir40/014.txt, sliding_window 21-40, Predict Action: stir, Groud truth: [1 1 1 1 1 1 1 1 1 2 2 2 2 2 2 2 2 2 2 2]
Predicted: ./dataset/test/drawerpickstir40/014.txt, sliding_window 22-41, Predict Action: stir, Groud truth: [1 1 1 1 1 1 1 1 2 2 2 2 2 2 2 2 2 2 2 2]
Predicted: ./dataset/test/drawerpickstir40/014.txt, sliding_window 23-42, Predict Action: stir, Groud truth: [1 1 1 1 1 1 1 2 2 2 2 2 2 2 2 2 2 2 2 2]
Predicted: ./dataset/test/drawerpickstir40/014.txt, sliding_window 24-43, Predict Action: stir, Groud truth: [1 1 1 1 1 1 2 2 2 2 2 2 2 2 2 2 2 2 2 2]
Predicted: ./dataset/test/drawerpickstir40/014.txt, sliding_window 25-44, Predict Action: stir, Groud truth: [1 1 1 1 1 2 2 2 2 2 2 2 2 2 2 2 2 2 2 2]
Predicted: ./dataset/test/drawerpickstir40/014.txt, sliding_window 26-45, Predict Action: stir, Groud truth: [1 1 1 1 2 2 2 2 2 2 2 2 2 2 2 2 2 2 2 2]
Predicted: ./dataset/test/drawerpickstir40/014.txt, sliding_window 27-46, Predict Action: stir, Groud truth: [1 1 1 2 2 2 2 2 2 2 2 2 2 2 2 2 2 2 2 2]
Predicted: ./dataset/test/drawerpickstir40/014.txt, sliding_window 28-47, Predict Action: stir, Groud truth: [1 1 2 2 2 2 2 2 2 2 2 2 2 2 2 2 2 2 2 2]
Predicted: ./dataset/test/drawerpickstir40/014.txt, sliding_window 29-48, Predict Action: stir, Groud truth: [1 2 2 2 2 2 2 2 2 2 2 2 2 2 2 2 2 2 2 2]
Predicted: ./dataset/test/drawerpickstir40/014.txt, sliding_window 30-49, Predict Action: stir, Groud truth: stir
Predicted: ./dataset/test/drawerpickstir40/014.txt, sliding_window 31-50, Predict Action: stir, Groud truth: stir
Predicted: ./dataset/test/drawerpickstir40/014.txt, sliding_window 32-51, Predict Action: stir, Groud truth: stir
Predicted: ./dataset/test/drawerpickstir40/014.txt, sliding_window 33-52, Predict Action: stir, Groud truth: stir
Predicted: ./dataset/test/drawerpickstir40/014.txt, sliding_window 34-53, Predict Action: stir, Groud truth: stir
Predicted: ./dataset/test/drawerpickstir40/014.txt, sliding_window 35-54, Predict Action: stir, Groud truth: stir
Predicted: ./dataset/test/drawerpickstir40/014.txt, sliding_window 36-55, Predict Action: stir, Groud truth: stir
Predicted: ./dataset/test/drawerpickstir40/014.txt, sliding_window 37-56, Predict Action: stir, Groud truth: stir
Predicted: ./dataset/test/drawerpickstir40/014.txt, sliding_window 38-57, Predict Action: stir, Groud truth: stir
Predicted: ./dataset/test/drawerpickstir40/014.txt, sliding_window 39-58, Predict Action: stir, Groud truth: stir
Predicted: ./dataset/test/drawerpickstir40/014.txt, sliding_window 40-59, Predict Action: stir, Groud truth: stir
Predicted: ./dataset/test/drawerpickstir40/014.txt, sliding_window 41-60, Predict Action: stir, Groud truth: stir
Predicted: ./dataset/test/drawerpickstir40/014.txt, sliding_window 42-61, Predict Action: stir, Groud truth: stir
Predicted: ./dataset/test/drawerpickstir40/014.txt, sliding_window 43-62, Predict Action: stir, Groud truth: stir
Predicted: ./dataset/test/drawerpickstir40/014.txt, sliding_window 44-63, Predict Action: stir, Groud truth: stir
Predicted: ./dataset/test/drawerpickstir40/014.txt, sliding_window 45-64, Predict Action: stir, Groud truth: stir
Predicted: ./dataset/test/drawerpickstir40/014.txt, sliding_window 46-65, Predict Action: stir, Groud truth: stir
Predicted: ./dataset/test/drawerpickstir40/014.txt, sliding_window 47-66, Predict Action: stir, Groud truth: stir
Predicted: ./dataset/test/drawerpickstir40/014.txt, sliding_window 48-67, Predict Action: stir, Groud truth: stir
Predicted: ./dataset/test/drawerpickstir40/014.txt, sliding_window 49-68, Predict Action: stir, Groud truth: stir
Predicted: ./dataset/test/drawerpickstir40/014.txt, sliding_window 50-69, Predict Action: stir, Groud truth: stir
Predicted: ./dataset/test/drawerpickstir40/014.txt, sliding_window 51-70, Predict Action: stir, Groud truth: stir
Predicted: ./dataset/test/drawerpickstir40/014.txt, sliding_window 52-71, Predict Action: stir, Groud truth: stir
Predicted: ./dataset/test/drawerpickstir40/014.txt, sliding_window 53-72, Predict Action: stir, Groud truth: stir
Predicted: ./dataset/test/drawerpickstir40/014.txt, sliding_window 54-73, Predict Action: stir, Groud truth: stir
Predicted: ./dataset/test/drawerpickstir40/014.txt, sliding_window 55-74, Predict Action: stir, Groud truth: stir
Predicted: ./dataset/test/drawerpickstir40/014.txt, sliding_window 56-75, Predict Action: stir, Groud truth: stir
Predicted: ./dataset/test/drawerpickstir40/014.txt, sliding_window 57-76, Predict Action: stir, Groud truth: stir
Predicted: ./dataset/test/drawerpickstir40/014.txt, sliding_window 58-77, Predict Action: stir, Groud truth: stir
Predicted: ./dataset/test/drawerpickstir40/014.txt, sliding_window 59-78, Predict Action: stir, Groud truth: stir
Predicted: ./dataset/test/drawerpickstir40/014.txt, sliding_window 60-79, Predict Action: stir, Groud truth: stir
Predicted: ./dataset/test/drawerpickstir40/015.txt, sliding_window 61-80, Predict Action: drawer, Groud truth: drawer
Predicted: ./dataset/test/drawerpickstir40/015.txt, sliding_window 0-19, Predict Action: drawer, Groud truth: [0 0 0 0 0 0 0 0 0 0 0 0 0 0 0 0 0 0 0 1]
Predicted: ./dataset/test/drawerpickstir40/015.txt, sliding_window 1-20, Predict Action: drawer, Groud truth: [0 0 0 0 0 0 0 0 0 0 0 0 0 0 0 0 0 0 1 1]
Predicted: ./dataset/test/drawerpickstir40/015.txt, sliding_window 2-21, Predict Action: drawer, Groud truth: [0 0 0 0 0 0 0 0 0 0 0 0 0 0 0 0 0 1 1 1]
Predicted: ./dataset/test/drawerpickstir40/015.txt, sliding_window 3-22, Predict Action: drawer, Groud truth: [0 0 0 0 0 0 0 0 0 0 0 0 0 0 0 0 1 1 1 1]
Predicted: ./dataset/test/drawerpickstir40/015.txt, sliding_window 4-23, Predict Action: drawer, Groud truth: [0 0 0 0 0 0 0 0 0 0 0 0 0 0 0 1 1 1 1 1]
Predicted: ./dataset/test/drawerpickstir40/015.txt, sliding_window 5-24, Predict Action: drawer, Groud truth: [0 0 0 0 0 0 0 0 0 0 0 0 0 0 1 1 1 1 1 1]
Predicted: ./dataset/test/drawerpickstir40/015.txt, sliding_window 6-25, Predict Action: drawer, Groud truth: [0 0 0 0 0 0 0 0 0 0 0 0 0 1 1 1 1 1 1 1]
Predicted: ./dataset/test/drawerpickstir40/015.txt, sliding_window 7-26, Predict Action: pick, Groud truth: [0 0 0 0 0 0 0 0 0 0 0 0 1 1 1 1 1 1 1 1]
Predicted: ./dataset/test/drawerpickstir40/015.txt, sliding_window 8-27, Predict Action: drawer, Groud truth: [0 0 0 0 0 0 0 0 0 0 0 1 1 1 1 1 1 1 1 1]
Predicted: ./dataset/test/drawerpickstir40/015.txt, sliding_window 9-28, Predict Action: drawer, Groud truth: [0 0 0 0 0 0 0 0 0 0 1 1 1 1 1 1 1 1 1 1]
Predicted: ./dataset/test/drawerpickstir40/015.txt, sliding_window 10-29, Predict Action: drawer, Groud truth: [0 0 0 0 0 0 0 0 0 1 1 1 1 1 1 1 1 1 1 2]
Predicted: ./dataset/test/drawerpickstir40/015.txt, sliding_window 11-30, Predict Action: drawer, Groud truth: [0 0 0 0 0 0 0 0 1 1 1 1 1 1 1 1 1 1 2 2]
Predicted: ./dataset/test/drawerpickstir40/015.txt, sliding_window 12-31, Predict Action: drawer, Groud truth: [0 0 0 0 0 0 0 1 1 1 1 1 1 1 1 1 1 2 2 2]
Predicted: ./dataset/test/drawerpickstir40/015.txt, sliding_window 13-32, Predict Action: drawer, Groud truth: [0 0 0 0 0 0 1 1 1 1 1 1 1 1 1 1 2 2 2 2]
Predicted: ./dataset/test/drawerpickstir40/015.txt, sliding_window 14-33, Predict Action: drawer, Groud truth: [0 0 0 0 0 1 1 1 1 1 1 1 1 1 1 2 2 2 2 2]
Predicted: ./dataset/test/drawerpickstir40/015.txt, sliding_window 15-34, Predict Action: drawer, Groud truth: [0 0 0 0 1 1 1 1 1 1 1 1 1 1 2 2 2 2 2 2]
Predicted: ./dataset/test/drawerpickstir40/015.txt, sliding_window 16-35, Predict Action: stir, Groud truth: [0 0 0 1 1 1 1 1 1 1 1 1 1 2 2 2 2 2 2 2]
Predicted: ./dataset/test/drawerpickstir40/015.txt, sliding_window 17-36, Predict Action: stir, Groud truth: [0 0 1 1 1 1 1 1 1 1 1 1 2 2 2 2 2 2 2 2]
Predicted: ./dataset/test/drawerpickstir40/015.txt, sliding_window 18-37, Predict Action: stir, Groud truth: [0 1 1 1 1 1 1 1 1 1 1 2 2 2 2 2 2 2 2 2]
Predicted: ./dataset/test/drawerpickstir40/015.txt, sliding_window 19-38, Predict Action: stir, Groud truth: [1 1 1 1 1 1 1 1 1 1 2 2 2 2 2 2 2 2 2 2]
Predicted: ./dataset/test/drawerpickstir40/015.txt, sliding_window 20-39, Predict Action: stir, Groud truth: [1 1 1 1 1 1 1 1 1 2 2 2 2 2 2 2 2 2 2 2]
Predicted: ./dataset/test/drawerpickstir40/015.txt, sliding_window 21-40, Predict Action: stir, Groud truth: [1 1 1 1 1 1 1 1 2 2 2 2 2 2 2 2 2 2 2 2]
Predicted: ./dataset/test/drawerpickstir40/015.txt, sliding_window 22-41, Predict Action: stir, Groud truth: [1 1 1 1 1 1 1 2 2 2 2 2 2 2 2 2 2 2 2 2]
Predicted: ./dataset/test/drawerpickstir40/015.txt, sliding_window 23-42, Predict Action: stir, Groud truth: [1 1 1 1 1 1 2 2 2 2 2 2 2 2 2 2 2 2 2 2]
Predicted: ./dataset/test/drawerpickstir40/015.txt, sliding_window 24-43, Predict Action: stir, Groud truth: [1 1 1 1 1 2 2 2 2 2 2 2 2 2 2 2 2 2 2 2]
Predicted: ./dataset/test/drawerpickstir40/015.txt, sliding_window 25-44, Predict Action: stir, Groud truth: [1 1 1 1 2 2 2 2 2 2 2 2 2 2 2 2 2 2 2 2]
Predicted: ./dataset/test/drawerpickstir40/015.txt, sliding_window 26-45, Predict Action: stir, Groud truth: [1 1 1 2 2 2 2 2 2 2 2 2 2 2 2 2 2 2 2 2]
Predicted: ./dataset/test/drawerpickstir40/015.txt, sliding_window 27-46, Predict Action: stir, Groud truth: [1 1 2 2 2 2 2 2 2 2 2 2 2 2 2 2 2 2 2 2]
Predicted: ./dataset/test/drawerpickstir40/015.txt, sliding_window 28-47, Predict Action: stir, Groud truth: [1 2 2 2 2 2 2 2 2 2 2 2 2 2 2 2 2 2 2 2]
Predicted: ./dataset/test/drawerpickstir40/015.txt, sliding_window 29-48, Predict Action: stir, Groud truth: stir
Predicted: ./dataset/test/drawerpickstir40/015.txt, sliding_window 30-49, Predict Action: stir, Groud truth: stir
Predicted: ./dataset/test/drawerpickstir40/015.txt, sliding_window 31-50, Predict Action: stir, Groud truth: stir
Predicted: ./dataset/test/drawerpickstir40/015.txt, sliding_window 32-51, Predict Action: stir, Groud truth: stir
Predicted: ./dataset/test/drawerpickstir40/015.txt, sliding_window 33-52, Predict Action: stir, Groud truth: stir
Predicted: ./dataset/test/drawerpickstir40/015.txt, sliding_window 34-53, Predict Action: stir, Groud truth: stir
Predicted: ./dataset/test/drawerpickstir40/015.txt, sliding_window 35-54, Predict Action: stir, Groud truth: stir
Predicted: ./dataset/test/drawerpickstir40/015.txt, sliding_window 36-55, Predict Action: stir, Groud truth: stir
Predicted: ./dataset/test/drawerpickstir40/015.txt, sliding_window 37-56, Predict Action: stir, Groud truth: stir
Predicted: ./dataset/test/drawerpickstir40/015.txt, sliding_window 38-57, Predict Action: stir, Groud truth: stir
Predicted: ./dataset/test/drawerpickstir40/015.txt, sliding_window 39-58, Predict Action: stir, Groud truth: stir
Predicted: ./dataset/test/drawerpickstir40/015.txt, sliding_window 40-59, Predict Action: stir, Groud truth: stir
Predicted: ./dataset/test/drawerpickstir40/015.txt, sliding_window 41-60, Predict Action: stir, Groud truth: stir
Predicted: ./dataset/test/drawerpickstir40/015.txt, sliding_window 42-61, Predict Action: stir, Groud truth: stir
Predicted: ./dataset/test/drawerpickstir40/015.txt, sliding_window 43-62, Predict Action: stir, Groud truth: stir
Predicted: ./dataset/test/drawerpickstir40/015.txt, sliding_window 44-63, Predict Action: stir, Groud truth: stir
Predicted: ./dataset/test/drawerpickstir40/015.txt, sliding_window 45-64, Predict Action: stir, Groud truth: stir
Predicted: ./dataset/test/drawerpickstir40/015.txt, sliding_window 46-65, Predict Action: stir, Groud truth: stir
Predicted: ./dataset/test/drawerpickstir40/015.txt, sliding_window 47-66, Predict Action: stir, Groud truth: stir
Predicted: ./dataset/test/drawerpickstir40/015.txt, sliding_window 48-67, Predict Action: stir, Groud truth: stir
Predicted: ./dataset/test/drawerpickstir40/015.txt, sliding_window 49-68, Predict Action: stir, Groud truth: stir
Predicted: ./dataset/test/drawerpickstir40/015.txt, sliding_window 50-69, Predict Action: stir, Groud truth: stir
Predicted: ./dataset/test/drawerpickstir40/015.txt, sliding_window 51-70, Predict Action: stir, Groud truth: stir
Predicted: ./dataset/test/drawerpickstir40/015.txt, sliding_window 52-71, Predict Action: stir, Groud truth: stir
Predicted: ./dataset/test/drawerpickstir40/015.txt, sliding_window 53-72, Predict Action: stir, Groud truth: stir
Predicted: ./dataset/test/drawerpickstir40/015.txt, sliding_window 54-73, Predict Action: stir, Groud truth: stir
Predicted: ./dataset/test/drawerpickstir40/015.txt, sliding_window 55-74, Predict Action: stir, Groud truth: stir
Predicted: ./dataset/test/drawerpickstir40/015.txt, sliding_window 56-75, Predict Action: stir, Groud truth: stir
Predicted: ./dataset/test/drawerpickstir40/015.txt, sliding_window 57-76, Predict Action: stir, Groud truth: stir
Predicted: ./dataset/test/drawerpickstir40/015.txt, sliding_window 58-77, Predict Action: stir, Groud truth: stir
Predicted: ./dataset/test/drawerpickstir40/015.txt, sliding_window 59-78, Predict Action: stir, Groud truth: stir
Predicted: ./dataset/test/drawerpickstir40/015.txt, sliding_window 60-79, Predict Action: stir, Groud truth: stir
Predicted: ./dataset/test/drawerpickstir40/015.txt, sliding_window 61-80, Predict Action: stir, Groud truth: stir
Predicted: ./dataset/test/drawerpickstir40/015.txt, sliding_window 62-81, Predict Action: stir, Groud truth: stir
Predicted: ./dataset/test/drawerpickstir40/015.txt, sliding_window 63-82, Predict Action: stir, Groud truth: stir
Predicted: ./dataset/test/drawerpickstir40/015.txt, sliding_window 64-83, Predict Action: stir, Groud truth: stir
Predicted: ./dataset/test/drawerpickstir40/016.txt, sliding_window 65-84, Predict Action: drawer, Groud truth: [0 0 0 0 0 0 0 0 0 0 0 0 0 0 0 0 0 1 1 1]
Predicted: ./dataset/test/drawerpickstir40/016.txt, sliding_window 0-19, Predict Action: drawer, Groud truth: [0 0 0 0 0 0 0 0 0 0 0 0 0 0 0 0 1 1 1 1]
Predicted: ./dataset/test/drawerpickstir40/016.txt, sliding_window 1-20, Predict Action: drawer, Groud truth: [0 0 0 0 0 0 0 0 0 0 0 0 0 0 0 1 1 1 1 1]
Predicted: ./dataset/test/drawerpickstir40/016.txt, sliding_window 2-21, Predict Action: drawer, Groud truth: [0 0 0 0 0 0 0 0 0 0 0 0 0 0 1 1 1 1 1 1]
Predicted: ./dataset/test/drawerpickstir40/016.txt, sliding_window 3-22, Predict Action: pick, Groud truth: [0 0 0 0 0 0 0 0 0 0 0 0 0 1 1 1 1 1 1 1]
Predicted: ./dataset/test/drawerpickstir40/016.txt, sliding_window 4-23, Predict Action: pick, Groud truth: [0 0 0 0 0 0 0 0 0 0 0 0 1 1 1 1 1 1 1 1]
Predicted: ./dataset/test/drawerpickstir40/016.txt, sliding_window 5-24, Predict Action: drawer, Groud truth: [0 0 0 0 0 0 0 0 0 0 0 1 1 1 1 1 1 1 1 1]
Predicted: ./dataset/test/drawerpickstir40/016.txt, sliding_window 6-25, Predict Action: drawer, Groud truth: [0 0 0 0 0 0 0 0 0 0 1 1 1 1 1 1 1 1 1 2]
Predicted: ./dataset/test/drawerpickstir40/016.txt, sliding_window 7-26, Predict Action: drawer, Groud truth: [0 0 0 0 0 0 0 0 0 1 1 1 1 1 1 1 1 1 2 2]
Predicted: ./dataset/test/drawerpickstir40/016.txt, sliding_window 8-27, Predict Action: drawer, Groud truth: [0 0 0 0 0 0 0 0 1 1 1 1 1 1 1 1 1 2 2 2]
Predicted: ./dataset/test/drawerpickstir40/016.txt, sliding_window 9-28, Predict Action: drawer, Groud truth: [0 0 0 0 0 0 0 1 1 1 1 1 1 1 1 1 2 2 2 2]
Predicted: ./dataset/test/drawerpickstir40/016.txt, sliding_window 10-29, Predict Action: drawer, Groud truth: [0 0 0 0 0 0 1 1 1 1 1 1 1 1 1 2 2 2 2 2]
Predicted: ./dataset/test/drawerpickstir40/016.txt, sliding_window 11-30, Predict Action: stir, Groud truth: [0 0 0 0 0 1 1 1 1 1 1 1 1 1 2 2 2 2 2 2]
Predicted: ./dataset/test/drawerpickstir40/016.txt, sliding_window 12-31, Predict Action: stir, Groud truth: [0 0 0 0 1 1 1 1 1 1 1 1 1 2 2 2 2 2 2 2]
Predicted: ./dataset/test/drawerpickstir40/016.txt, sliding_window 13-32, Predict Action: stir, Groud truth: [0 0 0 1 1 1 1 1 1 1 1 1 2 2 2 2 2 2 2 2]
Predicted: ./dataset/test/drawerpickstir40/016.txt, sliding_window 14-33, Predict Action: stir, Groud truth: [0 0 1 1 1 1 1 1 1 1 1 2 2 2 2 2 2 2 2 2]
Predicted: ./dataset/test/drawerpickstir40/016.txt, sliding_window 15-34, Predict Action: stir, Groud truth: [0 1 1 1 1 1 1 1 1 1 2 2 2 2 2 2 2 2 2 2]
Predicted: ./dataset/test/drawerpickstir40/016.txt, sliding_window 16-35, Predict Action: stir, Groud truth: [1 1 1 1 1 1 1 1 1 2 2 2 2 2 2 2 2 2 2 2]
Predicted: ./dataset/test/drawerpickstir40/016.txt, sliding_window 17-36, Predict Action: stir, Groud truth: [1 1 1 1 1 1 1 1 2 2 2 2 2 2 2 2 2 2 2 2]
Predicted: ./dataset/test/drawerpickstir40/016.txt, sliding_window 18-37, Predict Action: stir, Groud truth: [1 1 1 1 1 1 1 2 2 2 2 2 2 2 2 2 2 2 2 2]
Predicted: ./dataset/test/drawerpickstir40/016.txt, sliding_window 19-38, Predict Action: stir, Groud truth: [1 1 1 1 1 1 2 2 2 2 2 2 2 2 2 2 2 2 2 2]
Predicted: ./dataset/test/drawerpickstir40/016.txt, sliding_window 20-39, Predict Action: stir, Groud truth: [1 1 1 1 1 2 2 2 2 2 2 2 2 2 2 2 2 2 2 2]
Predicted: ./dataset/test/drawerpickstir40/016.txt, sliding_window 21-40, Predict Action: stir, Groud truth: [1 1 1 1 2 2 2 2 2 2 2 2 2 2 2 2 2 2 2 2]
Predicted: ./dataset/test/drawerpickstir40/016.txt, sliding_window 22-41, Predict Action: stir, Groud truth: [1 1 1 2 2 2 2 2 2 2 2 2 2 2 2 2 2 2 2 2]
Predicted: ./dataset/test/drawerpickstir40/016.txt, sliding_window 23-42, Predict Action: stir, Groud truth: [1 1 2 2 2 2 2 2 2 2 2 2 2 2 2 2 2 2 2 2]
Predicted: ./dataset/test/drawerpickstir40/016.txt, sliding_window 24-43, Predict Action: stir, Groud truth: [1 2 2 2 2 2 2 2 2 2 2 2 2 2 2 2 2 2 2 2]
Predicted: ./dataset/test/drawerpickstir40/016.txt, sliding_window 25-44, Predict Action: stir, Groud truth: stir
Predicted: ./dataset/test/drawerpickstir40/016.txt, sliding_window 26-45, Predict Action: stir, Groud truth: stir
Predicted: ./dataset/test/drawerpickstir40/016.txt, sliding_window 27-46, Predict Action: stir, Groud truth: stir
Predicted: ./dataset/test/drawerpickstir40/016.txt, sliding_window 28-47, Predict Action: stir, Groud truth: stir
Predicted: ./dataset/test/drawerpickstir40/016.txt, sliding_window 29-48, Predict Action: stir, Groud truth: stir
Predicted: ./dataset/test/drawerpickstir40/016.txt, sliding_window 30-49, Predict Action: stir, Groud truth: stir
Predicted: ./dataset/test/drawerpickstir40/016.txt, sliding_window 31-50, Predict Action: stir, Groud truth: stir
Predicted: ./dataset/test/drawerpickstir40/016.txt, sliding_window 32-51, Predict Action: stir, Groud truth: stir
Predicted: ./dataset/test/drawerpickstir40/016.txt, sliding_window 33-52, Predict Action: stir, Groud truth: stir
Predicted: ./dataset/test/drawerpickstir40/016.txt, sliding_window 34-53, Predict Action: stir, Groud truth: stir
Predicted: ./dataset/test/drawerpickstir40/016.txt, sliding_window 35-54, Predict Action: stir, Groud truth: stir
Predicted: ./dataset/test/drawerpickstir40/016.txt, sliding_window 36-55, Predict Action: stir, Groud truth: stir
Predicted: ./dataset/test/drawerpickstir40/016.txt, sliding_window 37-56, Predict Action: stir, Groud truth: stir
Predicted: ./dataset/test/drawerpickstir40/016.txt, sliding_window 38-57, Predict Action: stir, Groud truth: stir
Predicted: ./dataset/test/drawerpickstir40/016.txt, sliding_window 39-58, Predict Action: stir, Groud truth: stir
Predicted: ./dataset/test/drawerpickstir40/016.txt, sliding_window 40-59, Predict Action: stir, Groud truth: stir
Predicted: ./dataset/test/drawerpickstir40/016.txt, sliding_window 41-60, Predict Action: stir, Groud truth: stir
Predicted: ./dataset/test/drawerpickstir40/016.txt, sliding_window 42-61, Predict Action: stir, Groud truth: stir
Predicted: ./dataset/test/drawerpickstir40/016.txt, sliding_window 43-62, Predict Action: stir, Groud truth: stir
Predicted: ./dataset/test/drawerpickstir40/016.txt, sliding_window 44-63, Predict Action: stir, Groud truth: stir
Predicted: ./dataset/test/drawerpickstir40/016.txt, sliding_window 45-64, Predict Action: stir, Groud truth: stir
Predicted: ./dataset/test/drawerpickstir40/016.txt, sliding_window 46-65, Predict Action: stir, Groud truth: stir
Predicted: ./dataset/test/drawerpickstir40/016.txt, sliding_window 47-66, Predict Action: stir, Groud truth: stir
Predicted: ./dataset/test/drawerpickstir40/016.txt, sliding_window 48-67, Predict Action: stir, Groud truth: stir
Predicted: ./dataset/test/drawerpickstir40/016.txt, sliding_window 49-68, Predict Action: stir, Groud truth: stir
Predicted: ./dataset/test/drawerpickstir40/016.txt, sliding_window 50-69, Predict Action: stir, Groud truth: stir
Predicted: ./dataset/test/drawerpickstir40/016.txt, sliding_window 51-70, Predict Action: stir, Groud truth: stir
Predicted: ./dataset/test/drawerpickstir40/016.txt, sliding_window 52-71, Predict Action: stir, Groud truth: stir
Predicted: ./dataset/test/drawerpickstir40/016.txt, sliding_window 53-72, Predict Action: stir, Groud truth: stir
Predicted: ./dataset/test/drawerpickstir40/016.txt, sliding_window 54-73, Predict Action: stir, Groud truth: stir
Predicted: ./dataset/test/drawerpickstir40/016.txt, sliding_window 55-74, Predict Action: stir, Groud truth: stir
Predicted: ./dataset/test/drawerpickstir40/016.txt, sliding_window 56-75, Predict Action: stir, Groud truth: stir
Predicted: ./dataset/test/drawerpickstir40/016.txt, sliding_window 57-76, Predict Action: stir, Groud truth: stir
Predicted: ./dataset/test/drawerpickstir40/017.txt, sliding_window 58-77, Predict Action: drawer, Groud truth: [0 0 0 0 0 0 0 0 0 0 0 0 0 0 0 0 0 0 1 1]
Predicted: ./dataset/test/drawerpickstir40/017.txt, sliding_window 0-19, Predict Action: drawer, Groud truth: [0 0 0 0 0 0 0 0 0 0 0 0 0 0 0 0 0 1 1 1]
Predicted: ./dataset/test/drawerpickstir40/017.txt, sliding_window 1-20, Predict Action: drawer, Groud truth: [0 0 0 0 0 0 0 0 0 0 0 0 0 0 0 0 1 1 1 1]
Predicted: ./dataset/test/drawerpickstir40/017.txt, sliding_window 2-21, Predict Action: drawer, Groud truth: [0 0 0 0 0 0 0 0 0 0 0 0 0 0 0 1 1 1 1 1]
Predicted: ./dataset/test/drawerpickstir40/017.txt, sliding_window 3-22, Predict Action: drawer, Groud truth: [0 0 0 0 0 0 0 0 0 0 0 0 0 0 1 1 1 1 1 1]
Predicted: ./dataset/test/drawerpickstir40/017.txt, sliding_window 4-23, Predict Action: stir, Groud truth: [0 0 0 0 0 0 0 0 0 0 0 0 0 1 1 1 1 1 1 1]
Predicted: ./dataset/test/drawerpickstir40/017.txt, sliding_window 5-24, Predict Action: stir, Groud truth: [0 0 0 0 0 0 0 0 0 0 0 0 1 1 1 1 1 1 1 1]
Predicted: ./dataset/test/drawerpickstir40/017.txt, sliding_window 6-25, Predict Action: pick, Groud truth: [0 0 0 0 0 0 0 0 0 0 0 1 1 1 1 1 1 1 1 1]
Predicted: ./dataset/test/drawerpickstir40/017.txt, sliding_window 7-26, Predict Action: pick, Groud truth: [0 0 0 0 0 0 0 0 0 0 1 1 1 1 1 1 1 1 1 1]
Predicted: ./dataset/test/drawerpickstir40/017.txt, sliding_window 8-27, Predict Action: pick, Groud truth: [0 0 0 0 0 0 0 0 0 1 1 1 1 1 1 1 1 1 1 1]
Predicted: ./dataset/test/drawerpickstir40/017.txt, sliding_window 9-28, Predict Action: drawer, Groud truth: [0 0 0 0 0 0 0 0 1 1 1 1 1 1 1 1 1 1 1 2]
Predicted: ./dataset/test/drawerpickstir40/017.txt, sliding_window 10-29, Predict Action: drawer, Groud truth: [0 0 0 0 0 0 0 1 1 1 1 1 1 1 1 1 1 1 2 2]
Predicted: ./dataset/test/drawerpickstir40/017.txt, sliding_window 11-30, Predict Action: drawer, Groud truth: [0 0 0 0 0 0 1 1 1 1 1 1 1 1 1 1 1 2 2 2]
Predicted: ./dataset/test/drawerpickstir40/017.txt, sliding_window 12-31, Predict Action: drawer, Groud truth: [0 0 0 0 0 1 1 1 1 1 1 1 1 1 1 1 2 2 2 2]
Predicted: ./dataset/test/drawerpickstir40/017.txt, sliding_window 13-32, Predict Action: drawer, Groud truth: [0 0 0 0 1 1 1 1 1 1 1 1 1 1 1 2 2 2 2 2]
Predicted: ./dataset/test/drawerpickstir40/017.txt, sliding_window 14-33, Predict Action: stir, Groud truth: [0 0 0 1 1 1 1 1 1 1 1 1 1 1 2 2 2 2 2 2]
Predicted: ./dataset/test/drawerpickstir40/017.txt, sliding_window 15-34, Predict Action: stir, Groud truth: [0 0 1 1 1 1 1 1 1 1 1 1 1 2 2 2 2 2 2 2]
Predicted: ./dataset/test/drawerpickstir40/017.txt, sliding_window 16-35, Predict Action: stir, Groud truth: [0 1 1 1 1 1 1 1 1 1 1 1 2 2 2 2 2 2 2 2]
Predicted: ./dataset/test/drawerpickstir40/017.txt, sliding_window 17-36, Predict Action: stir, Groud truth: [1 1 1 1 1 1 1 1 1 1 1 2 2 2 2 2 2 2 2 2]
Predicted: ./dataset/test/drawerpickstir40/017.txt, sliding_window 18-37, Predict Action: stir, Groud truth: [1 1 1 1 1 1 1 1 1 1 2 2 2 2 2 2 2 2 2 2]
Predicted: ./dataset/test/drawerpickstir40/017.txt, sliding_window 19-38, Predict Action: stir, Groud truth: [1 1 1 1 1 1 1 1 1 2 2 2 2 2 2 2 2 2 2 2]
Predicted: ./dataset/test/drawerpickstir40/017.txt, sliding_window 20-39, Predict Action: stir, Groud truth: [1 1 1 1 1 1 1 1 2 2 2 2 2 2 2 2 2 2 2 2]
Predicted: ./dataset/test/drawerpickstir40/017.txt, sliding_window 21-40, Predict Action: stir, Groud truth: [1 1 1 1 1 1 1 2 2 2 2 2 2 2 2 2 2 2 2 2]
Predicted: ./dataset/test/drawerpickstir40/017.txt, sliding_window 22-41, Predict Action: stir, Groud truth: [1 1 1 1 1 1 2 2 2 2 2 2 2 2 2 2 2 2 2 2]
Predicted: ./dataset/test/drawerpickstir40/017.txt, sliding_window 23-42, Predict Action: stir, Groud truth: [1 1 1 1 1 2 2 2 2 2 2 2 2 2 2 2 2 2 2 2]
Predicted: ./dataset/test/drawerpickstir40/017.txt, sliding_window 24-43, Predict Action: stir, Groud truth: [1 1 1 1 2 2 2 2 2 2 2 2 2 2 2 2 2 2 2 2]
Predicted: ./dataset/test/drawerpickstir40/017.txt, sliding_window 25-44, Predict Action: stir, Groud truth: [1 1 1 2 2 2 2 2 2 2 2 2 2 2 2 2 2 2 2 2]
Predicted: ./dataset/test/drawerpickstir40/017.txt, sliding_window 26-45, Predict Action: stir, Groud truth: [1 1 2 2 2 2 2 2 2 2 2 2 2 2 2 2 2 2 2 2]
Predicted: ./dataset/test/drawerpickstir40/017.txt, sliding_window 27-46, Predict Action: stir, Groud truth: [1 2 2 2 2 2 2 2 2 2 2 2 2 2 2 2 2 2 2 2]
Predicted: ./dataset/test/drawerpickstir40/017.txt, sliding_window 28-47, Predict Action: stir, Groud truth: stir
Predicted: ./dataset/test/drawerpickstir40/017.txt, sliding_window 29-48, Predict Action: stir, Groud truth: stir
Predicted: ./dataset/test/drawerpickstir40/017.txt, sliding_window 30-49, Predict Action: stir, Groud truth: stir
Predicted: ./dataset/test/drawerpickstir40/017.txt, sliding_window 31-50, Predict Action: stir, Groud truth: stir
Predicted: ./dataset/test/drawerpickstir40/017.txt, sliding_window 32-51, Predict Action: stir, Groud truth: stir
Predicted: ./dataset/test/drawerpickstir40/017.txt, sliding_window 33-52, Predict Action: stir, Groud truth: stir
Predicted: ./dataset/test/drawerpickstir40/017.txt, sliding_window 34-53, Predict Action: stir, Groud truth: stir
Predicted: ./dataset/test/drawerpickstir40/017.txt, sliding_window 35-54, Predict Action: stir, Groud truth: stir
Predicted: ./dataset/test/drawerpickstir40/017.txt, sliding_window 36-55, Predict Action: stir, Groud truth: stir
Predicted: ./dataset/test/drawerpickstir40/017.txt, sliding_window 37-56, Predict Action: stir, Groud truth: stir
Predicted: ./dataset/test/drawerpickstir40/017.txt, sliding_window 38-57, Predict Action: stir, Groud truth: stir
Predicted: ./dataset/test/drawerpickstir40/017.txt, sliding_window 39-58, Predict Action: stir, Groud truth: stir
Predicted: ./dataset/test/drawerpickstir40/017.txt, sliding_window 40-59, Predict Action: stir, Groud truth: stir
Predicted: ./dataset/test/drawerpickstir40/017.txt, sliding_window 41-60, Predict Action: stir, Groud truth: stir
Predicted: ./dataset/test/drawerpickstir40/017.txt, sliding_window 42-61, Predict Action: stir, Groud truth: stir
Predicted: ./dataset/test/drawerpickstir40/017.txt, sliding_window 43-62, Predict Action: stir, Groud truth: stir
Predicted: ./dataset/test/drawerpickstir40/017.txt, sliding_window 44-63, Predict Action: stir, Groud truth: stir
Predicted: ./dataset/test/drawerpickstir40/017.txt, sliding_window 45-64, Predict Action: stir, Groud truth: stir
Predicted: ./dataset/test/drawerpickstir40/017.txt, sliding_window 46-65, Predict Action: stir, Groud truth: stir
Predicted: ./dataset/test/drawerpickstir40/017.txt, sliding_window 47-66, Predict Action: stir, Groud truth: stir
Predicted: ./dataset/test/drawerpickstir40/017.txt, sliding_window 48-67, Predict Action: stir, Groud truth: stir
Predicted: ./dataset/test/drawerpickstir40/017.txt, sliding_window 49-68, Predict Action: stir, Groud truth: stir
Predicted: ./dataset/test/drawerpickstir40/017.txt, sliding_window 50-69, Predict Action: stir, Groud truth: stir
Predicted: ./dataset/test/drawerpickstir40/017.txt, sliding_window 51-70, Predict Action: stir, Groud truth: stir
Predicted: ./dataset/test/drawerpickstir40/017.txt, sliding_window 52-71, Predict Action: stir, Groud truth: stir
Predicted: ./dataset/test/drawerpickstir40/017.txt, sliding_window 53-72, Predict Action: stir, Groud truth: stir
Predicted: ./dataset/test/drawerpickstir40/017.txt, sliding_window 54-73, Predict Action: stir, Groud truth: stir
Predicted: ./dataset/test/drawerpickstir40/017.txt, sliding_window 55-74, Predict Action: stir, Groud truth: stir
Predicted: ./dataset/test/drawerpickstir40/017.txt, sliding_window 56-75, Predict Action: stir, Groud truth: stir
Predicted: ./dataset/test/drawerpickstir40/018.txt, sliding_window 57-76, Predict Action: drawer, Groud truth: [0 0 0 0 0 0 0 0 0 0 0 0 0 0 0 0 0 0 1 1]
Predicted: ./dataset/test/drawerpickstir40/018.txt, sliding_window 0-19, Predict Action: drawer, Groud truth: [0 0 0 0 0 0 0 0 0 0 0 0 0 0 0 0 0 1 1 1]
Predicted: ./dataset/test/drawerpickstir40/018.txt, sliding_window 1-20, Predict Action: drawer, Groud truth: [0 0 0 0 0 0 0 0 0 0 0 0 0 0 0 0 1 1 1 1]
Predicted: ./dataset/test/drawerpickstir40/018.txt, sliding_window 2-21, Predict Action: drawer, Groud truth: [0 0 0 0 0 0 0 0 0 0 0 0 0 0 0 1 1 1 1 1]
Predicted: ./dataset/test/drawerpickstir40/018.txt, sliding_window 3-22, Predict Action: drawer, Groud truth: [0 0 0 0 0 0 0 0 0 0 0 0 0 0 1 1 1 1 1 1]
Predicted: ./dataset/test/drawerpickstir40/018.txt, sliding_window 4-23, Predict Action: stir, Groud truth: [0 0 0 0 0 0 0 0 0 0 0 0 0 1 1 1 1 1 1 1]
Predicted: ./dataset/test/drawerpickstir40/018.txt, sliding_window 5-24, Predict Action: stir, Groud truth: [0 0 0 0 0 0 0 0 0 0 0 0 1 1 1 1 1 1 1 1]
Predicted: ./dataset/test/drawerpickstir40/018.txt, sliding_window 6-25, Predict Action: stir, Groud truth: [0 0 0 0 0 0 0 0 0 0 0 1 1 1 1 1 1 1 1 1]
Predicted: ./dataset/test/drawerpickstir40/018.txt, sliding_window 7-26, Predict Action: pick, Groud truth: [0 0 0 0 0 0 0 0 0 0 1 1 1 1 1 1 1 1 1 1]
Predicted: ./dataset/test/drawerpickstir40/018.txt, sliding_window 8-27, Predict Action: pick, Groud truth: [0 0 0 0 0 0 0 0 0 1 1 1 1 1 1 1 1 1 1 1]
Predicted: ./dataset/test/drawerpickstir40/018.txt, sliding_window 9-28, Predict Action: pick, Groud truth: [0 0 0 0 0 0 0 0 1 1 1 1 1 1 1 1 1 1 1 1]
Predicted: ./dataset/test/drawerpickstir40/018.txt, sliding_window 10-29, Predict Action: pick, Groud truth: [0 0 0 0 0 0 0 1 1 1 1 1 1 1 1 1 1 1 1 2]
Predicted: ./dataset/test/drawerpickstir40/018.txt, sliding_window 11-30, Predict Action: pick, Groud truth: [0 0 0 0 0 0 1 1 1 1 1 1 1 1 1 1 1 1 2 2]
Predicted: ./dataset/test/drawerpickstir40/018.txt, sliding_window 12-31, Predict Action: pick, Groud truth: [0 0 0 0 0 1 1 1 1 1 1 1 1 1 1 1 1 2 2 2]
Predicted: ./dataset/test/drawerpickstir40/018.txt, sliding_window 13-32, Predict Action: pick, Groud truth: [0 0 0 0 1 1 1 1 1 1 1 1 1 1 1 1 2 2 2 2]
Predicted: ./dataset/test/drawerpickstir40/018.txt, sliding_window 14-33, Predict Action: pick, Groud truth: [0 0 0 1 1 1 1 1 1 1 1 1 1 1 1 2 2 2 2 2]
Predicted: ./dataset/test/drawerpickstir40/018.txt, sliding_window 15-34, Predict Action: stir, Groud truth: [0 0 1 1 1 1 1 1 1 1 1 1 1 1 2 2 2 2 2 2]
Predicted: ./dataset/test/drawerpickstir40/018.txt, sliding_window 16-35, Predict Action: stir, Groud truth: [0 1 1 1 1 1 1 1 1 1 1 1 1 2 2 2 2 2 2 2]
Predicted: ./dataset/test/drawerpickstir40/018.txt, sliding_window 17-36, Predict Action: stir, Groud truth: [1 1 1 1 1 1 1 1 1 1 1 1 2 2 2 2 2 2 2 2]
Predicted: ./dataset/test/drawerpickstir40/018.txt, sliding_window 18-37, Predict Action: stir, Groud truth: [1 1 1 1 1 1 1 1 1 1 1 2 2 2 2 2 2 2 2 2]
Predicted: ./dataset/test/drawerpickstir40/018.txt, sliding_window 19-38, Predict Action: stir, Groud truth: [1 1 1 1 1 1 1 1 1 1 2 2 2 2 2 2 2 2 2 2]
Predicted: ./dataset/test/drawerpickstir40/018.txt, sliding_window 20-39, Predict Action: stir, Groud truth: [1 1 1 1 1 1 1 1 1 2 2 2 2 2 2 2 2 2 2 2]
Predicted: ./dataset/test/drawerpickstir40/018.txt, sliding_window 21-40, Predict Action: stir, Groud truth: [1 1 1 1 1 1 1 1 2 2 2 2 2 2 2 2 2 2 2 2]
Predicted: ./dataset/test/drawerpickstir40/018.txt, sliding_window 22-41, Predict Action: stir, Groud truth: [1 1 1 1 1 1 1 2 2 2 2 2 2 2 2 2 2 2 2 2]
Predicted: ./dataset/test/drawerpickstir40/018.txt, sliding_window 23-42, Predict Action: stir, Groud truth: [1 1 1 1 1 1 2 2 2 2 2 2 2 2 2 2 2 2 2 2]
Predicted: ./dataset/test/drawerpickstir40/018.txt, sliding_window 24-43, Predict Action: stir, Groud truth: [1 1 1 1 1 2 2 2 2 2 2 2 2 2 2 2 2 2 2 2]
Predicted: ./dataset/test/drawerpickstir40/018.txt, sliding_window 25-44, Predict Action: stir, Groud truth: [1 1 1 1 2 2 2 2 2 2 2 2 2 2 2 2 2 2 2 2]
Predicted: ./dataset/test/drawerpickstir40/018.txt, sliding_window 26-45, Predict Action: stir, Groud truth: [1 1 1 2 2 2 2 2 2 2 2 2 2 2 2 2 2 2 2 2]
Predicted: ./dataset/test/drawerpickstir40/018.txt, sliding_window 27-46, Predict Action: stir, Groud truth: [1 1 2 2 2 2 2 2 2 2 2 2 2 2 2 2 2 2 2 2]
Predicted: ./dataset/test/drawerpickstir40/018.txt, sliding_window 28-47, Predict Action: stir, Groud truth: [1 2 2 2 2 2 2 2 2 2 2 2 2 2 2 2 2 2 2 2]
Predicted: ./dataset/test/drawerpickstir40/018.txt, sliding_window 29-48, Predict Action: stir, Groud truth: stir
Predicted: ./dataset/test/drawerpickstir40/018.txt, sliding_window 30-49, Predict Action: stir, Groud truth: stir
Predicted: ./dataset/test/drawerpickstir40/018.txt, sliding_window 31-50, Predict Action: stir, Groud truth: stir
Predicted: ./dataset/test/drawerpickstir40/018.txt, sliding_window 32-51, Predict Action: stir, Groud truth: stir
Predicted: ./dataset/test/drawerpickstir40/018.txt, sliding_window 33-52, Predict Action: stir, Groud truth: stir
Predicted: ./dataset/test/drawerpickstir40/018.txt, sliding_window 34-53, Predict Action: stir, Groud truth: stir
Predicted: ./dataset/test/drawerpickstir40/018.txt, sliding_window 35-54, Predict Action: stir, Groud truth: stir
Predicted: ./dataset/test/drawerpickstir40/018.txt, sliding_window 36-55, Predict Action: stir, Groud truth: stir
Predicted: ./dataset/test/drawerpickstir40/018.txt, sliding_window 37-56, Predict Action: stir, Groud truth: stir
Predicted: ./dataset/test/drawerpickstir40/018.txt, sliding_window 38-57, Predict Action: stir, Groud truth: stir
Predicted: ./dataset/test/drawerpickstir40/018.txt, sliding_window 39-58, Predict Action: stir, Groud truth: stir
Predicted: ./dataset/test/drawerpickstir40/018.txt, sliding_window 40-59, Predict Action: stir, Groud truth: stir
Predicted: ./dataset/test/drawerpickstir40/018.txt, sliding_window 41-60, Predict Action: stir, Groud truth: stir
Predicted: ./dataset/test/drawerpickstir40/018.txt, sliding_window 42-61, Predict Action: stir, Groud truth: stir
Predicted: ./dataset/test/drawerpickstir40/018.txt, sliding_window 43-62, Predict Action: stir, Groud truth: stir
Predicted: ./dataset/test/drawerpickstir40/018.txt, sliding_window 44-63, Predict Action: stir, Groud truth: stir
Predicted: ./dataset/test/drawerpickstir40/018.txt, sliding_window 45-64, Predict Action: stir, Groud truth: stir
Predicted: ./dataset/test/drawerpickstir40/018.txt, sliding_window 46-65, Predict Action: stir, Groud truth: stir
Predicted: ./dataset/test/drawerpickstir40/018.txt, sliding_window 47-66, Predict Action: stir, Groud truth: stir
Predicted: ./dataset/test/drawerpickstir40/018.txt, sliding_window 48-67, Predict Action: stir, Groud truth: stir
Predicted: ./dataset/test/drawerpickstir40/018.txt, sliding_window 49-68, Predict Action: stir, Groud truth: stir
Predicted: ./dataset/test/drawerpickstir40/018.txt, sliding_window 50-69, Predict Action: stir, Groud truth: stir
Predicted: ./dataset/test/drawerpickstir40/018.txt, sliding_window 51-70, Predict Action: stir, Groud truth: stir
Predicted: ./dataset/test/drawerpickstir40/018.txt, sliding_window 52-71, Predict Action: stir, Groud truth: stir
Predicted: ./dataset/test/drawerpickstir40/018.txt, sliding_window 53-72, Predict Action: stir, Groud truth: stir
Predicted: ./dataset/test/drawerpickstir40/018.txt, sliding_window 54-73, Predict Action: stir, Groud truth: stir
Predicted: ./dataset/test/drawerpickstir40/018.txt, sliding_window 55-74, Predict Action: stir, Groud truth: stir
Predicted: ./dataset/test/drawerpickstir40/018.txt, sliding_window 56-75, Predict Action: stir, Groud truth: stir
Predicted: ./dataset/test/drawerpickstir40/019.txt, sliding_window 57-76, Predict Action: drawer, Groud truth: [0 0 0 0 0 0 0 0 0 0 0 0 0 0 0 0 0 0 0 1]
Predicted: ./dataset/test/drawerpickstir40/019.txt, sliding_window 0-19, Predict Action: drawer, Groud truth: [0 0 0 0 0 0 0 0 0 0 0 0 0 0 0 0 0 0 1 1]
Predicted: ./dataset/test/drawerpickstir40/019.txt, sliding_window 1-20, Predict Action: drawer, Groud truth: [0 0 0 0 0 0 0 0 0 0 0 0 0 0 0 0 0 1 1 1]
Predicted: ./dataset/test/drawerpickstir40/019.txt, sliding_window 2-21, Predict Action: drawer, Groud truth: [0 0 0 0 0 0 0 0 0 0 0 0 0 0 0 0 1 1 1 1]
Predicted: ./dataset/test/drawerpickstir40/019.txt, sliding_window 3-22, Predict Action: drawer, Groud truth: [0 0 0 0 0 0 0 0 0 0 0 0 0 0 0 1 1 1 1 1]
Predicted: ./dataset/test/drawerpickstir40/019.txt, sliding_window 4-23, Predict Action: drawer, Groud truth: [0 0 0 0 0 0 0 0 0 0 0 0 0 0 1 1 1 1 1 1]
Predicted: ./dataset/test/drawerpickstir40/019.txt, sliding_window 5-24, Predict Action: pick, Groud truth: [0 0 0 0 0 0 0 0 0 0 0 0 0 1 1 1 1 1 1 1]
Predicted: ./dataset/test/drawerpickstir40/019.txt, sliding_window 6-25, Predict Action: pick, Groud truth: [0 0 0 0 0 0 0 0 0 0 0 0 1 1 1 1 1 1 1 1]
Predicted: ./dataset/test/drawerpickstir40/019.txt, sliding_window 7-26, Predict Action: pick, Groud truth: [0 0 0 0 0 0 0 0 0 0 0 1 1 1 1 1 1 1 1 1]
Predicted: ./dataset/test/drawerpickstir40/019.txt, sliding_window 8-27, Predict Action: pick, Groud truth: [0 0 0 0 0 0 0 0 0 0 1 1 1 1 1 1 1 1 1 1]
Predicted: ./dataset/test/drawerpickstir40/019.txt, sliding_window 9-28, Predict Action: drawer, Groud truth: [0 0 0 0 0 0 0 0 0 1 1 1 1 1 1 1 1 1 1 2]
Predicted: ./dataset/test/drawerpickstir40/019.txt, sliding_window 10-29, Predict Action: drawer, Groud truth: [0 0 0 0 0 0 0 0 1 1 1 1 1 1 1 1 1 1 2 2]
Predicted: ./dataset/test/drawerpickstir40/019.txt, sliding_window 11-30, Predict Action: drawer, Groud truth: [0 0 0 0 0 0 0 1 1 1 1 1 1 1 1 1 1 2 2 2]
Predicted: ./dataset/test/drawerpickstir40/019.txt, sliding_window 12-31, Predict Action: drawer, Groud truth: [0 0 0 0 0 0 1 1 1 1 1 1 1 1 1 1 2 2 2 2]
Predicted: ./dataset/test/drawerpickstir40/019.txt, sliding_window 13-32, Predict Action: stir, Groud truth: [0 0 0 0 0 1 1 1 1 1 1 1 1 1 1 2 2 2 2 2]
Predicted: ./dataset/test/drawerpickstir40/019.txt, sliding_window 14-33, Predict Action: stir, Groud truth: [0 0 0 0 1 1 1 1 1 1 1 1 1 1 2 2 2 2 2 2]
Predicted: ./dataset/test/drawerpickstir40/019.txt, sliding_window 15-34, Predict Action: stir, Groud truth: [0 0 0 1 1 1 1 1 1 1 1 1 1 2 2 2 2 2 2 2]
Predicted: ./dataset/test/drawerpickstir40/019.txt, sliding_window 16-35, Predict Action: stir, Groud truth: [0 0 1 1 1 1 1 1 1 1 1 1 2 2 2 2 2 2 2 2]
Predicted: ./dataset/test/drawerpickstir40/019.txt, sliding_window 17-36, Predict Action: stir, Groud truth: [0 1 1 1 1 1 1 1 1 1 1 2 2 2 2 2 2 2 2 2]
Predicted: ./dataset/test/drawerpickstir40/019.txt, sliding_window 18-37, Predict Action: stir, Groud truth: [1 1 1 1 1 1 1 1 1 1 2 2 2 2 2 2 2 2 2 2]
Predicted: ./dataset/test/drawerpickstir40/019.txt, sliding_window 19-38, Predict Action: stir, Groud truth: [1 1 1 1 1 1 1 1 1 2 2 2 2 2 2 2 2 2 2 2]
Predicted: ./dataset/test/drawerpickstir40/019.txt, sliding_window 20-39, Predict Action: stir, Groud truth: [1 1 1 1 1 1 1 1 2 2 2 2 2 2 2 2 2 2 2 2]
Predicted: ./dataset/test/drawerpickstir40/019.txt, sliding_window 21-40, Predict Action: stir, Groud truth: [1 1 1 1 1 1 1 2 2 2 2 2 2 2 2 2 2 2 2 2]
Predicted: ./dataset/test/drawerpickstir40/019.txt, sliding_window 22-41, Predict Action: stir, Groud truth: [1 1 1 1 1 1 2 2 2 2 2 2 2 2 2 2 2 2 2 2]
Predicted: ./dataset/test/drawerpickstir40/019.txt, sliding_window 23-42, Predict Action: stir, Groud truth: [1 1 1 1 1 2 2 2 2 2 2 2 2 2 2 2 2 2 2 2]
Predicted: ./dataset/test/drawerpickstir40/019.txt, sliding_window 24-43, Predict Action: stir, Groud truth: [1 1 1 1 2 2 2 2 2 2 2 2 2 2 2 2 2 2 2 2]
Predicted: ./dataset/test/drawerpickstir40/019.txt, sliding_window 25-44, Predict Action: stir, Groud truth: [1 1 1 2 2 2 2 2 2 2 2 2 2 2 2 2 2 2 2 2]
Predicted: ./dataset/test/drawerpickstir40/019.txt, sliding_window 26-45, Predict Action: stir, Groud truth: [1 1 2 2 2 2 2 2 2 2 2 2 2 2 2 2 2 2 2 2]
Predicted: ./dataset/test/drawerpickstir40/019.txt, sliding_window 27-46, Predict Action: stir, Groud truth: [1 2 2 2 2 2 2 2 2 2 2 2 2 2 2 2 2 2 2 2]
Predicted: ./dataset/test/drawerpickstir40/019.txt, sliding_window 28-47, Predict Action: stir, Groud truth: stir
Predicted: ./dataset/test/drawerpickstir40/019.txt, sliding_window 29-48, Predict Action: stir, Groud truth: stir
Predicted: ./dataset/test/drawerpickstir40/019.txt, sliding_window 30-49, Predict Action: stir, Groud truth: stir
Predicted: ./dataset/test/drawerpickstir40/019.txt, sliding_window 31-50, Predict Action: stir, Groud truth: stir
Predicted: ./dataset/test/drawerpickstir40/019.txt, sliding_window 32-51, Predict Action: stir, Groud truth: stir
Predicted: ./dataset/test/drawerpickstir40/019.txt, sliding_window 33-52, Predict Action: stir, Groud truth: stir
Predicted: ./dataset/test/drawerpickstir40/019.txt, sliding_window 34-53, Predict Action: stir, Groud truth: stir
Predicted: ./dataset/test/drawerpickstir40/019.txt, sliding_window 35-54, Predict Action: stir, Groud truth: stir
Predicted: ./dataset/test/drawerpickstir40/019.txt, sliding_window 36-55, Predict Action: stir, Groud truth: stir
Predicted: ./dataset/test/drawerpickstir40/019.txt, sliding_window 37-56, Predict Action: stir, Groud truth: stir
Predicted: ./dataset/test/drawerpickstir40/019.txt, sliding_window 38-57, Predict Action: stir, Groud truth: stir
Predicted: ./dataset/test/drawerpickstir40/019.txt, sliding_window 39-58, Predict Action: stir, Groud truth: stir
Predicted: ./dataset/test/drawerpickstir40/019.txt, sliding_window 40-59, Predict Action: stir, Groud truth: stir
Predicted: ./dataset/test/drawerpickstir40/019.txt, sliding_window 41-60, Predict Action: stir, Groud truth: stir
Predicted: ./dataset/test/drawerpickstir40/019.txt, sliding_window 42-61, Predict Action: stir, Groud truth: stir
Predicted: ./dataset/test/drawerpickstir40/019.txt, sliding_window 43-62, Predict Action: stir, Groud truth: stir
Predicted: ./dataset/test/drawerpickstir40/019.txt, sliding_window 44-63, Predict Action: stir, Groud truth: stir
Predicted: ./dataset/test/drawerpickstir40/019.txt, sliding_window 45-64, Predict Action: stir, Groud truth: stir
Predicted: ./dataset/test/drawerpickstir40/019.txt, sliding_window 46-65, Predict Action: stir, Groud truth: stir
Predicted: ./dataset/test/drawerpickstir40/019.txt, sliding_window 47-66, Predict Action: stir, Groud truth: stir
Predicted: ./dataset/test/drawerpickstir40/019.txt, sliding_window 48-67, Predict Action: stir, Groud truth: stir
Predicted: ./dataset/test/drawerpickstir40/019.txt, sliding_window 49-68, Predict Action: stir, Groud truth: stir
Predicted: ./dataset/test/drawerpickstir40/019.txt, sliding_window 50-69, Predict Action: stir, Groud truth: stir
Predicted: ./dataset/test/drawerpickstir40/019.txt, sliding_window 51-70, Predict Action: stir, Groud truth: stir
Predicted: ./dataset/test/drawerpickstir40/019.txt, sliding_window 52-71, Predict Action: stir, Groud truth: stir
Predicted: ./dataset/test/drawerpickstir40/019.txt, sliding_window 53-72, Predict Action: stir, Groud truth: stir
Predicted: ./dataset/test/drawerpickstir40/019.txt, sliding_window 54-73, Predict Action: stir, Groud truth: stir
Predicted: ./dataset/test/drawerpickstir40/019.txt, sliding_window 55-74, Predict Action: stir, Groud truth: stir
Predicted: ./dataset/test/drawerpickstir40/020.txt, sliding_window 56-75, Predict Action: drawer, Groud truth: [0 0 0 0 0 0 0 0 0 0 0 0 0 0 0 0 0 1 1 1]
Predicted: ./dataset/test/drawerpickstir40/020.txt, sliding_window 0-19, Predict Action: drawer, Groud truth: [0 0 0 0 0 0 0 0 0 0 0 0 0 0 0 0 1 1 1 1]
Predicted: ./dataset/test/drawerpickstir40/020.txt, sliding_window 1-20, Predict Action: drawer, Groud truth: [0 0 0 0 0 0 0 0 0 0 0 0 0 0 0 1 1 1 1 1]
Predicted: ./dataset/test/drawerpickstir40/020.txt, sliding_window 2-21, Predict Action: drawer, Groud truth: [0 0 0 0 0 0 0 0 0 0 0 0 0 0 1 1 1 1 1 1]
Predicted: ./dataset/test/drawerpickstir40/020.txt, sliding_window 3-22, Predict Action: stir, Groud truth: [0 0 0 0 0 0 0 0 0 0 0 0 0 1 1 1 1 1 1 1]
Predicted: ./dataset/test/drawerpickstir40/020.txt, sliding_window 4-23, Predict Action: stir, Groud truth: [0 0 0 0 0 0 0 0 0 0 0 0 1 1 1 1 1 1 1 1]
Predicted: ./dataset/test/drawerpickstir40/020.txt, sliding_window 5-24, Predict Action: stir, Groud truth: [0 0 0 0 0 0 0 0 0 0 0 1 1 1 1 1 1 1 1 1]
Predicted: ./dataset/test/drawerpickstir40/020.txt, sliding_window 6-25, Predict Action: stir, Groud truth: [0 0 0 0 0 0 0 0 0 0 1 1 1 1 1 1 1 1 1 1]
Predicted: ./dataset/test/drawerpickstir40/020.txt, sliding_window 7-26, Predict Action: pick, Groud truth: [0 0 0 0 0 0 0 0 0 1 1 1 1 1 1 1 1 1 1 1]
Predicted: ./dataset/test/drawerpickstir40/020.txt, sliding_window 8-27, Predict Action: pick, Groud truth: [0 0 0 0 0 0 0 0 1 1 1 1 1 1 1 1 1 1 1 1]
Predicted: ./dataset/test/drawerpickstir40/020.txt, sliding_window 9-28, Predict Action: pick, Groud truth: [0 0 0 0 0 0 0 1 1 1 1 1 1 1 1 1 1 1 1 1]
Predicted: ./dataset/test/drawerpickstir40/020.txt, sliding_window 10-29, Predict Action: pick, Groud truth: [0 0 0 0 0 0 1 1 1 1 1 1 1 1 1 1 1 1 1 2]
Predicted: ./dataset/test/drawerpickstir40/020.txt, sliding_window 11-30, Predict Action: pick, Groud truth: [0 0 0 0 0 1 1 1 1 1 1 1 1 1 1 1 1 1 2 2]
Predicted: ./dataset/test/drawerpickstir40/020.txt, sliding_window 12-31, Predict Action: pick, Groud truth: [0 0 0 0 1 1 1 1 1 1 1 1 1 1 1 1 1 2 2 2]
Predicted: ./dataset/test/drawerpickstir40/020.txt, sliding_window 13-32, Predict Action: pick, Groud truth: [0 0 0 1 1 1 1 1 1 1 1 1 1 1 1 1 2 2 2 2]
Predicted: ./dataset/test/drawerpickstir40/020.txt, sliding_window 14-33, Predict Action: pick, Groud truth: [0 0 1 1 1 1 1 1 1 1 1 1 1 1 1 2 2 2 2 2]
Predicted: ./dataset/test/drawerpickstir40/020.txt, sliding_window 15-34, Predict Action: stir, Groud truth: [0 1 1 1 1 1 1 1 1 1 1 1 1 1 2 2 2 2 2 2]
Predicted: ./dataset/test/drawerpickstir40/020.txt, sliding_window 16-35, Predict Action: stir, Groud truth: [1 1 1 1 1 1 1 1 1 1 1 1 1 2 2 2 2 2 2 2]
Predicted: ./dataset/test/drawerpickstir40/020.txt, sliding_window 17-36, Predict Action: stir, Groud truth: [1 1 1 1 1 1 1 1 1 1 1 1 2 2 2 2 2 2 2 2]
Predicted: ./dataset/test/drawerpickstir40/020.txt, sliding_window 18-37, Predict Action: stir, Groud truth: [1 1 1 1 1 1 1 1 1 1 1 2 2 2 2 2 2 2 2 2]
Predicted: ./dataset/test/drawerpickstir40/020.txt, sliding_window 19-38, Predict Action: stir, Groud truth: [1 1 1 1 1 1 1 1 1 1 2 2 2 2 2 2 2 2 2 2]
Predicted: ./dataset/test/drawerpickstir40/020.txt, sliding_window 20-39, Predict Action: stir, Groud truth: [1 1 1 1 1 1 1 1 1 2 2 2 2 2 2 2 2 2 2 2]
Predicted: ./dataset/test/drawerpickstir40/020.txt, sliding_window 21-40, Predict Action: stir, Groud truth: [1 1 1 1 1 1 1 1 2 2 2 2 2 2 2 2 2 2 2 2]
Predicted: ./dataset/test/drawerpickstir40/020.txt, sliding_window 22-41, Predict Action: stir, Groud truth: [1 1 1 1 1 1 1 2 2 2 2 2 2 2 2 2 2 2 2 2]
Predicted: ./dataset/test/drawerpickstir40/020.txt, sliding_window 23-42, Predict Action: stir, Groud truth: [1 1 1 1 1 1 2 2 2 2 2 2 2 2 2 2 2 2 2 2]
Predicted: ./dataset/test/drawerpickstir40/020.txt, sliding_window 24-43, Predict Action: stir, Groud truth: [1 1 1 1 1 2 2 2 2 2 2 2 2 2 2 2 2 2 2 2]
Predicted: ./dataset/test/drawerpickstir40/020.txt, sliding_window 25-44, Predict Action: stir, Groud truth: [1 1 1 1 2 2 2 2 2 2 2 2 2 2 2 2 2 2 2 2]
Predicted: ./dataset/test/drawerpickstir40/020.txt, sliding_window 26-45, Predict Action: stir, Groud truth: [1 1 1 2 2 2 2 2 2 2 2 2 2 2 2 2 2 2 2 2]
Predicted: ./dataset/test/drawerpickstir40/020.txt, sliding_window 27-46, Predict Action: stir, Groud truth: [1 1 2 2 2 2 2 2 2 2 2 2 2 2 2 2 2 2 2 2]
Predicted: ./dataset/test/drawerpickstir40/020.txt, sliding_window 28-47, Predict Action: stir, Groud truth: [1 2 2 2 2 2 2 2 2 2 2 2 2 2 2 2 2 2 2 2]
Predicted: ./dataset/test/drawerpickstir40/020.txt, sliding_window 29-48, Predict Action: stir, Groud truth: stir
Predicted: ./dataset/test/drawerpickstir40/020.txt, sliding_window 30-49, Predict Action: stir, Groud truth: stir
Predicted: ./dataset/test/drawerpickstir40/020.txt, sliding_window 31-50, Predict Action: stir, Groud truth: stir
Predicted: ./dataset/test/drawerpickstir40/020.txt, sliding_window 32-51, Predict Action: stir, Groud truth: stir
Predicted: ./dataset/test/drawerpickstir40/020.txt, sliding_window 33-52, Predict Action: stir, Groud truth: stir
Predicted: ./dataset/test/drawerpickstir40/020.txt, sliding_window 34-53, Predict Action: stir, Groud truth: stir
Predicted: ./dataset/test/drawerpickstir40/020.txt, sliding_window 35-54, Predict Action: stir, Groud truth: stir
Predicted: ./dataset/test/drawerpickstir40/020.txt, sliding_window 36-55, Predict Action: stir, Groud truth: stir
Predicted: ./dataset/test/drawerpickstir40/020.txt, sliding_window 37-56, Predict Action: stir, Groud truth: stir
Predicted: ./dataset/test/drawerpickstir40/020.txt, sliding_window 38-57, Predict Action: stir, Groud truth: stir
Predicted: ./dataset/test/drawerpickstir40/020.txt, sliding_window 39-58, Predict Action: stir, Groud truth: stir
Predicted: ./dataset/test/drawerpickstir40/020.txt, sliding_window 40-59, Predict Action: stir, Groud truth: stir
Predicted: ./dataset/test/drawerpickstir40/020.txt, sliding_window 41-60, Predict Action: stir, Groud truth: stir
Predicted: ./dataset/test/drawerpickstir40/020.txt, sliding_window 42-61, Predict Action: stir, Groud truth: stir
Predicted: ./dataset/test/drawerpickstir40/020.txt, sliding_window 43-62, Predict Action: stir, Groud truth: stir
Predicted: ./dataset/test/drawerpickstir40/020.txt, sliding_window 44-63, Predict Action: stir, Groud truth: stir
Predicted: ./dataset/test/drawerpickstir40/020.txt, sliding_window 45-64, Predict Action: stir, Groud truth: stir
Predicted: ./dataset/test/drawerpickstir40/020.txt, sliding_window 46-65, Predict Action: stir, Groud truth: stir
Predicted: ./dataset/test/drawerpickstir40/020.txt, sliding_window 47-66, Predict Action: stir, Groud truth: stir
Predicted: ./dataset/test/drawerpickstir40/020.txt, sliding_window 48-67, Predict Action: stir, Groud truth: stir
Predicted: ./dataset/test/drawerpickstir40/020.txt, sliding_window 49-68, Predict Action: stir, Groud truth: stir
Predicted: ./dataset/test/drawerpickstir40/020.txt, sliding_window 50-69, Predict Action: stir, Groud truth: stir
Predicted: ./dataset/test/drawerpickstir40/020.txt, sliding_window 51-70, Predict Action: stir, Groud truth: stir
Predicted: ./dataset/test/drawerpickstir40/020.txt, sliding_window 52-71, Predict Action: stir, Groud truth: stir
Predicted: ./dataset/test/drawerpickstir40/020.txt, sliding_window 53-72, Predict Action: stir, Groud truth: stir
Predicted: ./dataset/test/drawerpickstir40/020.txt, sliding_window 54-73, Predict Action: stir, Groud truth: stir
Predicted: ./dataset/test/drawerpickstir40/020.txt, sliding_window 55-74, Predict Action: stir, Groud truth: stir
Predicted: ./dataset/test/drawerpickstir40/020.txt, sliding_window 56-75, Predict Action: stir, Groud truth: stir
Predicted: ./dataset/test/drawerpickstir40/020.txt, sliding_window 57-76, Predict Action: stir, Groud truth: stir
Predicted: ./dataset/test/drawerpickstir40/020.txt, sliding_window 58-77, Predict Action: stir, Groud truth: stir
Predicted: ./dataset/test/drawerpickstir40/020.txt, sliding_window 59-78, Predict Action: stir, Groud truth: stir
Predicted: ./dataset/test/drawerpickstir40/020.txt, sliding_window 60-79, Predict Action: stir, Groud truth: stir
Predicted: ./dataset/test/drawerpickstir40/020.txt, sliding_window 61-80, Predict Action: stir, Groud truth: stir
Predicted: ./dataset/test/drawerpickstir40/020.txt, sliding_window 62-81, Predict Action: stir, Groud truth: stir
Predicted: ./dataset/test/drawerpickstir40/020.txt, sliding_window 63-82, Predict Action: stir, Groud truth: stir
Predicted: ./dataset/test/drawerpickstir40/020.txt, sliding_window 64-83, Predict Action: stir, Groud truth: stir
Predicted: ./dataset/test/drawerpickstir40/020.txt, sliding_window 65-84, Predict Action: stir, Groud truth: stir
Predicted: ./dataset/test/drawerpickstir40/021.txt, sliding_window 66-85, Predict Action: drawer, Groud truth: [0 0 0 0 0 0 0 0 0 0 0 0 0 0 0 0 0 0 0 1]
Predicted: ./dataset/test/drawerpickstir40/021.txt, sliding_window 0-19, Predict Action: drawer, Groud truth: [0 0 0 0 0 0 0 0 0 0 0 0 0 0 0 0 0 0 1 1]
Predicted: ./dataset/test/drawerpickstir40/021.txt, sliding_window 1-20, Predict Action: drawer, Groud truth: [0 0 0 0 0 0 0 0 0 0 0 0 0 0 0 0 0 1 1 1]
Predicted: ./dataset/test/drawerpickstir40/021.txt, sliding_window 2-21, Predict Action: drawer, Groud truth: [0 0 0 0 0 0 0 0 0 0 0 0 0 0 0 0 1 1 1 1]
Predicted: ./dataset/test/drawerpickstir40/021.txt, sliding_window 3-22, Predict Action: drawer, Groud truth: [0 0 0 0 0 0 0 0 0 0 0 0 0 0 0 1 1 1 1 1]
Predicted: ./dataset/test/drawerpickstir40/021.txt, sliding_window 4-23, Predict Action: drawer, Groud truth: [0 0 0 0 0 0 0 0 0 0 0 0 0 0 1 1 1 1 1 1]
Predicted: ./dataset/test/drawerpickstir40/021.txt, sliding_window 5-24, Predict Action: drawer, Groud truth: [0 0 0 0 0 0 0 0 0 0 0 0 0 1 1 1 1 1 1 1]
Predicted: ./dataset/test/drawerpickstir40/021.txt, sliding_window 6-25, Predict Action: pick, Groud truth: [0 0 0 0 0 0 0 0 0 0 0 0 1 1 1 1 1 1 1 1]
Predicted: ./dataset/test/drawerpickstir40/021.txt, sliding_window 7-26, Predict Action: pick, Groud truth: [0 0 0 0 0 0 0 0 0 0 0 1 1 1 1 1 1 1 1 1]
Predicted: ./dataset/test/drawerpickstir40/021.txt, sliding_window 8-27, Predict Action: drawer, Groud truth: [0 0 0 0 0 0 0 0 0 0 1 1 1 1 1 1 1 1 1 1]
Predicted: ./dataset/test/drawerpickstir40/021.txt, sliding_window 9-28, Predict Action: drawer, Groud truth: [0 0 0 0 0 0 0 0 0 1 1 1 1 1 1 1 1 1 1 2]
Predicted: ./dataset/test/drawerpickstir40/021.txt, sliding_window 10-29, Predict Action: drawer, Groud truth: [0 0 0 0 0 0 0 0 1 1 1 1 1 1 1 1 1 1 2 2]
Predicted: ./dataset/test/drawerpickstir40/021.txt, sliding_window 11-30, Predict Action: drawer, Groud truth: [0 0 0 0 0 0 0 1 1 1 1 1 1 1 1 1 1 2 2 2]
Predicted: ./dataset/test/drawerpickstir40/021.txt, sliding_window 12-31, Predict Action: drawer, Groud truth: [0 0 0 0 0 0 1 1 1 1 1 1 1 1 1 1 2 2 2 2]
Predicted: ./dataset/test/drawerpickstir40/021.txt, sliding_window 13-32, Predict Action: drawer, Groud truth: [0 0 0 0 0 1 1 1 1 1 1 1 1 1 1 2 2 2 2 2]
Predicted: ./dataset/test/drawerpickstir40/021.txt, sliding_window 14-33, Predict Action: stir, Groud truth: [0 0 0 0 1 1 1 1 1 1 1 1 1 1 2 2 2 2 2 2]
Predicted: ./dataset/test/drawerpickstir40/021.txt, sliding_window 15-34, Predict Action: stir, Groud truth: [0 0 0 1 1 1 1 1 1 1 1 1 1 2 2 2 2 2 2 2]
Predicted: ./dataset/test/drawerpickstir40/021.txt, sliding_window 16-35, Predict Action: stir, Groud truth: [0 0 1 1 1 1 1 1 1 1 1 1 2 2 2 2 2 2 2 2]
Predicted: ./dataset/test/drawerpickstir40/021.txt, sliding_window 17-36, Predict Action: stir, Groud truth: [0 1 1 1 1 1 1 1 1 1 1 2 2 2 2 2 2 2 2 2]
Predicted: ./dataset/test/drawerpickstir40/021.txt, sliding_window 18-37, Predict Action: stir, Groud truth: [1 1 1 1 1 1 1 1 1 1 2 2 2 2 2 2 2 2 2 2]
Predicted: ./dataset/test/drawerpickstir40/021.txt, sliding_window 19-38, Predict Action: stir, Groud truth: [1 1 1 1 1 1 1 1 1 2 2 2 2 2 2 2 2 2 2 2]
Predicted: ./dataset/test/drawerpickstir40/021.txt, sliding_window 20-39, Predict Action: stir, Groud truth: [1 1 1 1 1 1 1 1 2 2 2 2 2 2 2 2 2 2 2 2]
Predicted: ./dataset/test/drawerpickstir40/021.txt, sliding_window 21-40, Predict Action: stir, Groud truth: [1 1 1 1 1 1 1 2 2 2 2 2 2 2 2 2 2 2 2 2]
Predicted: ./dataset/test/drawerpickstir40/021.txt, sliding_window 22-41, Predict Action: stir, Groud truth: [1 1 1 1 1 1 2 2 2 2 2 2 2 2 2 2 2 2 2 2]
Predicted: ./dataset/test/drawerpickstir40/021.txt, sliding_window 23-42, Predict Action: stir, Groud truth: [1 1 1 1 1 2 2 2 2 2 2 2 2 2 2 2 2 2 2 2]
Predicted: ./dataset/test/drawerpickstir40/021.txt, sliding_window 24-43, Predict Action: stir, Groud truth: [1 1 1 1 2 2 2 2 2 2 2 2 2 2 2 2 2 2 2 2]
Predicted: ./dataset/test/drawerpickstir40/021.txt, sliding_window 25-44, Predict Action: stir, Groud truth: [1 1 1 2 2 2 2 2 2 2 2 2 2 2 2 2 2 2 2 2]
Predicted: ./dataset/test/drawerpickstir40/021.txt, sliding_window 26-45, Predict Action: stir, Groud truth: [1 1 2 2 2 2 2 2 2 2 2 2 2 2 2 2 2 2 2 2]
Predicted: ./dataset/test/drawerpickstir40/021.txt, sliding_window 27-46, Predict Action: stir, Groud truth: [1 2 2 2 2 2 2 2 2 2 2 2 2 2 2 2 2 2 2 2]
Predicted: ./dataset/test/drawerpickstir40/021.txt, sliding_window 28-47, Predict Action: stir, Groud truth: stir
Predicted: ./dataset/test/drawerpickstir40/021.txt, sliding_window 29-48, Predict Action: stir, Groud truth: stir
Predicted: ./dataset/test/drawerpickstir40/021.txt, sliding_window 30-49, Predict Action: stir, Groud truth: stir
Predicted: ./dataset/test/drawerpickstir40/021.txt, sliding_window 31-50, Predict Action: stir, Groud truth: stir
Predicted: ./dataset/test/drawerpickstir40/021.txt, sliding_window 32-51, Predict Action: stir, Groud truth: stir
Predicted: ./dataset/test/drawerpickstir40/021.txt, sliding_window 33-52, Predict Action: stir, Groud truth: stir
Predicted: ./dataset/test/drawerpickstir40/021.txt, sliding_window 34-53, Predict Action: stir, Groud truth: stir
Predicted: ./dataset/test/drawerpickstir40/021.txt, sliding_window 35-54, Predict Action: stir, Groud truth: stir
Predicted: ./dataset/test/drawerpickstir40/021.txt, sliding_window 36-55, Predict Action: stir, Groud truth: stir
Predicted: ./dataset/test/drawerpickstir40/021.txt, sliding_window 37-56, Predict Action: stir, Groud truth: stir
Predicted: ./dataset/test/drawerpickstir40/021.txt, sliding_window 38-57, Predict Action: stir, Groud truth: stir
Predicted: ./dataset/test/drawerpickstir40/021.txt, sliding_window 39-58, Predict Action: stir, Groud truth: stir
Predicted: ./dataset/test/drawerpickstir40/021.txt, sliding_window 40-59, Predict Action: stir, Groud truth: stir
Predicted: ./dataset/test/drawerpickstir40/021.txt, sliding_window 41-60, Predict Action: stir, Groud truth: stir
Predicted: ./dataset/test/drawerpickstir40/021.txt, sliding_window 42-61, Predict Action: stir, Groud truth: stir
Predicted: ./dataset/test/drawerpickstir40/021.txt, sliding_window 43-62, Predict Action: stir, Groud truth: stir
Predicted: ./dataset/test/drawerpickstir40/021.txt, sliding_window 44-63, Predict Action: stir, Groud truth: stir
Predicted: ./dataset/test/drawerpickstir40/021.txt, sliding_window 45-64, Predict Action: stir, Groud truth: stir
Predicted: ./dataset/test/drawerpickstir40/021.txt, sliding_window 46-65, Predict Action: stir, Groud truth: stir
Predicted: ./dataset/test/drawerpickstir40/021.txt, sliding_window 47-66, Predict Action: stir, Groud truth: stir
Predicted: ./dataset/test/drawerpickstir40/021.txt, sliding_window 48-67, Predict Action: stir, Groud truth: stir
Predicted: ./dataset/test/drawerpickstir40/021.txt, sliding_window 49-68, Predict Action: stir, Groud truth: stir
Predicted: ./dataset/test/drawerpickstir40/021.txt, sliding_window 50-69, Predict Action: stir, Groud truth: stir
Predicted: ./dataset/test/drawerpickstir40/021.txt, sliding_window 51-70, Predict Action: stir, Groud truth: stir
Predicted: ./dataset/test/drawerpickstir40/021.txt, sliding_window 52-71, Predict Action: stir, Groud truth: stir
Predicted: ./dataset/test/drawerpickstir40/021.txt, sliding_window 53-72, Predict Action: stir, Groud truth: stir
Predicted: ./dataset/test/drawerpickstir40/021.txt, sliding_window 54-73, Predict Action: stir, Groud truth: stir
Predicted: ./dataset/test/drawerpickstir40/021.txt, sliding_window 55-74, Predict Action: stir, Groud truth: stir
Predicted: ./dataset/test/drawerpickstir40/021.txt, sliding_window 56-75, Predict Action: stir, Groud truth: stir
Predicted: ./dataset/test/drawerpickstir40/021.txt, sliding_window 57-76, Predict Action: stir, Groud truth: stir
Predicted: ./dataset/test/drawerpickstir40/021.txt, sliding_window 58-77, Predict Action: stir, Groud truth: stir
Predicted: ./dataset/test/drawerpickstir40/022.txt, sliding_window 59-78, Predict Action: drawer, Groud truth: [0 0 0 0 0 0 0 0 0 0 0 0 0 0 0 0 0 0 1 1]
Predicted: ./dataset/test/drawerpickstir40/022.txt, sliding_window 0-19, Predict Action: drawer, Groud truth: [0 0 0 0 0 0 0 0 0 0 0 0 0 0 0 0 0 1 1 1]
Predicted: ./dataset/test/drawerpickstir40/022.txt, sliding_window 1-20, Predict Action: drawer, Groud truth: [0 0 0 0 0 0 0 0 0 0 0 0 0 0 0 0 1 1 1 1]
Predicted: ./dataset/test/drawerpickstir40/022.txt, sliding_window 2-21, Predict Action: drawer, Groud truth: [0 0 0 0 0 0 0 0 0 0 0 0 0 0 0 1 1 1 1 1]
Predicted: ./dataset/test/drawerpickstir40/022.txt, sliding_window 3-22, Predict Action: drawer, Groud truth: [0 0 0 0 0 0 0 0 0 0 0 0 0 0 1 1 1 1 1 1]
Predicted: ./dataset/test/drawerpickstir40/022.txt, sliding_window 4-23, Predict Action: stir, Groud truth: [0 0 0 0 0 0 0 0 0 0 0 0 0 1 1 1 1 1 1 1]
Predicted: ./dataset/test/drawerpickstir40/022.txt, sliding_window 5-24, Predict Action: stir, Groud truth: [0 0 0 0 0 0 0 0 0 0 0 0 1 1 1 1 1 1 1 1]
Predicted: ./dataset/test/drawerpickstir40/022.txt, sliding_window 6-25, Predict Action: stir, Groud truth: [0 0 0 0 0 0 0 0 0 0 0 1 1 1 1 1 1 1 1 1]
Predicted: ./dataset/test/drawerpickstir40/022.txt, sliding_window 7-26, Predict Action: stir, Groud truth: [0 0 0 0 0 0 0 0 0 0 1 1 1 1 1 1 1 1 1 1]
Predicted: ./dataset/test/drawerpickstir40/022.txt, sliding_window 8-27, Predict Action: stir, Groud truth: [0 0 0 0 0 0 0 0 0 1 1 1 1 1 1 1 1 1 1 1]
Predicted: ./dataset/test/drawerpickstir40/022.txt, sliding_window 9-28, Predict Action: pick, Groud truth: [0 0 0 0 0 0 0 0 1 1 1 1 1 1 1 1 1 1 1 1]
Predicted: ./dataset/test/drawerpickstir40/022.txt, sliding_window 10-29, Predict Action: pick, Groud truth: [0 0 0 0 0 0 0 1 1 1 1 1 1 1 1 1 1 1 1 1]
Predicted: ./dataset/test/drawerpickstir40/022.txt, sliding_window 11-30, Predict Action: pick, Groud truth: [0 0 0 0 0 0 1 1 1 1 1 1 1 1 1 1 1 1 1 2]
Predicted: ./dataset/test/drawerpickstir40/022.txt, sliding_window 12-31, Predict Action: pick, Groud truth: [0 0 0 0 0 1 1 1 1 1 1 1 1 1 1 1 1 1 2 2]
Predicted: ./dataset/test/drawerpickstir40/022.txt, sliding_window 13-32, Predict Action: pick, Groud truth: [0 0 0 0 1 1 1 1 1 1 1 1 1 1 1 1 1 2 2 2]
Predicted: ./dataset/test/drawerpickstir40/022.txt, sliding_window 14-33, Predict Action: pick, Groud truth: [0 0 0 1 1 1 1 1 1 1 1 1 1 1 1 1 2 2 2 2]
Predicted: ./dataset/test/drawerpickstir40/022.txt, sliding_window 15-34, Predict Action: pick, Groud truth: [0 0 1 1 1 1 1 1 1 1 1 1 1 1 1 2 2 2 2 2]
Predicted: ./dataset/test/drawerpickstir40/022.txt, sliding_window 16-35, Predict Action: stir, Groud truth: [0 1 1 1 1 1 1 1 1 1 1 1 1 1 2 2 2 2 2 2]
Predicted: ./dataset/test/drawerpickstir40/022.txt, sliding_window 17-36, Predict Action: stir, Groud truth: [1 1 1 1 1 1 1 1 1 1 1 1 1 2 2 2 2 2 2 2]
Predicted: ./dataset/test/drawerpickstir40/022.txt, sliding_window 18-37, Predict Action: stir, Groud truth: [1 1 1 1 1 1 1 1 1 1 1 1 2 2 2 2 2 2 2 2]
Predicted: ./dataset/test/drawerpickstir40/022.txt, sliding_window 19-38, Predict Action: stir, Groud truth: [1 1 1 1 1 1 1 1 1 1 1 2 2 2 2 2 2 2 2 2]
Predicted: ./dataset/test/drawerpickstir40/022.txt, sliding_window 20-39, Predict Action: stir, Groud truth: [1 1 1 1 1 1 1 1 1 1 2 2 2 2 2 2 2 2 2 2]
Predicted: ./dataset/test/drawerpickstir40/022.txt, sliding_window 21-40, Predict Action: stir, Groud truth: [1 1 1 1 1 1 1 1 1 2 2 2 2 2 2 2 2 2 2 2]
Predicted: ./dataset/test/drawerpickstir40/022.txt, sliding_window 22-41, Predict Action: stir, Groud truth: [1 1 1 1 1 1 1 1 2 2 2 2 2 2 2 2 2 2 2 2]
Predicted: ./dataset/test/drawerpickstir40/022.txt, sliding_window 23-42, Predict Action: stir, Groud truth: [1 1 1 1 1 1 1 2 2 2 2 2 2 2 2 2 2 2 2 2]
Predicted: ./dataset/test/drawerpickstir40/022.txt, sliding_window 24-43, Predict Action: stir, Groud truth: [1 1 1 1 1 1 2 2 2 2 2 2 2 2 2 2 2 2 2 2]
Predicted: ./dataset/test/drawerpickstir40/022.txt, sliding_window 25-44, Predict Action: stir, Groud truth: [1 1 1 1 1 2 2 2 2 2 2 2 2 2 2 2 2 2 2 2]
Predicted: ./dataset/test/drawerpickstir40/022.txt, sliding_window 26-45, Predict Action: stir, Groud truth: [1 1 1 1 2 2 2 2 2 2 2 2 2 2 2 2 2 2 2 2]
Predicted: ./dataset/test/drawerpickstir40/022.txt, sliding_window 27-46, Predict Action: stir, Groud truth: [1 1 1 2 2 2 2 2 2 2 2 2 2 2 2 2 2 2 2 2]
Predicted: ./dataset/test/drawerpickstir40/022.txt, sliding_window 28-47, Predict Action: stir, Groud truth: [1 1 2 2 2 2 2 2 2 2 2 2 2 2 2 2 2 2 2 2]
Predicted: ./dataset/test/drawerpickstir40/022.txt, sliding_window 29-48, Predict Action: stir, Groud truth: [1 2 2 2 2 2 2 2 2 2 2 2 2 2 2 2 2 2 2 2]
Predicted: ./dataset/test/drawerpickstir40/022.txt, sliding_window 30-49, Predict Action: stir, Groud truth: stir
Predicted: ./dataset/test/drawerpickstir40/022.txt, sliding_window 31-50, Predict Action: stir, Groud truth: stir
Predicted: ./dataset/test/drawerpickstir40/022.txt, sliding_window 32-51, Predict Action: stir, Groud truth: stir
Predicted: ./dataset/test/drawerpickstir40/022.txt, sliding_window 33-52, Predict Action: stir, Groud truth: stir
Predicted: ./dataset/test/drawerpickstir40/022.txt, sliding_window 34-53, Predict Action: stir, Groud truth: stir
Predicted: ./dataset/test/drawerpickstir40/022.txt, sliding_window 35-54, Predict Action: stir, Groud truth: stir
Predicted: ./dataset/test/drawerpickstir40/022.txt, sliding_window 36-55, Predict Action: stir, Groud truth: stir
Predicted: ./dataset/test/drawerpickstir40/022.txt, sliding_window 37-56, Predict Action: stir, Groud truth: stir
Predicted: ./dataset/test/drawerpickstir40/022.txt, sliding_window 38-57, Predict Action: stir, Groud truth: stir
Predicted: ./dataset/test/drawerpickstir40/022.txt, sliding_window 39-58, Predict Action: stir, Groud truth: stir
Predicted: ./dataset/test/drawerpickstir40/022.txt, sliding_window 40-59, Predict Action: stir, Groud truth: stir
Predicted: ./dataset/test/drawerpickstir40/022.txt, sliding_window 41-60, Predict Action: stir, Groud truth: stir
Predicted: ./dataset/test/drawerpickstir40/022.txt, sliding_window 42-61, Predict Action: stir, Groud truth: stir
Predicted: ./dataset/test/drawerpickstir40/022.txt, sliding_window 43-62, Predict Action: stir, Groud truth: stir
Predicted: ./dataset/test/drawerpickstir40/022.txt, sliding_window 44-63, Predict Action: stir, Groud truth: stir
Predicted: ./dataset/test/drawerpickstir40/022.txt, sliding_window 45-64, Predict Action: stir, Groud truth: stir
Predicted: ./dataset/test/drawerpickstir40/022.txt, sliding_window 46-65, Predict Action: stir, Groud truth: stir
Predicted: ./dataset/test/drawerpickstir40/022.txt, sliding_window 47-66, Predict Action: stir, Groud truth: stir
Predicted: ./dataset/test/drawerpickstir40/022.txt, sliding_window 48-67, Predict Action: stir, Groud truth: stir
Predicted: ./dataset/test/drawerpickstir40/022.txt, sliding_window 49-68, Predict Action: stir, Groud truth: stir
Predicted: ./dataset/test/drawerpickstir40/022.txt, sliding_window 50-69, Predict Action: stir, Groud truth: stir
Predicted: ./dataset/test/drawerpickstir40/022.txt, sliding_window 51-70, Predict Action: stir, Groud truth: stir
Predicted: ./dataset/test/drawerpickstir40/022.txt, sliding_window 52-71, Predict Action: stir, Groud truth: stir
Predicted: ./dataset/test/drawerpickstir40/022.txt, sliding_window 53-72, Predict Action: stir, Groud truth: stir
Predicted: ./dataset/test/drawerpickstir40/022.txt, sliding_window 54-73, Predict Action: stir, Groud truth: stir
Predicted: ./dataset/test/drawerpickstir40/022.txt, sliding_window 55-74, Predict Action: stir, Groud truth: stir
Predicted: ./dataset/test/drawerpickstir40/022.txt, sliding_window 56-75, Predict Action: stir, Groud truth: stir
Predicted: ./dataset/test/drawerpickstir40/022.txt, sliding_window 57-76, Predict Action: stir, Groud truth: stir
Predicted: ./dataset/test/drawerpickstir40/022.txt, sliding_window 58-77, Predict Action: stir, Groud truth: stir
Predicted: ./dataset/test/drawerpickstir40/022.txt, sliding_window 59-78, Predict Action: stir, Groud truth: stir
Predicted: ./dataset/test/drawerpickstir40/022.txt, sliding_window 60-79, Predict Action: stir, Groud truth: stir
Predicted: ./dataset/test/drawerpickstir40/022.txt, sliding_window 61-80, Predict Action: stir, Groud truth: stir
Predicted: ./dataset/test/drawerpickstir40/022.txt, sliding_window 62-81, Predict Action: stir, Groud truth: stir
Predicted: ./dataset/test/drawerpickstir40/022.txt, sliding_window 63-82, Predict Action: stir, Groud truth: stir
Predicted: ./dataset/test/drawerpickstir40/022.txt, sliding_window 64-83, Predict Action: stir, Groud truth: stir
Predicted: ./dataset/test/drawerpickstir40/022.txt, sliding_window 65-84, Predict Action: stir, Groud truth: stir
Predicted: ./dataset/test/drawerpickstir40/022.txt, sliding_window 66-85, Predict Action: stir, Groud truth: stir
Predicted: ./dataset/test/drawerpickstir40/022.txt, sliding_window 67-86, Predict Action: stir, Groud truth: stir
Predicted: ./dataset/test/drawerpickstir40/022.txt, sliding_window 68-87, Predict Action: stir, Groud truth: stir
Predicted: ./dataset/test/drawerpickstir40/023.txt, sliding_window 69-88, Predict Action: drawer, Groud truth: [0 0 0 0 0 0 0 0 0 0 0 0 0 0 0 0 1 1 1 1]
Predicted: ./dataset/test/drawerpickstir40/023.txt, sliding_window 0-19, Predict Action: drawer, Groud truth: [0 0 0 0 0 0 0 0 0 0 0 0 0 0 0 1 1 1 1 1]
Predicted: ./dataset/test/drawerpickstir40/023.txt, sliding_window 1-20, Predict Action: drawer, Groud truth: [0 0 0 0 0 0 0 0 0 0 0 0 0 0 1 1 1 1 1 1]
Predicted: ./dataset/test/drawerpickstir40/023.txt, sliding_window 2-21, Predict Action: stir, Groud truth: [0 0 0 0 0 0 0 0 0 0 0 0 0 1 1 1 1 1 1 1]
Predicted: ./dataset/test/drawerpickstir40/023.txt, sliding_window 3-22, Predict Action: stir, Groud truth: [0 0 0 0 0 0 0 0 0 0 0 0 1 1 1 1 1 1 1 1]
Predicted: ./dataset/test/drawerpickstir40/023.txt, sliding_window 4-23, Predict Action: pick, Groud truth: [0 0 0 0 0 0 0 0 0 0 0 1 1 1 1 1 1 1 1 1]
Predicted: ./dataset/test/drawerpickstir40/023.txt, sliding_window 5-24, Predict Action: pick, Groud truth: [0 0 0 0 0 0 0 0 0 0 1 1 1 1 1 1 1 1 1 1]
Predicted: ./dataset/test/drawerpickstir40/023.txt, sliding_window 6-25, Predict Action: pick, Groud truth: [0 0 0 0 0 0 0 0 0 1 1 1 1 1 1 1 1 1 1 1]
Predicted: ./dataset/test/drawerpickstir40/023.txt, sliding_window 7-26, Predict Action: pick, Groud truth: [0 0 0 0 0 0 0 0 1 1 1 1 1 1 1 1 1 1 1 2]
Predicted: ./dataset/test/drawerpickstir40/023.txt, sliding_window 8-27, Predict Action: pick, Groud truth: [0 0 0 0 0 0 0 1 1 1 1 1 1 1 1 1 1 1 2 2]
Predicted: ./dataset/test/drawerpickstir40/023.txt, sliding_window 9-28, Predict Action: pick, Groud truth: [0 0 0 0 0 0 1 1 1 1 1 1 1 1 1 1 1 2 2 2]
Predicted: ./dataset/test/drawerpickstir40/023.txt, sliding_window 10-29, Predict Action: pick, Groud truth: [0 0 0 0 0 1 1 1 1 1 1 1 1 1 1 1 2 2 2 2]
Predicted: ./dataset/test/drawerpickstir40/023.txt, sliding_window 11-30, Predict Action: pick, Groud truth: [0 0 0 0 1 1 1 1 1 1 1 1 1 1 1 2 2 2 2 2]
Predicted: ./dataset/test/drawerpickstir40/023.txt, sliding_window 12-31, Predict Action: stir, Groud truth: [0 0 0 1 1 1 1 1 1 1 1 1 1 1 2 2 2 2 2 2]
Predicted: ./dataset/test/drawerpickstir40/023.txt, sliding_window 13-32, Predict Action: stir, Groud truth: [0 0 1 1 1 1 1 1 1 1 1 1 1 2 2 2 2 2 2 2]
Predicted: ./dataset/test/drawerpickstir40/023.txt, sliding_window 14-33, Predict Action: stir, Groud truth: [0 1 1 1 1 1 1 1 1 1 1 1 2 2 2 2 2 2 2 2]
Predicted: ./dataset/test/drawerpickstir40/023.txt, sliding_window 15-34, Predict Action: stir, Groud truth: [1 1 1 1 1 1 1 1 1 1 1 2 2 2 2 2 2 2 2 2]
Predicted: ./dataset/test/drawerpickstir40/023.txt, sliding_window 16-35, Predict Action: stir, Groud truth: [1 1 1 1 1 1 1 1 1 1 2 2 2 2 2 2 2 2 2 2]
Predicted: ./dataset/test/drawerpickstir40/023.txt, sliding_window 17-36, Predict Action: stir, Groud truth: [1 1 1 1 1 1 1 1 1 2 2 2 2 2 2 2 2 2 2 2]
Predicted: ./dataset/test/drawerpickstir40/023.txt, sliding_window 18-37, Predict Action: stir, Groud truth: [1 1 1 1 1 1 1 1 2 2 2 2 2 2 2 2 2 2 2 2]
Predicted: ./dataset/test/drawerpickstir40/023.txt, sliding_window 19-38, Predict Action: stir, Groud truth: [1 1 1 1 1 1 1 2 2 2 2 2 2 2 2 2 2 2 2 2]
Predicted: ./dataset/test/drawerpickstir40/023.txt, sliding_window 20-39, Predict Action: stir, Groud truth: [1 1 1 1 1 1 2 2 2 2 2 2 2 2 2 2 2 2 2 2]
Predicted: ./dataset/test/drawerpickstir40/023.txt, sliding_window 21-40, Predict Action: stir, Groud truth: [1 1 1 1 1 2 2 2 2 2 2 2 2 2 2 2 2 2 2 2]
Predicted: ./dataset/test/drawerpickstir40/023.txt, sliding_window 22-41, Predict Action: stir, Groud truth: [1 1 1 1 2 2 2 2 2 2 2 2 2 2 2 2 2 2 2 2]
Predicted: ./dataset/test/drawerpickstir40/023.txt, sliding_window 23-42, Predict Action: stir, Groud truth: [1 1 1 2 2 2 2 2 2 2 2 2 2 2 2 2 2 2 2 2]
Predicted: ./dataset/test/drawerpickstir40/023.txt, sliding_window 24-43, Predict Action: stir, Groud truth: [1 1 2 2 2 2 2 2 2 2 2 2 2 2 2 2 2 2 2 2]
Predicted: ./dataset/test/drawerpickstir40/023.txt, sliding_window 25-44, Predict Action: stir, Groud truth: [1 2 2 2 2 2 2 2 2 2 2 2 2 2 2 2 2 2 2 2]
Predicted: ./dataset/test/drawerpickstir40/023.txt, sliding_window 26-45, Predict Action: stir, Groud truth: stir
Predicted: ./dataset/test/drawerpickstir40/023.txt, sliding_window 27-46, Predict Action: stir, Groud truth: stir
Predicted: ./dataset/test/drawerpickstir40/023.txt, sliding_window 28-47, Predict Action: stir, Groud truth: stir
Predicted: ./dataset/test/drawerpickstir40/023.txt, sliding_window 29-48, Predict Action: stir, Groud truth: stir
Predicted: ./dataset/test/drawerpickstir40/023.txt, sliding_window 30-49, Predict Action: stir, Groud truth: stir
Predicted: ./dataset/test/drawerpickstir40/023.txt, sliding_window 31-50, Predict Action: stir, Groud truth: stir
Predicted: ./dataset/test/drawerpickstir40/023.txt, sliding_window 32-51, Predict Action: stir, Groud truth: stir
Predicted: ./dataset/test/drawerpickstir40/023.txt, sliding_window 33-52, Predict Action: stir, Groud truth: stir
Predicted: ./dataset/test/drawerpickstir40/023.txt, sliding_window 34-53, Predict Action: stir, Groud truth: stir
Predicted: ./dataset/test/drawerpickstir40/023.txt, sliding_window 35-54, Predict Action: stir, Groud truth: stir
Predicted: ./dataset/test/drawerpickstir40/023.txt, sliding_window 36-55, Predict Action: stir, Groud truth: stir
Predicted: ./dataset/test/drawerpickstir40/023.txt, sliding_window 37-56, Predict Action: stir, Groud truth: stir
Predicted: ./dataset/test/drawerpickstir40/023.txt, sliding_window 38-57, Predict Action: stir, Groud truth: stir
Predicted: ./dataset/test/drawerpickstir40/023.txt, sliding_window 39-58, Predict Action: stir, Groud truth: stir
Predicted: ./dataset/test/drawerpickstir40/023.txt, sliding_window 40-59, Predict Action: stir, Groud truth: stir
Predicted: ./dataset/test/drawerpickstir40/023.txt, sliding_window 41-60, Predict Action: stir, Groud truth: stir
Predicted: ./dataset/test/drawerpickstir40/023.txt, sliding_window 42-61, Predict Action: stir, Groud truth: stir
Predicted: ./dataset/test/drawerpickstir40/023.txt, sliding_window 43-62, Predict Action: stir, Groud truth: stir
Predicted: ./dataset/test/drawerpickstir40/023.txt, sliding_window 44-63, Predict Action: stir, Groud truth: stir
Predicted: ./dataset/test/drawerpickstir40/023.txt, sliding_window 45-64, Predict Action: stir, Groud truth: stir
Predicted: ./dataset/test/drawerpickstir40/023.txt, sliding_window 46-65, Predict Action: stir, Groud truth: stir
Predicted: ./dataset/test/drawerpickstir40/023.txt, sliding_window 47-66, Predict Action: stir, Groud truth: stir
Predicted: ./dataset/test/drawerpickstir40/023.txt, sliding_window 48-67, Predict Action: stir, Groud truth: stir
Predicted: ./dataset/test/drawerpickstir40/023.txt, sliding_window 49-68, Predict Action: stir, Groud truth: stir
Predicted: ./dataset/test/drawerpickstir40/023.txt, sliding_window 50-69, Predict Action: stir, Groud truth: stir
Predicted: ./dataset/test/drawerpickstir40/023.txt, sliding_window 51-70, Predict Action: stir, Groud truth: stir
Predicted: ./dataset/test/drawerpickstir40/023.txt, sliding_window 52-71, Predict Action: stir, Groud truth: stir
Predicted: ./dataset/test/drawerpickstir40/023.txt, sliding_window 53-72, Predict Action: stir, Groud truth: stir
Predicted: ./dataset/test/drawerpickstir40/023.txt, sliding_window 54-73, Predict Action: stir, Groud truth: stir
Predicted: ./dataset/test/drawerpickstir40/023.txt, sliding_window 55-74, Predict Action: stir, Groud truth: stir
Predicted: ./dataset/test/drawerpickstir40/023.txt, sliding_window 56-75, Predict Action: stir, Groud truth: stir
Predicted: ./dataset/test/drawerpickstir40/023.txt, sliding_window 57-76, Predict Action: stir, Groud truth: stir
Predicted: ./dataset/test/drawerpickstir40/024.txt, sliding_window 58-77, Predict Action: drawer, Groud truth: drawer
Predicted: ./dataset/test/drawerpickstir40/024.txt, sliding_window 0-19, Predict Action: drawer, Groud truth: [0 0 0 0 0 0 0 0 0 0 0 0 0 0 0 0 0 0 0 1]
Predicted: ./dataset/test/drawerpickstir40/024.txt, sliding_window 1-20, Predict Action: drawer, Groud truth: [0 0 0 0 0 0 0 0 0 0 0 0 0 0 0 0 0 0 1 1]
Predicted: ./dataset/test/drawerpickstir40/024.txt, sliding_window 2-21, Predict Action: drawer, Groud truth: [0 0 0 0 0 0 0 0 0 0 0 0 0 0 0 0 0 1 1 1]
Predicted: ./dataset/test/drawerpickstir40/024.txt, sliding_window 3-22, Predict Action: drawer, Groud truth: [0 0 0 0 0 0 0 0 0 0 0 0 0 0 0 0 1 1 1 1]
Predicted: ./dataset/test/drawerpickstir40/024.txt, sliding_window 4-23, Predict Action: drawer, Groud truth: [0 0 0 0 0 0 0 0 0 0 0 0 0 0 0 1 1 1 1 1]
Predicted: ./dataset/test/drawerpickstir40/024.txt, sliding_window 5-24, Predict Action: drawer, Groud truth: [0 0 0 0 0 0 0 0 0 0 0 0 0 0 1 1 1 1 1 1]
Predicted: ./dataset/test/drawerpickstir40/024.txt, sliding_window 6-25, Predict Action: stir, Groud truth: [0 0 0 0 0 0 0 0 0 0 0 0 0 1 1 1 1 1 1 1]
Predicted: ./dataset/test/drawerpickstir40/024.txt, sliding_window 7-26, Predict Action: stir, Groud truth: [0 0 0 0 0 0 0 0 0 0 0 0 1 1 1 1 1 1 1 1]
Predicted: ./dataset/test/drawerpickstir40/024.txt, sliding_window 8-27, Predict Action: stir, Groud truth: [0 0 0 0 0 0 0 0 0 0 0 1 1 1 1 1 1 1 1 1]
Predicted: ./dataset/test/drawerpickstir40/024.txt, sliding_window 9-28, Predict Action: pick, Groud truth: [0 0 0 0 0 0 0 0 0 0 1 1 1 1 1 1 1 1 1 1]
Predicted: ./dataset/test/drawerpickstir40/024.txt, sliding_window 10-29, Predict Action: pick, Groud truth: [0 0 0 0 0 0 0 0 0 1 1 1 1 1 1 1 1 1 1 1]
Predicted: ./dataset/test/drawerpickstir40/024.txt, sliding_window 11-30, Predict Action: pick, Groud truth: [0 0 0 0 0 0 0 0 1 1 1 1 1 1 1 1 1 1 1 1]
Predicted: ./dataset/test/drawerpickstir40/024.txt, sliding_window 12-31, Predict Action: pick, Groud truth: [0 0 0 0 0 0 0 1 1 1 1 1 1 1 1 1 1 1 1 2]
Predicted: ./dataset/test/drawerpickstir40/024.txt, sliding_window 13-32, Predict Action: pick, Groud truth: [0 0 0 0 0 0 1 1 1 1 1 1 1 1 1 1 1 1 2 2]
Predicted: ./dataset/test/drawerpickstir40/024.txt, sliding_window 14-33, Predict Action: drawer, Groud truth: [0 0 0 0 0 1 1 1 1 1 1 1 1 1 1 1 1 2 2 2]
Predicted: ./dataset/test/drawerpickstir40/024.txt, sliding_window 15-34, Predict Action: drawer, Groud truth: [0 0 0 0 1 1 1 1 1 1 1 1 1 1 1 1 2 2 2 2]
Predicted: ./dataset/test/drawerpickstir40/024.txt, sliding_window 16-35, Predict Action: stir, Groud truth: [0 0 0 1 1 1 1 1 1 1 1 1 1 1 1 2 2 2 2 2]
Predicted: ./dataset/test/drawerpickstir40/024.txt, sliding_window 17-36, Predict Action: stir, Groud truth: [0 0 1 1 1 1 1 1 1 1 1 1 1 1 2 2 2 2 2 2]
Predicted: ./dataset/test/drawerpickstir40/024.txt, sliding_window 18-37, Predict Action: stir, Groud truth: [0 1 1 1 1 1 1 1 1 1 1 1 1 2 2 2 2 2 2 2]
Predicted: ./dataset/test/drawerpickstir40/024.txt, sliding_window 19-38, Predict Action: stir, Groud truth: [1 1 1 1 1 1 1 1 1 1 1 1 2 2 2 2 2 2 2 2]
Predicted: ./dataset/test/drawerpickstir40/024.txt, sliding_window 20-39, Predict Action: stir, Groud truth: [1 1 1 1 1 1 1 1 1 1 1 2 2 2 2 2 2 2 2 2]
Predicted: ./dataset/test/drawerpickstir40/024.txt, sliding_window 21-40, Predict Action: stir, Groud truth: [1 1 1 1 1 1 1 1 1 1 2 2 2 2 2 2 2 2 2 2]
Predicted: ./dataset/test/drawerpickstir40/024.txt, sliding_window 22-41, Predict Action: stir, Groud truth: [1 1 1 1 1 1 1 1 1 2 2 2 2 2 2 2 2 2 2 2]
Predicted: ./dataset/test/drawerpickstir40/024.txt, sliding_window 23-42, Predict Action: stir, Groud truth: [1 1 1 1 1 1 1 1 2 2 2 2 2 2 2 2 2 2 2 2]
Predicted: ./dataset/test/drawerpickstir40/024.txt, sliding_window 24-43, Predict Action: stir, Groud truth: [1 1 1 1 1 1 1 2 2 2 2 2 2 2 2 2 2 2 2 2]
Predicted: ./dataset/test/drawerpickstir40/024.txt, sliding_window 25-44, Predict Action: stir, Groud truth: [1 1 1 1 1 1 2 2 2 2 2 2 2 2 2 2 2 2 2 2]
Predicted: ./dataset/test/drawerpickstir40/024.txt, sliding_window 26-45, Predict Action: stir, Groud truth: [1 1 1 1 1 2 2 2 2 2 2 2 2 2 2 2 2 2 2 2]
Predicted: ./dataset/test/drawerpickstir40/024.txt, sliding_window 27-46, Predict Action: stir, Groud truth: [1 1 1 1 2 2 2 2 2 2 2 2 2 2 2 2 2 2 2 2]
Predicted: ./dataset/test/drawerpickstir40/024.txt, sliding_window 28-47, Predict Action: stir, Groud truth: [1 1 1 2 2 2 2 2 2 2 2 2 2 2 2 2 2 2 2 2]
Predicted: ./dataset/test/drawerpickstir40/024.txt, sliding_window 29-48, Predict Action: stir, Groud truth: [1 1 2 2 2 2 2 2 2 2 2 2 2 2 2 2 2 2 2 2]
Predicted: ./dataset/test/drawerpickstir40/024.txt, sliding_window 30-49, Predict Action: stir, Groud truth: [1 2 2 2 2 2 2 2 2 2 2 2 2 2 2 2 2 2 2 2]
Predicted: ./dataset/test/drawerpickstir40/024.txt, sliding_window 31-50, Predict Action: stir, Groud truth: stir
Predicted: ./dataset/test/drawerpickstir40/024.txt, sliding_window 32-51, Predict Action: stir, Groud truth: stir
Predicted: ./dataset/test/drawerpickstir40/024.txt, sliding_window 33-52, Predict Action: stir, Groud truth: stir
Predicted: ./dataset/test/drawerpickstir40/024.txt, sliding_window 34-53, Predict Action: stir, Groud truth: stir
Predicted: ./dataset/test/drawerpickstir40/024.txt, sliding_window 35-54, Predict Action: stir, Groud truth: stir
Predicted: ./dataset/test/drawerpickstir40/024.txt, sliding_window 36-55, Predict Action: stir, Groud truth: stir
Predicted: ./dataset/test/drawerpickstir40/024.txt, sliding_window 37-56, Predict Action: stir, Groud truth: stir
Predicted: ./dataset/test/drawerpickstir40/024.txt, sliding_window 38-57, Predict Action: stir, Groud truth: stir
Predicted: ./dataset/test/drawerpickstir40/024.txt, sliding_window 39-58, Predict Action: stir, Groud truth: stir
Predicted: ./dataset/test/drawerpickstir40/024.txt, sliding_window 40-59, Predict Action: stir, Groud truth: stir
Predicted: ./dataset/test/drawerpickstir40/024.txt, sliding_window 41-60, Predict Action: stir, Groud truth: stir
Predicted: ./dataset/test/drawerpickstir40/024.txt, sliding_window 42-61, Predict Action: stir, Groud truth: stir
Predicted: ./dataset/test/drawerpickstir40/024.txt, sliding_window 43-62, Predict Action: stir, Groud truth: stir
Predicted: ./dataset/test/drawerpickstir40/024.txt, sliding_window 44-63, Predict Action: stir, Groud truth: stir
Predicted: ./dataset/test/drawerpickstir40/024.txt, sliding_window 45-64, Predict Action: stir, Groud truth: stir
Predicted: ./dataset/test/drawerpickstir40/024.txt, sliding_window 46-65, Predict Action: stir, Groud truth: stir
Predicted: ./dataset/test/drawerpickstir40/024.txt, sliding_window 47-66, Predict Action: stir, Groud truth: stir
Predicted: ./dataset/test/drawerpickstir40/024.txt, sliding_window 48-67, Predict Action: stir, Groud truth: stir
Predicted: ./dataset/test/drawerpickstir40/024.txt, sliding_window 49-68, Predict Action: stir, Groud truth: stir
Predicted: ./dataset/test/drawerpickstir40/024.txt, sliding_window 50-69, Predict Action: stir, Groud truth: stir
Predicted: ./dataset/test/drawerpickstir40/024.txt, sliding_window 51-70, Predict Action: stir, Groud truth: stir
Predicted: ./dataset/test/drawerpickstir40/024.txt, sliding_window 52-71, Predict Action: stir, Groud truth: stir
Predicted: ./dataset/test/drawerpickstir40/024.txt, sliding_window 53-72, Predict Action: stir, Groud truth: stir
Predicted: ./dataset/test/drawerpickstir40/024.txt, sliding_window 54-73, Predict Action: stir, Groud truth: stir
Predicted: ./dataset/test/drawerpickstir40/024.txt, sliding_window 55-74, Predict Action: stir, Groud truth: stir
Predicted: ./dataset/test/drawerpickstir40/024.txt, sliding_window 56-75, Predict Action: stir, Groud truth: stir
Predicted: ./dataset/test/drawerpickstir40/024.txt, sliding_window 57-76, Predict Action: stir, Groud truth: stir
Predicted: ./dataset/test/drawerpickstir40/024.txt, sliding_window 58-77, Predict Action: stir, Groud truth: stir
Predicted: ./dataset/test/drawerpickstir40/024.txt, sliding_window 59-78, Predict Action: stir, Groud truth: stir
Predicted: ./dataset/test/drawerpickstir40/024.txt, sliding_window 60-79, Predict Action: stir, Groud truth: stir
Predicted: ./dataset/test/drawerpickstir40/024.txt, sliding_window 61-80, Predict Action: stir, Groud truth: stir
Predicted: ./dataset/test/drawerpickstir40/024.txt, sliding_window 62-81, Predict Action: stir, Groud truth: stir
Predicted: ./dataset/test/drawerpickstir40/024.txt, sliding_window 63-82, Predict Action: stir, Groud truth: stir
Predicted: ./dataset/test/drawerpickstir40/024.txt, sliding_window 64-83, Predict Action: stir, Groud truth: stir
Predicted: ./dataset/test/drawerpickstir40/024.txt, sliding_window 65-84, Predict Action: stir, Groud truth: stir
Predicted: ./dataset/test/drawerpickstir40/024.txt, sliding_window 66-85, Predict Action: stir, Groud truth: stir
Predicted: ./dataset/test/drawerpickstir40/024.txt, sliding_window 67-86, Predict Action: stir, Groud truth: stir
Predicted: ./dataset/test/drawerpickstir40/024.txt, sliding_window 68-87, Predict Action: stir, Groud truth: stir
Predicted: ./dataset/test/drawerpickstir40/024.txt, sliding_window 69-88, Predict Action: stir, Groud truth: stir
Predicted: ./dataset/test/drawerpickstir40/024.txt, sliding_window 70-89, Predict Action: stir, Groud truth: stir
Predicted: ./dataset/test/drawerpickstir40/025.txt, sliding_window 71-90, Predict Action: drawer, Groud truth: [0 0 0 0 0 0 0 0 0 0 0 0 0 0 0 0 0 0 0 1]
Predicted: ./dataset/test/drawerpickstir40/025.txt, sliding_window 0-19, Predict Action: drawer, Groud truth: [0 0 0 0 0 0 0 0 0 0 0 0 0 0 0 0 0 0 1 1]
Predicted: ./dataset/test/drawerpickstir40/025.txt, sliding_window 1-20, Predict Action: drawer, Groud truth: [0 0 0 0 0 0 0 0 0 0 0 0 0 0 0 0 0 1 1 1]
Predicted: ./dataset/test/drawerpickstir40/025.txt, sliding_window 2-21, Predict Action: drawer, Groud truth: [0 0 0 0 0 0 0 0 0 0 0 0 0 0 0 0 1 1 1 1]
Predicted: ./dataset/test/drawerpickstir40/025.txt, sliding_window 3-22, Predict Action: drawer, Groud truth: [0 0 0 0 0 0 0 0 0 0 0 0 0 0 0 1 1 1 1 1]
Predicted: ./dataset/test/drawerpickstir40/025.txt, sliding_window 4-23, Predict Action: drawer, Groud truth: [0 0 0 0 0 0 0 0 0 0 0 0 0 0 1 1 1 1 1 1]
Predicted: ./dataset/test/drawerpickstir40/025.txt, sliding_window 5-24, Predict Action: drawer, Groud truth: [0 0 0 0 0 0 0 0 0 0 0 0 0 1 1 1 1 1 1 1]
Predicted: ./dataset/test/drawerpickstir40/025.txt, sliding_window 6-25, Predict Action: pick, Groud truth: [0 0 0 0 0 0 0 0 0 0 0 0 1 1 1 1 1 1 1 1]
Predicted: ./dataset/test/drawerpickstir40/025.txt, sliding_window 7-26, Predict Action: pick, Groud truth: [0 0 0 0 0 0 0 0 0 0 0 1 1 1 1 1 1 1 1 1]
Predicted: ./dataset/test/drawerpickstir40/025.txt, sliding_window 8-27, Predict Action: drawer, Groud truth: [0 0 0 0 0 0 0 0 0 0 1 1 1 1 1 1 1 1 1 1]
Predicted: ./dataset/test/drawerpickstir40/025.txt, sliding_window 9-28, Predict Action: drawer, Groud truth: [0 0 0 0 0 0 0 0 0 1 1 1 1 1 1 1 1 1 1 2]
Predicted: ./dataset/test/drawerpickstir40/025.txt, sliding_window 10-29, Predict Action: drawer, Groud truth: [0 0 0 0 0 0 0 0 1 1 1 1 1 1 1 1 1 1 2 2]
Predicted: ./dataset/test/drawerpickstir40/025.txt, sliding_window 11-30, Predict Action: drawer, Groud truth: [0 0 0 0 0 0 0 1 1 1 1 1 1 1 1 1 1 2 2 2]
Predicted: ./dataset/test/drawerpickstir40/025.txt, sliding_window 12-31, Predict Action: drawer, Groud truth: [0 0 0 0 0 0 1 1 1 1 1 1 1 1 1 1 2 2 2 2]
Predicted: ./dataset/test/drawerpickstir40/025.txt, sliding_window 13-32, Predict Action: drawer, Groud truth: [0 0 0 0 0 1 1 1 1 1 1 1 1 1 1 2 2 2 2 2]
Predicted: ./dataset/test/drawerpickstir40/025.txt, sliding_window 14-33, Predict Action: stir, Groud truth: [0 0 0 0 1 1 1 1 1 1 1 1 1 1 2 2 2 2 2 2]
Predicted: ./dataset/test/drawerpickstir40/025.txt, sliding_window 15-34, Predict Action: stir, Groud truth: [0 0 0 1 1 1 1 1 1 1 1 1 1 2 2 2 2 2 2 2]
Predicted: ./dataset/test/drawerpickstir40/025.txt, sliding_window 16-35, Predict Action: stir, Groud truth: [0 0 1 1 1 1 1 1 1 1 1 1 2 2 2 2 2 2 2 2]
Predicted: ./dataset/test/drawerpickstir40/025.txt, sliding_window 17-36, Predict Action: stir, Groud truth: [0 1 1 1 1 1 1 1 1 1 1 2 2 2 2 2 2 2 2 2]
Predicted: ./dataset/test/drawerpickstir40/025.txt, sliding_window 18-37, Predict Action: stir, Groud truth: [1 1 1 1 1 1 1 1 1 1 2 2 2 2 2 2 2 2 2 2]
Predicted: ./dataset/test/drawerpickstir40/025.txt, sliding_window 19-38, Predict Action: stir, Groud truth: [1 1 1 1 1 1 1 1 1 2 2 2 2 2 2 2 2 2 2 2]
Predicted: ./dataset/test/drawerpickstir40/025.txt, sliding_window 20-39, Predict Action: stir, Groud truth: [1 1 1 1 1 1 1 1 2 2 2 2 2 2 2 2 2 2 2 2]
Predicted: ./dataset/test/drawerpickstir40/025.txt, sliding_window 21-40, Predict Action: stir, Groud truth: [1 1 1 1 1 1 1 2 2 2 2 2 2 2 2 2 2 2 2 2]
Predicted: ./dataset/test/drawerpickstir40/025.txt, sliding_window 22-41, Predict Action: stir, Groud truth: [1 1 1 1 1 1 2 2 2 2 2 2 2 2 2 2 2 2 2 2]
Predicted: ./dataset/test/drawerpickstir40/025.txt, sliding_window 23-42, Predict Action: stir, Groud truth: [1 1 1 1 1 2 2 2 2 2 2 2 2 2 2 2 2 2 2 2]
Predicted: ./dataset/test/drawerpickstir40/025.txt, sliding_window 24-43, Predict Action: stir, Groud truth: [1 1 1 1 2 2 2 2 2 2 2 2 2 2 2 2 2 2 2 2]
Predicted: ./dataset/test/drawerpickstir40/025.txt, sliding_window 25-44, Predict Action: stir, Groud truth: [1 1 1 2 2 2 2 2 2 2 2 2 2 2 2 2 2 2 2 2]
Predicted: ./dataset/test/drawerpickstir40/025.txt, sliding_window 26-45, Predict Action: stir, Groud truth: [1 1 2 2 2 2 2 2 2 2 2 2 2 2 2 2 2 2 2 2]
Predicted: ./dataset/test/drawerpickstir40/025.txt, sliding_window 27-46, Predict Action: stir, Groud truth: [1 2 2 2 2 2 2 2 2 2 2 2 2 2 2 2 2 2 2 2]
Predicted: ./dataset/test/drawerpickstir40/025.txt, sliding_window 28-47, Predict Action: stir, Groud truth: stir
Predicted: ./dataset/test/drawerpickstir40/025.txt, sliding_window 29-48, Predict Action: stir, Groud truth: stir
Predicted: ./dataset/test/drawerpickstir40/025.txt, sliding_window 30-49, Predict Action: stir, Groud truth: stir
Predicted: ./dataset/test/drawerpickstir40/025.txt, sliding_window 31-50, Predict Action: stir, Groud truth: stir
Predicted: ./dataset/test/drawerpickstir40/025.txt, sliding_window 32-51, Predict Action: stir, Groud truth: stir
Predicted: ./dataset/test/drawerpickstir40/025.txt, sliding_window 33-52, Predict Action: stir, Groud truth: stir
Predicted: ./dataset/test/drawerpickstir40/025.txt, sliding_window 34-53, Predict Action: stir, Groud truth: stir
Predicted: ./dataset/test/drawerpickstir40/025.txt, sliding_window 35-54, Predict Action: stir, Groud truth: stir
Predicted: ./dataset/test/drawerpickstir40/025.txt, sliding_window 36-55, Predict Action: stir, Groud truth: stir
Predicted: ./dataset/test/drawerpickstir40/025.txt, sliding_window 37-56, Predict Action: stir, Groud truth: stir
Predicted: ./dataset/test/drawerpickstir40/025.txt, sliding_window 38-57, Predict Action: stir, Groud truth: stir
Predicted: ./dataset/test/drawerpickstir40/025.txt, sliding_window 39-58, Predict Action: stir, Groud truth: stir
Predicted: ./dataset/test/drawerpickstir40/025.txt, sliding_window 40-59, Predict Action: stir, Groud truth: stir
Predicted: ./dataset/test/drawerpickstir40/025.txt, sliding_window 41-60, Predict Action: stir, Groud truth: stir
Predicted: ./dataset/test/drawerpickstir40/025.txt, sliding_window 42-61, Predict Action: stir, Groud truth: stir
Predicted: ./dataset/test/drawerpickstir40/025.txt, sliding_window 43-62, Predict Action: stir, Groud truth: stir
Predicted: ./dataset/test/drawerpickstir40/025.txt, sliding_window 44-63, Predict Action: stir, Groud truth: stir
Predicted: ./dataset/test/drawerpickstir40/025.txt, sliding_window 45-64, Predict Action: stir, Groud truth: stir
Predicted: ./dataset/test/drawerpickstir40/025.txt, sliding_window 46-65, Predict Action: stir, Groud truth: stir
Predicted: ./dataset/test/drawerpickstir40/025.txt, sliding_window 47-66, Predict Action: stir, Groud truth: stir
Predicted: ./dataset/test/drawerpickstir40/026.txt, sliding_window 48-67, Predict Action: drawer, Groud truth: drawer
Predicted: ./dataset/test/drawerpickstir40/026.txt, sliding_window 0-19, Predict Action: drawer, Groud truth: [0 0 0 0 0 0 0 0 0 0 0 0 0 0 0 0 0 0 0 1]
Predicted: ./dataset/test/drawerpickstir40/026.txt, sliding_window 1-20, Predict Action: drawer, Groud truth: [0 0 0 0 0 0 0 0 0 0 0 0 0 0 0 0 0 0 1 1]
Predicted: ./dataset/test/drawerpickstir40/026.txt, sliding_window 2-21, Predict Action: drawer, Groud truth: [0 0 0 0 0 0 0 0 0 0 0 0 0 0 0 0 0 1 1 1]
Predicted: ./dataset/test/drawerpickstir40/026.txt, sliding_window 3-22, Predict Action: drawer, Groud truth: [0 0 0 0 0 0 0 0 0 0 0 0 0 0 0 0 1 1 1 1]
Predicted: ./dataset/test/drawerpickstir40/026.txt, sliding_window 4-23, Predict Action: drawer, Groud truth: [0 0 0 0 0 0 0 0 0 0 0 0 0 0 0 1 1 1 1 1]
Predicted: ./dataset/test/drawerpickstir40/026.txt, sliding_window 5-24, Predict Action: drawer, Groud truth: [0 0 0 0 0 0 0 0 0 0 0 0 0 0 1 1 1 1 1 1]
Predicted: ./dataset/test/drawerpickstir40/026.txt, sliding_window 6-25, Predict Action: pick, Groud truth: [0 0 0 0 0 0 0 0 0 0 0 0 0 1 1 1 1 1 1 1]
Predicted: ./dataset/test/drawerpickstir40/026.txt, sliding_window 7-26, Predict Action: pick, Groud truth: [0 0 0 0 0 0 0 0 0 0 0 0 1 1 1 1 1 1 1 1]
Predicted: ./dataset/test/drawerpickstir40/026.txt, sliding_window 8-27, Predict Action: pick, Groud truth: [0 0 0 0 0 0 0 0 0 0 0 1 1 1 1 1 1 1 1 1]
Predicted: ./dataset/test/drawerpickstir40/026.txt, sliding_window 9-28, Predict Action: drawer, Groud truth: [0 0 0 0 0 0 0 0 0 0 1 1 1 1 1 1 1 1 1 1]
Predicted: ./dataset/test/drawerpickstir40/026.txt, sliding_window 10-29, Predict Action: drawer, Groud truth: [0 0 0 0 0 0 0 0 0 1 1 1 1 1 1 1 1 1 1 2]
Predicted: ./dataset/test/drawerpickstir40/026.txt, sliding_window 11-30, Predict Action: drawer, Groud truth: [0 0 0 0 0 0 0 0 1 1 1 1 1 1 1 1 1 1 2 2]
Predicted: ./dataset/test/drawerpickstir40/026.txt, sliding_window 12-31, Predict Action: drawer, Groud truth: [0 0 0 0 0 0 0 1 1 1 1 1 1 1 1 1 1 2 2 2]
Predicted: ./dataset/test/drawerpickstir40/026.txt, sliding_window 13-32, Predict Action: drawer, Groud truth: [0 0 0 0 0 0 1 1 1 1 1 1 1 1 1 1 2 2 2 2]
Predicted: ./dataset/test/drawerpickstir40/026.txt, sliding_window 14-33, Predict Action: drawer, Groud truth: [0 0 0 0 0 1 1 1 1 1 1 1 1 1 1 2 2 2 2 2]
Predicted: ./dataset/test/drawerpickstir40/026.txt, sliding_window 15-34, Predict Action: stir, Groud truth: [0 0 0 0 1 1 1 1 1 1 1 1 1 1 2 2 2 2 2 2]
Predicted: ./dataset/test/drawerpickstir40/026.txt, sliding_window 16-35, Predict Action: stir, Groud truth: [0 0 0 1 1 1 1 1 1 1 1 1 1 2 2 2 2 2 2 2]
Predicted: ./dataset/test/drawerpickstir40/026.txt, sliding_window 17-36, Predict Action: stir, Groud truth: [0 0 1 1 1 1 1 1 1 1 1 1 2 2 2 2 2 2 2 2]
Predicted: ./dataset/test/drawerpickstir40/026.txt, sliding_window 18-37, Predict Action: stir, Groud truth: [0 1 1 1 1 1 1 1 1 1 1 2 2 2 2 2 2 2 2 2]
Predicted: ./dataset/test/drawerpickstir40/026.txt, sliding_window 19-38, Predict Action: stir, Groud truth: [1 1 1 1 1 1 1 1 1 1 2 2 2 2 2 2 2 2 2 2]
Predicted: ./dataset/test/drawerpickstir40/026.txt, sliding_window 20-39, Predict Action: stir, Groud truth: [1 1 1 1 1 1 1 1 1 2 2 2 2 2 2 2 2 2 2 2]
Predicted: ./dataset/test/drawerpickstir40/026.txt, sliding_window 21-40, Predict Action: stir, Groud truth: [1 1 1 1 1 1 1 1 2 2 2 2 2 2 2 2 2 2 2 2]
Predicted: ./dataset/test/drawerpickstir40/026.txt, sliding_window 22-41, Predict Action: stir, Groud truth: [1 1 1 1 1 1 1 2 2 2 2 2 2 2 2 2 2 2 2 2]
Predicted: ./dataset/test/drawerpickstir40/026.txt, sliding_window 23-42, Predict Action: stir, Groud truth: [1 1 1 1 1 1 2 2 2 2 2 2 2 2 2 2 2 2 2 2]
Predicted: ./dataset/test/drawerpickstir40/026.txt, sliding_window 24-43, Predict Action: stir, Groud truth: [1 1 1 1 1 2 2 2 2 2 2 2 2 2 2 2 2 2 2 2]
Predicted: ./dataset/test/drawerpickstir40/026.txt, sliding_window 25-44, Predict Action: stir, Groud truth: [1 1 1 1 2 2 2 2 2 2 2 2 2 2 2 2 2 2 2 2]
Predicted: ./dataset/test/drawerpickstir40/026.txt, sliding_window 26-45, Predict Action: stir, Groud truth: [1 1 1 2 2 2 2 2 2 2 2 2 2 2 2 2 2 2 2 2]
Predicted: ./dataset/test/drawerpickstir40/026.txt, sliding_window 27-46, Predict Action: stir, Groud truth: [1 1 2 2 2 2 2 2 2 2 2 2 2 2 2 2 2 2 2 2]
Predicted: ./dataset/test/drawerpickstir40/026.txt, sliding_window 28-47, Predict Action: stir, Groud truth: [1 2 2 2 2 2 2 2 2 2 2 2 2 2 2 2 2 2 2 2]
Predicted: ./dataset/test/drawerpickstir40/026.txt, sliding_window 29-48, Predict Action: stir, Groud truth: stir
Predicted: ./dataset/test/drawerpickstir40/026.txt, sliding_window 30-49, Predict Action: stir, Groud truth: stir
Predicted: ./dataset/test/drawerpickstir40/026.txt, sliding_window 31-50, Predict Action: stir, Groud truth: stir
Predicted: ./dataset/test/drawerpickstir40/026.txt, sliding_window 32-51, Predict Action: stir, Groud truth: stir
Predicted: ./dataset/test/drawerpickstir40/026.txt, sliding_window 33-52, Predict Action: stir, Groud truth: stir
Predicted: ./dataset/test/drawerpickstir40/026.txt, sliding_window 34-53, Predict Action: stir, Groud truth: stir
Predicted: ./dataset/test/drawerpickstir40/026.txt, sliding_window 35-54, Predict Action: stir, Groud truth: stir
Predicted: ./dataset/test/drawerpickstir40/026.txt, sliding_window 36-55, Predict Action: stir, Groud truth: stir
Predicted: ./dataset/test/drawerpickstir40/026.txt, sliding_window 37-56, Predict Action: stir, Groud truth: stir
Predicted: ./dataset/test/drawerpickstir40/026.txt, sliding_window 38-57, Predict Action: stir, Groud truth: stir
Predicted: ./dataset/test/drawerpickstir40/026.txt, sliding_window 39-58, Predict Action: stir, Groud truth: stir
Predicted: ./dataset/test/drawerpickstir40/026.txt, sliding_window 40-59, Predict Action: stir, Groud truth: stir
Predicted: ./dataset/test/drawerpickstir40/026.txt, sliding_window 41-60, Predict Action: stir, Groud truth: stir
Predicted: ./dataset/test/drawerpickstir40/026.txt, sliding_window 42-61, Predict Action: stir, Groud truth: stir
Predicted: ./dataset/test/drawerpickstir40/026.txt, sliding_window 43-62, Predict Action: stir, Groud truth: stir
Predicted: ./dataset/test/drawerpickstir40/026.txt, sliding_window 44-63, Predict Action: stir, Groud truth: stir
Predicted: ./dataset/test/drawerpickstir40/026.txt, sliding_window 45-64, Predict Action: stir, Groud truth: stir
Predicted: ./dataset/test/drawerpickstir40/026.txt, sliding_window 46-65, Predict Action: stir, Groud truth: stir
Predicted: ./dataset/test/drawerpickstir40/026.txt, sliding_window 47-66, Predict Action: stir, Groud truth: stir
Predicted: ./dataset/test/drawerpickstir40/026.txt, sliding_window 48-67, Predict Action: stir, Groud truth: stir
Predicted: ./dataset/test/drawerpickstir40/026.txt, sliding_window 49-68, Predict Action: stir, Groud truth: stir
Predicted: ./dataset/test/drawerpickstir40/026.txt, sliding_window 50-69, Predict Action: stir, Groud truth: stir
Predicted: ./dataset/test/drawerpickstir40/026.txt, sliding_window 51-70, Predict Action: stir, Groud truth: stir
Predicted: ./dataset/test/drawerpickstir40/026.txt, sliding_window 52-71, Predict Action: stir, Groud truth: stir
Predicted: ./dataset/test/drawerpickstir40/026.txt, sliding_window 53-72, Predict Action: stir, Groud truth: stir
Predicted: ./dataset/test/drawerpickstir40/026.txt, sliding_window 54-73, Predict Action: stir, Groud truth: stir
Predicted: ./dataset/test/drawerpickstir40/026.txt, sliding_window 55-74, Predict Action: stir, Groud truth: stir
Predicted: ./dataset/test/drawerpickstir40/026.txt, sliding_window 56-75, Predict Action: stir, Groud truth: stir
Predicted: ./dataset/test/drawerpickstir40/026.txt, sliding_window 57-76, Predict Action: stir, Groud truth: stir
Predicted: ./dataset/test/drawerpickstir40/026.txt, sliding_window 58-77, Predict Action: stir, Groud truth: stir
Predicted: ./dataset/test/drawerpickstir40/027.txt, sliding_window 59-78, Predict Action: drawer, Groud truth: [0 0 0 0 0 0 0 0 0 0 0 0 0 0 0 0 0 0 1 1]
Predicted: ./dataset/test/drawerpickstir40/027.txt, sliding_window 0-19, Predict Action: drawer, Groud truth: [0 0 0 0 0 0 0 0 0 0 0 0 0 0 0 0 0 1 1 1]
Predicted: ./dataset/test/drawerpickstir40/027.txt, sliding_window 1-20, Predict Action: drawer, Groud truth: [0 0 0 0 0 0 0 0 0 0 0 0 0 0 0 0 1 1 1 1]
Predicted: ./dataset/test/drawerpickstir40/027.txt, sliding_window 2-21, Predict Action: drawer, Groud truth: [0 0 0 0 0 0 0 0 0 0 0 0 0 0 0 1 1 1 1 1]
Predicted: ./dataset/test/drawerpickstir40/027.txt, sliding_window 3-22, Predict Action: drawer, Groud truth: [0 0 0 0 0 0 0 0 0 0 0 0 0 0 1 1 1 1 1 1]
Predicted: ./dataset/test/drawerpickstir40/027.txt, sliding_window 4-23, Predict Action: drawer, Groud truth: [0 0 0 0 0 0 0 0 0 0 0 0 0 1 1 1 1 1 1 1]
Predicted: ./dataset/test/drawerpickstir40/027.txt, sliding_window 5-24, Predict Action: drawer, Groud truth: [0 0 0 0 0 0 0 0 0 0 0 0 1 1 1 1 1 1 1 1]
Predicted: ./dataset/test/drawerpickstir40/027.txt, sliding_window 6-25, Predict Action: drawer, Groud truth: [0 0 0 0 0 0 0 0 0 0 0 1 1 1 1 1 1 1 1 2]
Predicted: ./dataset/test/drawerpickstir40/027.txt, sliding_window 7-26, Predict Action: drawer, Groud truth: [0 0 0 0 0 0 0 0 0 0 1 1 1 1 1 1 1 1 2 2]
Predicted: ./dataset/test/drawerpickstir40/027.txt, sliding_window 8-27, Predict Action: drawer, Groud truth: [0 0 0 0 0 0 0 0 0 1 1 1 1 1 1 1 1 2 2 2]
Predicted: ./dataset/test/drawerpickstir40/027.txt, sliding_window 9-28, Predict Action: drawer, Groud truth: [0 0 0 0 0 0 0 0 1 1 1 1 1 1 1 1 2 2 2 2]
Predicted: ./dataset/test/drawerpickstir40/027.txt, sliding_window 10-29, Predict Action: drawer, Groud truth: [0 0 0 0 0 0 0 1 1 1 1 1 1 1 1 2 2 2 2 2]
Predicted: ./dataset/test/drawerpickstir40/027.txt, sliding_window 11-30, Predict Action: stir, Groud truth: [0 0 0 0 0 0 1 1 1 1 1 1 1 1 2 2 2 2 2 2]
Predicted: ./dataset/test/drawerpickstir40/027.txt, sliding_window 12-31, Predict Action: stir, Groud truth: [0 0 0 0 0 1 1 1 1 1 1 1 1 2 2 2 2 2 2 2]
Predicted: ./dataset/test/drawerpickstir40/027.txt, sliding_window 13-32, Predict Action: stir, Groud truth: [0 0 0 0 1 1 1 1 1 1 1 1 2 2 2 2 2 2 2 2]
Predicted: ./dataset/test/drawerpickstir40/027.txt, sliding_window 14-33, Predict Action: stir, Groud truth: [0 0 0 1 1 1 1 1 1 1 1 2 2 2 2 2 2 2 2 2]
Predicted: ./dataset/test/drawerpickstir40/027.txt, sliding_window 15-34, Predict Action: stir, Groud truth: [0 0 1 1 1 1 1 1 1 1 2 2 2 2 2 2 2 2 2 2]
Predicted: ./dataset/test/drawerpickstir40/027.txt, sliding_window 16-35, Predict Action: stir, Groud truth: [0 1 1 1 1 1 1 1 1 2 2 2 2 2 2 2 2 2 2 2]
Predicted: ./dataset/test/drawerpickstir40/027.txt, sliding_window 17-36, Predict Action: stir, Groud truth: [1 1 1 1 1 1 1 1 2 2 2 2 2 2 2 2 2 2 2 2]
Predicted: ./dataset/test/drawerpickstir40/027.txt, sliding_window 18-37, Predict Action: stir, Groud truth: [1 1 1 1 1 1 1 2 2 2 2 2 2 2 2 2 2 2 2 2]
Predicted: ./dataset/test/drawerpickstir40/027.txt, sliding_window 19-38, Predict Action: stir, Groud truth: [1 1 1 1 1 1 2 2 2 2 2 2 2 2 2 2 2 2 2 2]
Predicted: ./dataset/test/drawerpickstir40/027.txt, sliding_window 20-39, Predict Action: stir, Groud truth: [1 1 1 1 1 2 2 2 2 2 2 2 2 2 2 2 2 2 2 2]
Predicted: ./dataset/test/drawerpickstir40/027.txt, sliding_window 21-40, Predict Action: stir, Groud truth: [1 1 1 1 2 2 2 2 2 2 2 2 2 2 2 2 2 2 2 2]
Predicted: ./dataset/test/drawerpickstir40/027.txt, sliding_window 22-41, Predict Action: stir, Groud truth: [1 1 1 2 2 2 2 2 2 2 2 2 2 2 2 2 2 2 2 2]
Predicted: ./dataset/test/drawerpickstir40/027.txt, sliding_window 23-42, Predict Action: stir, Groud truth: [1 1 2 2 2 2 2 2 2 2 2 2 2 2 2 2 2 2 2 2]
Predicted: ./dataset/test/drawerpickstir40/027.txt, sliding_window 24-43, Predict Action: stir, Groud truth: [1 2 2 2 2 2 2 2 2 2 2 2 2 2 2 2 2 2 2 2]
Predicted: ./dataset/test/drawerpickstir40/027.txt, sliding_window 25-44, Predict Action: stir, Groud truth: stir
Predicted: ./dataset/test/drawerpickstir40/027.txt, sliding_window 26-45, Predict Action: stir, Groud truth: stir
Predicted: ./dataset/test/drawerpickstir40/027.txt, sliding_window 27-46, Predict Action: stir, Groud truth: stir
Predicted: ./dataset/test/drawerpickstir40/027.txt, sliding_window 28-47, Predict Action: stir, Groud truth: stir
Predicted: ./dataset/test/drawerpickstir40/027.txt, sliding_window 29-48, Predict Action: stir, Groud truth: stir
Predicted: ./dataset/test/drawerpickstir40/027.txt, sliding_window 30-49, Predict Action: stir, Groud truth: stir
Predicted: ./dataset/test/drawerpickstir40/027.txt, sliding_window 31-50, Predict Action: stir, Groud truth: stir
Predicted: ./dataset/test/drawerpickstir40/027.txt, sliding_window 32-51, Predict Action: stir, Groud truth: stir
Predicted: ./dataset/test/drawerpickstir40/027.txt, sliding_window 33-52, Predict Action: stir, Groud truth: stir
Predicted: ./dataset/test/drawerpickstir40/027.txt, sliding_window 34-53, Predict Action: stir, Groud truth: stir
Predicted: ./dataset/test/drawerpickstir40/027.txt, sliding_window 35-54, Predict Action: stir, Groud truth: stir
Predicted: ./dataset/test/drawerpickstir40/027.txt, sliding_window 36-55, Predict Action: stir, Groud truth: stir
Predicted: ./dataset/test/drawerpickstir40/027.txt, sliding_window 37-56, Predict Action: stir, Groud truth: stir
Predicted: ./dataset/test/drawerpickstir40/027.txt, sliding_window 38-57, Predict Action: stir, Groud truth: stir
Predicted: ./dataset/test/drawerpickstir40/027.txt, sliding_window 39-58, Predict Action: stir, Groud truth: stir
Predicted: ./dataset/test/drawerpickstir40/027.txt, sliding_window 40-59, Predict Action: stir, Groud truth: stir
Predicted: ./dataset/test/drawerpickstir40/027.txt, sliding_window 41-60, Predict Action: stir, Groud truth: stir
Predicted: ./dataset/test/drawerpickstir40/027.txt, sliding_window 42-61, Predict Action: stir, Groud truth: stir
Predicted: ./dataset/test/drawerpickstir40/027.txt, sliding_window 43-62, Predict Action: stir, Groud truth: stir
Predicted: ./dataset/test/drawerpickstir40/027.txt, sliding_window 44-63, Predict Action: stir, Groud truth: stir
Predicted: ./dataset/test/drawerpickstir40/027.txt, sliding_window 45-64, Predict Action: stir, Groud truth: stir
Predicted: ./dataset/test/drawerpickstir40/027.txt, sliding_window 46-65, Predict Action: stir, Groud truth: stir
Predicted: ./dataset/test/drawerpickstir40/027.txt, sliding_window 47-66, Predict Action: stir, Groud truth: stir
Predicted: ./dataset/test/drawerpickstir40/027.txt, sliding_window 48-67, Predict Action: stir, Groud truth: stir
Predicted: ./dataset/test/drawerpickstir40/027.txt, sliding_window 49-68, Predict Action: stir, Groud truth: stir
Predicted: ./dataset/test/drawerpickstir40/027.txt, sliding_window 50-69, Predict Action: stir, Groud truth: stir
Predicted: ./dataset/test/drawerpickstir40/027.txt, sliding_window 51-70, Predict Action: stir, Groud truth: stir
Predicted: ./dataset/test/drawerpickstir40/027.txt, sliding_window 52-71, Predict Action: stir, Groud truth: stir
Predicted: ./dataset/test/drawerpickstir40/027.txt, sliding_window 53-72, Predict Action: stir, Groud truth: stir
Predicted: ./dataset/test/drawerpickstir40/027.txt, sliding_window 54-73, Predict Action: stir, Groud truth: stir
Predicted: ./dataset/test/drawerpickstir40/027.txt, sliding_window 55-74, Predict Action: stir, Groud truth: stir
Predicted: ./dataset/test/drawerpickstir40/027.txt, sliding_window 56-75, Predict Action: stir, Groud truth: stir
Predicted: ./dataset/test/drawerpickstir40/027.txt, sliding_window 57-76, Predict Action: stir, Groud truth: stir
Predicted: ./dataset/test/drawerpickstir40/028.txt, sliding_window 58-77, Predict Action: drawer, Groud truth: drawer
Predicted: ./dataset/test/drawerpickstir40/028.txt, sliding_window 0-19, Predict Action: drawer, Groud truth: [0 0 0 0 0 0 0 0 0 0 0 0 0 0 0 0 0 0 0 1]
Predicted: ./dataset/test/drawerpickstir40/028.txt, sliding_window 1-20, Predict Action: drawer, Groud truth: [0 0 0 0 0 0 0 0 0 0 0 0 0 0 0 0 0 0 1 1]
Predicted: ./dataset/test/drawerpickstir40/028.txt, sliding_window 2-21, Predict Action: drawer, Groud truth: [0 0 0 0 0 0 0 0 0 0 0 0 0 0 0 0 0 1 1 1]
Predicted: ./dataset/test/drawerpickstir40/028.txt, sliding_window 3-22, Predict Action: drawer, Groud truth: [0 0 0 0 0 0 0 0 0 0 0 0 0 0 0 0 1 1 1 1]
Predicted: ./dataset/test/drawerpickstir40/028.txt, sliding_window 4-23, Predict Action: drawer, Groud truth: [0 0 0 0 0 0 0 0 0 0 0 0 0 0 0 1 1 1 1 1]
Predicted: ./dataset/test/drawerpickstir40/028.txt, sliding_window 5-24, Predict Action: drawer, Groud truth: [0 0 0 0 0 0 0 0 0 0 0 0 0 0 1 1 1 1 1 1]
Predicted: ./dataset/test/drawerpickstir40/028.txt, sliding_window 6-25, Predict Action: stir, Groud truth: [0 0 0 0 0 0 0 0 0 0 0 0 0 1 1 1 1 1 1 1]
Predicted: ./dataset/test/drawerpickstir40/028.txt, sliding_window 7-26, Predict Action: stir, Groud truth: [0 0 0 0 0 0 0 0 0 0 0 0 1 1 1 1 1 1 1 1]
Predicted: ./dataset/test/drawerpickstir40/028.txt, sliding_window 8-27, Predict Action: stir, Groud truth: [0 0 0 0 0 0 0 0 0 0 0 1 1 1 1 1 1 1 1 1]
Predicted: ./dataset/test/drawerpickstir40/028.txt, sliding_window 9-28, Predict Action: stir, Groud truth: [0 0 0 0 0 0 0 0 0 0 1 1 1 1 1 1 1 1 1 1]
Predicted: ./dataset/test/drawerpickstir40/028.txt, sliding_window 10-29, Predict Action: pick, Groud truth: [0 0 0 0 0 0 0 0 0 1 1 1 1 1 1 1 1 1 1 1]
Predicted: ./dataset/test/drawerpickstir40/028.txt, sliding_window 11-30, Predict Action: pick, Groud truth: [0 0 0 0 0 0 0 0 1 1 1 1 1 1 1 1 1 1 1 1]
Predicted: ./dataset/test/drawerpickstir40/028.txt, sliding_window 12-31, Predict Action: pick, Groud truth: [0 0 0 0 0 0 0 1 1 1 1 1 1 1 1 1 1 1 1 1]
Predicted: ./dataset/test/drawerpickstir40/028.txt, sliding_window 13-32, Predict Action: pick, Groud truth: [0 0 0 0 0 0 1 1 1 1 1 1 1 1 1 1 1 1 1 1]
Predicted: ./dataset/test/drawerpickstir40/028.txt, sliding_window 14-33, Predict Action: pick, Groud truth: [0 0 0 0 0 1 1 1 1 1 1 1 1 1 1 1 1 1 1 2]
Predicted: ./dataset/test/drawerpickstir40/028.txt, sliding_window 15-34, Predict Action: drawer, Groud truth: [0 0 0 0 1 1 1 1 1 1 1 1 1 1 1 1 1 1 2 2]
Predicted: ./dataset/test/drawerpickstir40/028.txt, sliding_window 16-35, Predict Action: drawer, Groud truth: [0 0 0 1 1 1 1 1 1 1 1 1 1 1 1 1 1 2 2 2]
Predicted: ./dataset/test/drawerpickstir40/028.txt, sliding_window 17-36, Predict Action: drawer, Groud truth: [0 0 1 1 1 1 1 1 1 1 1 1 1 1 1 1 2 2 2 2]
Predicted: ./dataset/test/drawerpickstir40/028.txt, sliding_window 18-37, Predict Action: drawer, Groud truth: [0 1 1 1 1 1 1 1 1 1 1 1 1 1 1 2 2 2 2 2]
Predicted: ./dataset/test/drawerpickstir40/028.txt, sliding_window 19-38, Predict Action: stir, Groud truth: [1 1 1 1 1 1 1 1 1 1 1 1 1 1 2 2 2 2 2 2]
Predicted: ./dataset/test/drawerpickstir40/028.txt, sliding_window 20-39, Predict Action: stir, Groud truth: [1 1 1 1 1 1 1 1 1 1 1 1 1 2 2 2 2 2 2 2]
Predicted: ./dataset/test/drawerpickstir40/028.txt, sliding_window 21-40, Predict Action: stir, Groud truth: [1 1 1 1 1 1 1 1 1 1 1 1 2 2 2 2 2 2 2 2]
Predicted: ./dataset/test/drawerpickstir40/028.txt, sliding_window 22-41, Predict Action: stir, Groud truth: [1 1 1 1 1 1 1 1 1 1 1 2 2 2 2 2 2 2 2 2]
Predicted: ./dataset/test/drawerpickstir40/028.txt, sliding_window 23-42, Predict Action: stir, Groud truth: [1 1 1 1 1 1 1 1 1 1 2 2 2 2 2 2 2 2 2 2]
Predicted: ./dataset/test/drawerpickstir40/028.txt, sliding_window 24-43, Predict Action: stir, Groud truth: [1 1 1 1 1 1 1 1 1 2 2 2 2 2 2 2 2 2 2 2]
Predicted: ./dataset/test/drawerpickstir40/028.txt, sliding_window 25-44, Predict Action: stir, Groud truth: [1 1 1 1 1 1 1 1 2 2 2 2 2 2 2 2 2 2 2 2]
Predicted: ./dataset/test/drawerpickstir40/028.txt, sliding_window 26-45, Predict Action: stir, Groud truth: [1 1 1 1 1 1 1 2 2 2 2 2 2 2 2 2 2 2 2 2]
Predicted: ./dataset/test/drawerpickstir40/028.txt, sliding_window 27-46, Predict Action: stir, Groud truth: [1 1 1 1 1 1 2 2 2 2 2 2 2 2 2 2 2 2 2 2]
Predicted: ./dataset/test/drawerpickstir40/028.txt, sliding_window 28-47, Predict Action: stir, Groud truth: [1 1 1 1 1 2 2 2 2 2 2 2 2 2 2 2 2 2 2 2]
Predicted: ./dataset/test/drawerpickstir40/028.txt, sliding_window 29-48, Predict Action: stir, Groud truth: [1 1 1 1 2 2 2 2 2 2 2 2 2 2 2 2 2 2 2 2]
Predicted: ./dataset/test/drawerpickstir40/028.txt, sliding_window 30-49, Predict Action: stir, Groud truth: [1 1 1 2 2 2 2 2 2 2 2 2 2 2 2 2 2 2 2 2]
Predicted: ./dataset/test/drawerpickstir40/028.txt, sliding_window 31-50, Predict Action: stir, Groud truth: [1 1 2 2 2 2 2 2 2 2 2 2 2 2 2 2 2 2 2 2]
Predicted: ./dataset/test/drawerpickstir40/028.txt, sliding_window 32-51, Predict Action: stir, Groud truth: [1 2 2 2 2 2 2 2 2 2 2 2 2 2 2 2 2 2 2 2]
Predicted: ./dataset/test/drawerpickstir40/028.txt, sliding_window 33-52, Predict Action: stir, Groud truth: stir
Predicted: ./dataset/test/drawerpickstir40/028.txt, sliding_window 34-53, Predict Action: stir, Groud truth: stir
Predicted: ./dataset/test/drawerpickstir40/028.txt, sliding_window 35-54, Predict Action: stir, Groud truth: stir
Predicted: ./dataset/test/drawerpickstir40/028.txt, sliding_window 36-55, Predict Action: stir, Groud truth: stir
Predicted: ./dataset/test/drawerpickstir40/028.txt, sliding_window 37-56, Predict Action: stir, Groud truth: stir
Predicted: ./dataset/test/drawerpickstir40/028.txt, sliding_window 38-57, Predict Action: stir, Groud truth: stir
Predicted: ./dataset/test/drawerpickstir40/028.txt, sliding_window 39-58, Predict Action: stir, Groud truth: stir
Predicted: ./dataset/test/drawerpickstir40/028.txt, sliding_window 40-59, Predict Action: stir, Groud truth: stir
Predicted: ./dataset/test/drawerpickstir40/028.txt, sliding_window 41-60, Predict Action: stir, Groud truth: stir
Predicted: ./dataset/test/drawerpickstir40/028.txt, sliding_window 42-61, Predict Action: stir, Groud truth: stir
Predicted: ./dataset/test/drawerpickstir40/028.txt, sliding_window 43-62, Predict Action: stir, Groud truth: stir
Predicted: ./dataset/test/drawerpickstir40/028.txt, sliding_window 44-63, Predict Action: stir, Groud truth: stir
Predicted: ./dataset/test/drawerpickstir40/028.txt, sliding_window 45-64, Predict Action: stir, Groud truth: stir
Predicted: ./dataset/test/drawerpickstir40/028.txt, sliding_window 46-65, Predict Action: stir, Groud truth: stir
Predicted: ./dataset/test/drawerpickstir40/028.txt, sliding_window 47-66, Predict Action: stir, Groud truth: stir
Predicted: ./dataset/test/drawerpickstir40/028.txt, sliding_window 48-67, Predict Action: stir, Groud truth: stir
Predicted: ./dataset/test/drawerpickstir40/028.txt, sliding_window 49-68, Predict Action: stir, Groud truth: stir
Predicted: ./dataset/test/drawerpickstir40/028.txt, sliding_window 50-69, Predict Action: stir, Groud truth: stir
Predicted: ./dataset/test/drawerpickstir40/028.txt, sliding_window 51-70, Predict Action: stir, Groud truth: stir
Predicted: ./dataset/test/drawerpickstir40/028.txt, sliding_window 52-71, Predict Action: stir, Groud truth: stir
Predicted: ./dataset/test/drawerpickstir40/028.txt, sliding_window 53-72, Predict Action: stir, Groud truth: stir
Predicted: ./dataset/test/drawerpickstir40/028.txt, sliding_window 54-73, Predict Action: stir, Groud truth: stir
Predicted: ./dataset/test/drawerpickstir40/028.txt, sliding_window 55-74, Predict Action: stir, Groud truth: stir
Predicted: ./dataset/test/drawerpickstir40/028.txt, sliding_window 56-75, Predict Action: stir, Groud truth: stir
Predicted: ./dataset/test/drawerpickstir40/028.txt, sliding_window 57-76, Predict Action: stir, Groud truth: stir
Predicted: ./dataset/test/drawerpickstir40/028.txt, sliding_window 58-77, Predict Action: stir, Groud truth: stir
Predicted: ./dataset/test/drawerpickstir40/028.txt, sliding_window 59-78, Predict Action: stir, Groud truth: stir
Predicted: ./dataset/test/drawerpickstir40/029.txt, sliding_window 60-79, Predict Action: drawer, Groud truth: [0 0 0 0 0 0 0 0 0 0 0 0 0 0 0 0 0 1 1 1]
Predicted: ./dataset/test/drawerpickstir40/029.txt, sliding_window 0-19, Predict Action: drawer, Groud truth: [0 0 0 0 0 0 0 0 0 0 0 0 0 0 0 0 1 1 1 1]
Predicted: ./dataset/test/drawerpickstir40/029.txt, sliding_window 1-20, Predict Action: drawer, Groud truth: [0 0 0 0 0 0 0 0 0 0 0 0 0 0 0 1 1 1 1 1]
Predicted: ./dataset/test/drawerpickstir40/029.txt, sliding_window 2-21, Predict Action: drawer, Groud truth: [0 0 0 0 0 0 0 0 0 0 0 0 0 0 1 1 1 1 1 1]
Predicted: ./dataset/test/drawerpickstir40/029.txt, sliding_window 3-22, Predict Action: stir, Groud truth: [0 0 0 0 0 0 0 0 0 0 0 0 0 1 1 1 1 1 1 1]
Predicted: ./dataset/test/drawerpickstir40/029.txt, sliding_window 4-23, Predict Action: stir, Groud truth: [0 0 0 0 0 0 0 0 0 0 0 0 1 1 1 1 1 1 1 1]
Predicted: ./dataset/test/drawerpickstir40/029.txt, sliding_window 5-24, Predict Action: stir, Groud truth: [0 0 0 0 0 0 0 0 0 0 0 1 1 1 1 1 1 1 1 1]
Predicted: ./dataset/test/drawerpickstir40/029.txt, sliding_window 6-25, Predict Action: pick, Groud truth: [0 0 0 0 0 0 0 0 0 0 1 1 1 1 1 1 1 1 1 1]
Predicted: ./dataset/test/drawerpickstir40/029.txt, sliding_window 7-26, Predict Action: pick, Groud truth: [0 0 0 0 0 0 0 0 0 1 1 1 1 1 1 1 1 1 1 1]
Predicted: ./dataset/test/drawerpickstir40/029.txt, sliding_window 8-27, Predict Action: pick, Groud truth: [0 0 0 0 0 0 0 0 1 1 1 1 1 1 1 1 1 1 1 1]
Predicted: ./dataset/test/drawerpickstir40/029.txt, sliding_window 9-28, Predict Action: pick, Groud truth: [0 0 0 0 0 0 0 1 1 1 1 1 1 1 1 1 1 1 1 1]
Predicted: ./dataset/test/drawerpickstir40/029.txt, sliding_window 10-29, Predict Action: pick, Groud truth: [0 0 0 0 0 0 1 1 1 1 1 1 1 1 1 1 1 1 1 2]
Predicted: ./dataset/test/drawerpickstir40/029.txt, sliding_window 11-30, Predict Action: drawer, Groud truth: [0 0 0 0 0 1 1 1 1 1 1 1 1 1 1 1 1 1 2 2]
Predicted: ./dataset/test/drawerpickstir40/029.txt, sliding_window 12-31, Predict Action: drawer, Groud truth: [0 0 0 0 1 1 1 1 1 1 1 1 1 1 1 1 1 2 2 2]
Predicted: ./dataset/test/drawerpickstir40/029.txt, sliding_window 13-32, Predict Action: drawer, Groud truth: [0 0 0 1 1 1 1 1 1 1 1 1 1 1 1 1 2 2 2 2]
Predicted: ./dataset/test/drawerpickstir40/029.txt, sliding_window 14-33, Predict Action: drawer, Groud truth: [0 0 1 1 1 1 1 1 1 1 1 1 1 1 1 2 2 2 2 2]
Predicted: ./dataset/test/drawerpickstir40/029.txt, sliding_window 15-34, Predict Action: stir, Groud truth: [0 1 1 1 1 1 1 1 1 1 1 1 1 1 2 2 2 2 2 2]
Predicted: ./dataset/test/drawerpickstir40/029.txt, sliding_window 16-35, Predict Action: stir, Groud truth: [1 1 1 1 1 1 1 1 1 1 1 1 1 2 2 2 2 2 2 2]
Predicted: ./dataset/test/drawerpickstir40/029.txt, sliding_window 17-36, Predict Action: stir, Groud truth: [1 1 1 1 1 1 1 1 1 1 1 1 2 2 2 2 2 2 2 2]
Predicted: ./dataset/test/drawerpickstir40/029.txt, sliding_window 18-37, Predict Action: stir, Groud truth: [1 1 1 1 1 1 1 1 1 1 1 2 2 2 2 2 2 2 2 2]
Predicted: ./dataset/test/drawerpickstir40/029.txt, sliding_window 19-38, Predict Action: stir, Groud truth: [1 1 1 1 1 1 1 1 1 1 2 2 2 2 2 2 2 2 2 2]
Predicted: ./dataset/test/drawerpickstir40/029.txt, sliding_window 20-39, Predict Action: stir, Groud truth: [1 1 1 1 1 1 1 1 1 2 2 2 2 2 2 2 2 2 2 2]
Predicted: ./dataset/test/drawerpickstir40/029.txt, sliding_window 21-40, Predict Action: stir, Groud truth: [1 1 1 1 1 1 1 1 2 2 2 2 2 2 2 2 2 2 2 2]
Predicted: ./dataset/test/drawerpickstir40/029.txt, sliding_window 22-41, Predict Action: stir, Groud truth: [1 1 1 1 1 1 1 2 2 2 2 2 2 2 2 2 2 2 2 2]
Predicted: ./dataset/test/drawerpickstir40/029.txt, sliding_window 23-42, Predict Action: stir, Groud truth: [1 1 1 1 1 1 2 2 2 2 2 2 2 2 2 2 2 2 2 2]
Predicted: ./dataset/test/drawerpickstir40/029.txt, sliding_window 24-43, Predict Action: stir, Groud truth: [1 1 1 1 1 2 2 2 2 2 2 2 2 2 2 2 2 2 2 2]
Predicted: ./dataset/test/drawerpickstir40/029.txt, sliding_window 25-44, Predict Action: stir, Groud truth: [1 1 1 1 2 2 2 2 2 2 2 2 2 2 2 2 2 2 2 2]
Predicted: ./dataset/test/drawerpickstir40/029.txt, sliding_window 26-45, Predict Action: stir, Groud truth: [1 1 1 2 2 2 2 2 2 2 2 2 2 2 2 2 2 2 2 2]
Predicted: ./dataset/test/drawerpickstir40/029.txt, sliding_window 27-46, Predict Action: stir, Groud truth: [1 1 2 2 2 2 2 2 2 2 2 2 2 2 2 2 2 2 2 2]
Predicted: ./dataset/test/drawerpickstir40/029.txt, sliding_window 28-47, Predict Action: stir, Groud truth: [1 2 2 2 2 2 2 2 2 2 2 2 2 2 2 2 2 2 2 2]
Predicted: ./dataset/test/drawerpickstir40/029.txt, sliding_window 29-48, Predict Action: stir, Groud truth: stir
Predicted: ./dataset/test/drawerpickstir40/029.txt, sliding_window 30-49, Predict Action: stir, Groud truth: stir
Predicted: ./dataset/test/drawerpickstir40/029.txt, sliding_window 31-50, Predict Action: stir, Groud truth: stir
Predicted: ./dataset/test/drawerpickstir40/029.txt, sliding_window 32-51, Predict Action: stir, Groud truth: stir
Predicted: ./dataset/test/drawerpickstir40/029.txt, sliding_window 33-52, Predict Action: stir, Groud truth: stir
Predicted: ./dataset/test/drawerpickstir40/029.txt, sliding_window 34-53, Predict Action: stir, Groud truth: stir
Predicted: ./dataset/test/drawerpickstir40/029.txt, sliding_window 35-54, Predict Action: stir, Groud truth: stir
Predicted: ./dataset/test/drawerpickstir40/029.txt, sliding_window 36-55, Predict Action: stir, Groud truth: stir
Predicted: ./dataset/test/drawerpickstir40/029.txt, sliding_window 37-56, Predict Action: stir, Groud truth: stir
Predicted: ./dataset/test/drawerpickstir40/029.txt, sliding_window 38-57, Predict Action: stir, Groud truth: stir
Predicted: ./dataset/test/drawerpickstir40/029.txt, sliding_window 39-58, Predict Action: stir, Groud truth: stir
Predicted: ./dataset/test/drawerpickstir40/029.txt, sliding_window 40-59, Predict Action: stir, Groud truth: stir
Predicted: ./dataset/test/drawerpickstir40/029.txt, sliding_window 41-60, Predict Action: stir, Groud truth: stir
Predicted: ./dataset/test/drawerpickstir40/029.txt, sliding_window 42-61, Predict Action: stir, Groud truth: stir
Predicted: ./dataset/test/drawerpickstir40/029.txt, sliding_window 43-62, Predict Action: stir, Groud truth: stir
Predicted: ./dataset/test/drawerpickstir40/029.txt, sliding_window 44-63, Predict Action: stir, Groud truth: stir
Predicted: ./dataset/test/drawerpickstir40/029.txt, sliding_window 45-64, Predict Action: stir, Groud truth: stir
Predicted: ./dataset/test/drawerpickstir40/029.txt, sliding_window 46-65, Predict Action: stir, Groud truth: stir
Predicted: ./dataset/test/drawerpickstir40/029.txt, sliding_window 47-66, Predict Action: stir, Groud truth: stir
Predicted: ./dataset/test/drawerpickstir40/029.txt, sliding_window 48-67, Predict Action: stir, Groud truth: stir
Predicted: ./dataset/test/drawerpickstir40/029.txt, sliding_window 49-68, Predict Action: stir, Groud truth: stir
Predicted: ./dataset/test/drawerpickstir40/029.txt, sliding_window 50-69, Predict Action: stir, Groud truth: stir
Predicted: ./dataset/test/drawerpickstir40/029.txt, sliding_window 51-70, Predict Action: stir, Groud truth: stir
Predicted: ./dataset/test/drawerpickstir40/029.txt, sliding_window 52-71, Predict Action: stir, Groud truth: stir
Predicted: ./dataset/test/drawerpickstir40/029.txt, sliding_window 53-72, Predict Action: stir, Groud truth: stir
Predicted: ./dataset/test/drawerpickstir40/029.txt, sliding_window 54-73, Predict Action: stir, Groud truth: stir
Predicted: ./dataset/test/drawerpickstir40/029.txt, sliding_window 55-74, Predict Action: stir, Groud truth: stir
Predicted: ./dataset/test/drawerpickstir40/029.txt, sliding_window 56-75, Predict Action: stir, Groud truth: stir
Predicted: ./dataset/test/drawerpickstir40/030.txt, sliding_window 57-76, Predict Action: drawer, Groud truth: [0 0 0 0 0 0 0 0 0 0 0 0 0 0 0 0 0 0 0 1]
Predicted: ./dataset/test/drawerpickstir40/030.txt, sliding_window 0-19, Predict Action: drawer, Groud truth: [0 0 0 0 0 0 0 0 0 0 0 0 0 0 0 0 0 0 1 1]
Predicted: ./dataset/test/drawerpickstir40/030.txt, sliding_window 1-20, Predict Action: drawer, Groud truth: [0 0 0 0 0 0 0 0 0 0 0 0 0 0 0 0 0 1 1 1]
Predicted: ./dataset/test/drawerpickstir40/030.txt, sliding_window 2-21, Predict Action: drawer, Groud truth: [0 0 0 0 0 0 0 0 0 0 0 0 0 0 0 0 1 1 1 1]
Predicted: ./dataset/test/drawerpickstir40/030.txt, sliding_window 3-22, Predict Action: drawer, Groud truth: [0 0 0 0 0 0 0 0 0 0 0 0 0 0 0 1 1 1 1 1]
Predicted: ./dataset/test/drawerpickstir40/030.txt, sliding_window 4-23, Predict Action: drawer, Groud truth: [0 0 0 0 0 0 0 0 0 0 0 0 0 0 1 1 1 1 1 1]
Predicted: ./dataset/test/drawerpickstir40/030.txt, sliding_window 5-24, Predict Action: stir, Groud truth: [0 0 0 0 0 0 0 0 0 0 0 0 0 1 1 1 1 1 1 1]
Predicted: ./dataset/test/drawerpickstir40/030.txt, sliding_window 6-25, Predict Action: stir, Groud truth: [0 0 0 0 0 0 0 0 0 0 0 0 1 1 1 1 1 1 1 1]
Predicted: ./dataset/test/drawerpickstir40/030.txt, sliding_window 7-26, Predict Action: stir, Groud truth: [0 0 0 0 0 0 0 0 0 0 0 1 1 1 1 1 1 1 1 1]
Predicted: ./dataset/test/drawerpickstir40/030.txt, sliding_window 8-27, Predict Action: stir, Groud truth: [0 0 0 0 0 0 0 0 0 0 1 1 1 1 1 1 1 1 1 1]
Predicted: ./dataset/test/drawerpickstir40/030.txt, sliding_window 9-28, Predict Action: pick, Groud truth: [0 0 0 0 0 0 0 0 0 1 1 1 1 1 1 1 1 1 1 1]
Predicted: ./dataset/test/drawerpickstir40/030.txt, sliding_window 10-29, Predict Action: pick, Groud truth: [0 0 0 0 0 0 0 0 1 1 1 1 1 1 1 1 1 1 1 1]
Predicted: ./dataset/test/drawerpickstir40/030.txt, sliding_window 11-30, Predict Action: pick, Groud truth: [0 0 0 0 0 0 0 1 1 1 1 1 1 1 1 1 1 1 1 1]
Predicted: ./dataset/test/drawerpickstir40/030.txt, sliding_window 12-31, Predict Action: pick, Groud truth: [0 0 0 0 0 0 1 1 1 1 1 1 1 1 1 1 1 1 1 2]
Predicted: ./dataset/test/drawerpickstir40/030.txt, sliding_window 13-32, Predict Action: drawer, Groud truth: [0 0 0 0 0 1 1 1 1 1 1 1 1 1 1 1 1 1 2 2]
Predicted: ./dataset/test/drawerpickstir40/030.txt, sliding_window 14-33, Predict Action: drawer, Groud truth: [0 0 0 0 1 1 1 1 1 1 1 1 1 1 1 1 1 2 2 2]
Predicted: ./dataset/test/drawerpickstir40/030.txt, sliding_window 15-34, Predict Action: drawer, Groud truth: [0 0 0 1 1 1 1 1 1 1 1 1 1 1 1 1 2 2 2 2]
Predicted: ./dataset/test/drawerpickstir40/030.txt, sliding_window 16-35, Predict Action: stir, Groud truth: [0 0 1 1 1 1 1 1 1 1 1 1 1 1 1 2 2 2 2 2]
Predicted: ./dataset/test/drawerpickstir40/030.txt, sliding_window 17-36, Predict Action: stir, Groud truth: [0 1 1 1 1 1 1 1 1 1 1 1 1 1 2 2 2 2 2 2]
Predicted: ./dataset/test/drawerpickstir40/030.txt, sliding_window 18-37, Predict Action: stir, Groud truth: [1 1 1 1 1 1 1 1 1 1 1 1 1 2 2 2 2 2 2 2]
Predicted: ./dataset/test/drawerpickstir40/030.txt, sliding_window 19-38, Predict Action: stir, Groud truth: [1 1 1 1 1 1 1 1 1 1 1 1 2 2 2 2 2 2 2 2]
Predicted: ./dataset/test/drawerpickstir40/030.txt, sliding_window 20-39, Predict Action: stir, Groud truth: [1 1 1 1 1 1 1 1 1 1 1 2 2 2 2 2 2 2 2 2]
Predicted: ./dataset/test/drawerpickstir40/030.txt, sliding_window 21-40, Predict Action: stir, Groud truth: [1 1 1 1 1 1 1 1 1 1 2 2 2 2 2 2 2 2 2 2]
Predicted: ./dataset/test/drawerpickstir40/030.txt, sliding_window 22-41, Predict Action: stir, Groud truth: [1 1 1 1 1 1 1 1 1 2 2 2 2 2 2 2 2 2 2 2]
Predicted: ./dataset/test/drawerpickstir40/030.txt, sliding_window 23-42, Predict Action: stir, Groud truth: [1 1 1 1 1 1 1 1 2 2 2 2 2 2 2 2 2 2 2 2]
Predicted: ./dataset/test/drawerpickstir40/030.txt, sliding_window 24-43, Predict Action: stir, Groud truth: [1 1 1 1 1 1 1 2 2 2 2 2 2 2 2 2 2 2 2 2]
Predicted: ./dataset/test/drawerpickstir40/030.txt, sliding_window 25-44, Predict Action: stir, Groud truth: [1 1 1 1 1 1 2 2 2 2 2 2 2 2 2 2 2 2 2 2]
Predicted: ./dataset/test/drawerpickstir40/030.txt, sliding_window 26-45, Predict Action: stir, Groud truth: [1 1 1 1 1 2 2 2 2 2 2 2 2 2 2 2 2 2 2 2]
Predicted: ./dataset/test/drawerpickstir40/030.txt, sliding_window 27-46, Predict Action: stir, Groud truth: [1 1 1 1 2 2 2 2 2 2 2 2 2 2 2 2 2 2 2 2]
Predicted: ./dataset/test/drawerpickstir40/030.txt, sliding_window 28-47, Predict Action: stir, Groud truth: [1 1 1 2 2 2 2 2 2 2 2 2 2 2 2 2 2 2 2 2]
Predicted: ./dataset/test/drawerpickstir40/030.txt, sliding_window 29-48, Predict Action: stir, Groud truth: [1 1 2 2 2 2 2 2 2 2 2 2 2 2 2 2 2 2 2 2]
Predicted: ./dataset/test/drawerpickstir40/030.txt, sliding_window 30-49, Predict Action: stir, Groud truth: [1 2 2 2 2 2 2 2 2 2 2 2 2 2 2 2 2 2 2 2]
Predicted: ./dataset/test/drawerpickstir40/030.txt, sliding_window 31-50, Predict Action: stir, Groud truth: stir
Predicted: ./dataset/test/drawerpickstir40/030.txt, sliding_window 32-51, Predict Action: stir, Groud truth: stir
Predicted: ./dataset/test/drawerpickstir40/030.txt, sliding_window 33-52, Predict Action: stir, Groud truth: stir
Predicted: ./dataset/test/drawerpickstir40/030.txt, sliding_window 34-53, Predict Action: stir, Groud truth: stir
Predicted: ./dataset/test/drawerpickstir40/030.txt, sliding_window 35-54, Predict Action: stir, Groud truth: stir
Predicted: ./dataset/test/drawerpickstir40/030.txt, sliding_window 36-55, Predict Action: stir, Groud truth: stir
Predicted: ./dataset/test/drawerpickstir40/030.txt, sliding_window 37-56, Predict Action: stir, Groud truth: stir
Predicted: ./dataset/test/drawerpickstir40/030.txt, sliding_window 38-57, Predict Action: stir, Groud truth: stir
Predicted: ./dataset/test/drawerpickstir40/030.txt, sliding_window 39-58, Predict Action: stir, Groud truth: stir
Predicted: ./dataset/test/drawerpickstir40/030.txt, sliding_window 40-59, Predict Action: stir, Groud truth: stir
Predicted: ./dataset/test/drawerpickstir40/030.txt, sliding_window 41-60, Predict Action: stir, Groud truth: stir
Predicted: ./dataset/test/drawerpickstir40/030.txt, sliding_window 42-61, Predict Action: stir, Groud truth: stir
Predicted: ./dataset/test/drawerpickstir40/030.txt, sliding_window 43-62, Predict Action: stir, Groud truth: stir
Predicted: ./dataset/test/drawerpickstir40/030.txt, sliding_window 44-63, Predict Action: stir, Groud truth: stir
Predicted: ./dataset/test/drawerpickstir40/030.txt, sliding_window 45-64, Predict Action: stir, Groud truth: stir
Predicted: ./dataset/test/drawerpickstir40/030.txt, sliding_window 46-65, Predict Action: stir, Groud truth: stir
Predicted: ./dataset/test/drawerpickstir40/030.txt, sliding_window 47-66, Predict Action: stir, Groud truth: stir
Predicted: ./dataset/test/drawerpickstir40/030.txt, sliding_window 48-67, Predict Action: stir, Groud truth: stir
Predicted: ./dataset/test/drawerpickstir40/030.txt, sliding_window 49-68, Predict Action: stir, Groud truth: stir
Predicted: ./dataset/test/drawerpickstir40/030.txt, sliding_window 50-69, Predict Action: stir, Groud truth: stir
Predicted: ./dataset/test/drawerpickstir40/030.txt, sliding_window 51-70, Predict Action: stir, Groud truth: stir
Predicted: ./dataset/test/drawerpickstir40/030.txt, sliding_window 52-71, Predict Action: stir, Groud truth: stir
Predicted: ./dataset/test/drawerpickstir40/030.txt, sliding_window 53-72, Predict Action: stir, Groud truth: stir
Predicted: ./dataset/test/drawerpickstir40/030.txt, sliding_window 54-73, Predict Action: stir, Groud truth: stir
Predicted: ./dataset/test/drawerpickstir40/030.txt, sliding_window 55-74, Predict Action: stir, Groud truth: stir
Predicted: ./dataset/test/drawerpickstir40/030.txt, sliding_window 56-75, Predict Action: stir, Groud truth: stir
Predicted: ./dataset/test/drawerpickstir40/030.txt, sliding_window 57-76, Predict Action: stir, Groud truth: stir
Predicted: ./dataset/test/drawerpickstir40/030.txt, sliding_window 58-77, Predict Action: stir, Groud truth: stir
Predicted: ./dataset/test/drawerpickstir40/030.txt, sliding_window 59-78, Predict Action: stir, Groud truth: stir
Predicted: ./dataset/test/drawerpickstir40/030.txt, sliding_window 60-79, Predict Action: stir, Groud truth: stir
Predicted: ./dataset/test/drawerpickstir40/030.txt, sliding_window 61-80, Predict Action: stir, Groud truth: stir
Predicted: ./dataset/test/drawerpickstir40/030.txt, sliding_window 62-81, Predict Action: stir, Groud truth: stir
Predicted: ./dataset/test/drawerpickstir40/030.txt, sliding_window 63-82, Predict Action: stir, Groud truth: stir
Predicted: ./dataset/test/drawerpickstir40/030.txt, sliding_window 64-83, Predict Action: stir, Groud truth: stir
Predicted: ./dataset/test/drawerpickstir40/030.txt, sliding_window 65-84, Predict Action: stir, Groud truth: stir
Predicted: ./dataset/test/drawerpickstir40/030.txt, sliding_window 66-85, Predict Action: stir, Groud truth: stir
Predicted: ./dataset/test/drawerpickstir40/031.txt, sliding_window 67-86, Predict Action: drawer, Groud truth: [0 0 0 0 0 0 0 0 0 0 0 0 0 0 0 0 0 1 1 1]
Predicted: ./dataset/test/drawerpickstir40/031.txt, sliding_window 0-19, Predict Action: drawer, Groud truth: [0 0 0 0 0 0 0 0 0 0 0 0 0 0 0 0 1 1 1 1]
Predicted: ./dataset/test/drawerpickstir40/031.txt, sliding_window 1-20, Predict Action: drawer, Groud truth: [0 0 0 0 0 0 0 0 0 0 0 0 0 0 0 1 1 1 1 1]
Predicted: ./dataset/test/drawerpickstir40/031.txt, sliding_window 2-21, Predict Action: drawer, Groud truth: [0 0 0 0 0 0 0 0 0 0 0 0 0 0 1 1 1 1 1 1]
Predicted: ./dataset/test/drawerpickstir40/031.txt, sliding_window 3-22, Predict Action: drawer, Groud truth: [0 0 0 0 0 0 0 0 0 0 0 0 0 1 1 1 1 1 1 1]
Predicted: ./dataset/test/drawerpickstir40/031.txt, sliding_window 4-23, Predict Action: drawer, Groud truth: [0 0 0 0 0 0 0 0 0 0 0 0 1 1 1 1 1 1 1 1]
Predicted: ./dataset/test/drawerpickstir40/031.txt, sliding_window 5-24, Predict Action: drawer, Groud truth: [0 0 0 0 0 0 0 0 0 0 0 1 1 1 1 1 1 1 1 2]
Predicted: ./dataset/test/drawerpickstir40/031.txt, sliding_window 6-25, Predict Action: drawer, Groud truth: [0 0 0 0 0 0 0 0 0 0 1 1 1 1 1 1 1 1 2 2]
Predicted: ./dataset/test/drawerpickstir40/031.txt, sliding_window 7-26, Predict Action: drawer, Groud truth: [0 0 0 0 0 0 0 0 0 1 1 1 1 1 1 1 1 2 2 2]
Predicted: ./dataset/test/drawerpickstir40/031.txt, sliding_window 8-27, Predict Action: drawer, Groud truth: [0 0 0 0 0 0 0 0 1 1 1 1 1 1 1 1 2 2 2 2]
Predicted: ./dataset/test/drawerpickstir40/031.txt, sliding_window 9-28, Predict Action: drawer, Groud truth: [0 0 0 0 0 0 0 1 1 1 1 1 1 1 1 2 2 2 2 2]
Predicted: ./dataset/test/drawerpickstir40/031.txt, sliding_window 10-29, Predict Action: stir, Groud truth: [0 0 0 0 0 0 1 1 1 1 1 1 1 1 2 2 2 2 2 2]
Predicted: ./dataset/test/drawerpickstir40/031.txt, sliding_window 11-30, Predict Action: stir, Groud truth: [0 0 0 0 0 1 1 1 1 1 1 1 1 2 2 2 2 2 2 2]
Predicted: ./dataset/test/drawerpickstir40/031.txt, sliding_window 12-31, Predict Action: stir, Groud truth: [0 0 0 0 1 1 1 1 1 1 1 1 2 2 2 2 2 2 2 2]
Predicted: ./dataset/test/drawerpickstir40/031.txt, sliding_window 13-32, Predict Action: stir, Groud truth: [0 0 0 1 1 1 1 1 1 1 1 2 2 2 2 2 2 2 2 2]
Predicted: ./dataset/test/drawerpickstir40/031.txt, sliding_window 14-33, Predict Action: stir, Groud truth: [0 0 1 1 1 1 1 1 1 1 2 2 2 2 2 2 2 2 2 2]
Predicted: ./dataset/test/drawerpickstir40/031.txt, sliding_window 15-34, Predict Action: stir, Groud truth: [0 1 1 1 1 1 1 1 1 2 2 2 2 2 2 2 2 2 2 2]
Predicted: ./dataset/test/drawerpickstir40/031.txt, sliding_window 16-35, Predict Action: stir, Groud truth: [1 1 1 1 1 1 1 1 2 2 2 2 2 2 2 2 2 2 2 2]
Predicted: ./dataset/test/drawerpickstir40/031.txt, sliding_window 17-36, Predict Action: stir, Groud truth: [1 1 1 1 1 1 1 2 2 2 2 2 2 2 2 2 2 2 2 2]
Predicted: ./dataset/test/drawerpickstir40/031.txt, sliding_window 18-37, Predict Action: stir, Groud truth: [1 1 1 1 1 1 2 2 2 2 2 2 2 2 2 2 2 2 2 2]
Predicted: ./dataset/test/drawerpickstir40/031.txt, sliding_window 19-38, Predict Action: stir, Groud truth: [1 1 1 1 1 2 2 2 2 2 2 2 2 2 2 2 2 2 2 2]
Predicted: ./dataset/test/drawerpickstir40/031.txt, sliding_window 20-39, Predict Action: stir, Groud truth: [1 1 1 1 2 2 2 2 2 2 2 2 2 2 2 2 2 2 2 2]
Predicted: ./dataset/test/drawerpickstir40/031.txt, sliding_window 21-40, Predict Action: stir, Groud truth: [1 1 1 2 2 2 2 2 2 2 2 2 2 2 2 2 2 2 2 2]
Predicted: ./dataset/test/drawerpickstir40/031.txt, sliding_window 22-41, Predict Action: stir, Groud truth: [1 1 2 2 2 2 2 2 2 2 2 2 2 2 2 2 2 2 2 2]
Predicted: ./dataset/test/drawerpickstir40/031.txt, sliding_window 23-42, Predict Action: stir, Groud truth: [1 2 2 2 2 2 2 2 2 2 2 2 2 2 2 2 2 2 2 2]
Predicted: ./dataset/test/drawerpickstir40/031.txt, sliding_window 24-43, Predict Action: stir, Groud truth: stir
Predicted: ./dataset/test/drawerpickstir40/031.txt, sliding_window 25-44, Predict Action: stir, Groud truth: stir
Predicted: ./dataset/test/drawerpickstir40/031.txt, sliding_window 26-45, Predict Action: stir, Groud truth: stir
Predicted: ./dataset/test/drawerpickstir40/031.txt, sliding_window 27-46, Predict Action: stir, Groud truth: stir
Predicted: ./dataset/test/drawerpickstir40/031.txt, sliding_window 28-47, Predict Action: stir, Groud truth: stir
Predicted: ./dataset/test/drawerpickstir40/031.txt, sliding_window 29-48, Predict Action: stir, Groud truth: stir
Predicted: ./dataset/test/drawerpickstir40/031.txt, sliding_window 30-49, Predict Action: stir, Groud truth: stir
Predicted: ./dataset/test/drawerpickstir40/031.txt, sliding_window 31-50, Predict Action: stir, Groud truth: stir
Predicted: ./dataset/test/drawerpickstir40/031.txt, sliding_window 32-51, Predict Action: stir, Groud truth: stir
Predicted: ./dataset/test/drawerpickstir40/031.txt, sliding_window 33-52, Predict Action: stir, Groud truth: stir
Predicted: ./dataset/test/drawerpickstir40/031.txt, sliding_window 34-53, Predict Action: stir, Groud truth: stir
Predicted: ./dataset/test/drawerpickstir40/031.txt, sliding_window 35-54, Predict Action: stir, Groud truth: stir
Predicted: ./dataset/test/drawerpickstir40/031.txt, sliding_window 36-55, Predict Action: stir, Groud truth: stir
Predicted: ./dataset/test/drawerpickstir40/031.txt, sliding_window 37-56, Predict Action: stir, Groud truth: stir
Predicted: ./dataset/test/drawerpickstir40/031.txt, sliding_window 38-57, Predict Action: stir, Groud truth: stir
Predicted: ./dataset/test/drawerpickstir40/031.txt, sliding_window 39-58, Predict Action: stir, Groud truth: stir
Predicted: ./dataset/test/drawerpickstir40/031.txt, sliding_window 40-59, Predict Action: stir, Groud truth: stir
Predicted: ./dataset/test/drawerpickstir40/031.txt, sliding_window 41-60, Predict Action: stir, Groud truth: stir
Predicted: ./dataset/test/drawerpickstir40/031.txt, sliding_window 42-61, Predict Action: stir, Groud truth: stir
Predicted: ./dataset/test/drawerpickstir40/031.txt, sliding_window 43-62, Predict Action: stir, Groud truth: stir
Predicted: ./dataset/test/drawerpickstir40/031.txt, sliding_window 44-63, Predict Action: stir, Groud truth: stir
Predicted: ./dataset/test/drawerpickstir40/031.txt, sliding_window 45-64, Predict Action: stir, Groud truth: stir
Predicted: ./dataset/test/drawerpickstir40/031.txt, sliding_window 46-65, Predict Action: stir, Groud truth: stir
Predicted: ./dataset/test/drawerpickstir40/031.txt, sliding_window 47-66, Predict Action: stir, Groud truth: stir
Predicted: ./dataset/test/drawerpickstir40/031.txt, sliding_window 48-67, Predict Action: stir, Groud truth: stir
Predicted: ./dataset/test/drawerpickstir40/031.txt, sliding_window 49-68, Predict Action: stir, Groud truth: stir
Predicted: ./dataset/test/drawerpickstir40/031.txt, sliding_window 50-69, Predict Action: stir, Groud truth: stir
Predicted: ./dataset/test/drawerpickstir40/032.txt, sliding_window 51-70, Predict Action: drawer, Groud truth: [0 0 0 0 0 0 0 0 0 0 0 0 0 0 0 0 0 0 0 1]
Predicted: ./dataset/test/drawerpickstir40/032.txt, sliding_window 0-19, Predict Action: drawer, Groud truth: [0 0 0 0 0 0 0 0 0 0 0 0 0 0 0 0 0 0 1 1]
Predicted: ./dataset/test/drawerpickstir40/032.txt, sliding_window 1-20, Predict Action: drawer, Groud truth: [0 0 0 0 0 0 0 0 0 0 0 0 0 0 0 0 0 1 1 1]
Predicted: ./dataset/test/drawerpickstir40/032.txt, sliding_window 2-21, Predict Action: drawer, Groud truth: [0 0 0 0 0 0 0 0 0 0 0 0 0 0 0 0 1 1 1 1]
Predicted: ./dataset/test/drawerpickstir40/032.txt, sliding_window 3-22, Predict Action: drawer, Groud truth: [0 0 0 0 0 0 0 0 0 0 0 0 0 0 0 1 1 1 1 1]
Predicted: ./dataset/test/drawerpickstir40/032.txt, sliding_window 4-23, Predict Action: drawer, Groud truth: [0 0 0 0 0 0 0 0 0 0 0 0 0 0 1 1 1 1 1 1]
Predicted: ./dataset/test/drawerpickstir40/032.txt, sliding_window 5-24, Predict Action: stir, Groud truth: [0 0 0 0 0 0 0 0 0 0 0 0 0 1 1 1 1 1 1 1]
Predicted: ./dataset/test/drawerpickstir40/032.txt, sliding_window 6-25, Predict Action: stir, Groud truth: [0 0 0 0 0 0 0 0 0 0 0 0 1 1 1 1 1 1 1 1]
Predicted: ./dataset/test/drawerpickstir40/032.txt, sliding_window 7-26, Predict Action: pick, Groud truth: [0 0 0 0 0 0 0 0 0 0 0 1 1 1 1 1 1 1 1 1]
Predicted: ./dataset/test/drawerpickstir40/032.txt, sliding_window 8-27, Predict Action: pick, Groud truth: [0 0 0 0 0 0 0 0 0 0 1 1 1 1 1 1 1 1 1 1]
Predicted: ./dataset/test/drawerpickstir40/032.txt, sliding_window 9-28, Predict Action: pick, Groud truth: [0 0 0 0 0 0 0 0 0 1 1 1 1 1 1 1 1 1 1 1]
Predicted: ./dataset/test/drawerpickstir40/032.txt, sliding_window 10-29, Predict Action: pick, Groud truth: [0 0 0 0 0 0 0 0 1 1 1 1 1 1 1 1 1 1 1 2]
Predicted: ./dataset/test/drawerpickstir40/032.txt, sliding_window 11-30, Predict Action: pick, Groud truth: [0 0 0 0 0 0 0 1 1 1 1 1 1 1 1 1 1 1 2 2]
Predicted: ./dataset/test/drawerpickstir40/032.txt, sliding_window 12-31, Predict Action: pick, Groud truth: [0 0 0 0 0 0 1 1 1 1 1 1 1 1 1 1 1 2 2 2]
Predicted: ./dataset/test/drawerpickstir40/032.txt, sliding_window 13-32, Predict Action: pick, Groud truth: [0 0 0 0 0 1 1 1 1 1 1 1 1 1 1 1 2 2 2 2]
Predicted: ./dataset/test/drawerpickstir40/032.txt, sliding_window 14-33, Predict Action: pick, Groud truth: [0 0 0 0 1 1 1 1 1 1 1 1 1 1 1 2 2 2 2 2]
Predicted: ./dataset/test/drawerpickstir40/032.txt, sliding_window 15-34, Predict Action: stir, Groud truth: [0 0 0 1 1 1 1 1 1 1 1 1 1 1 2 2 2 2 2 2]
Predicted: ./dataset/test/drawerpickstir40/032.txt, sliding_window 16-35, Predict Action: stir, Groud truth: [0 0 1 1 1 1 1 1 1 1 1 1 1 2 2 2 2 2 2 2]
Predicted: ./dataset/test/drawerpickstir40/032.txt, sliding_window 17-36, Predict Action: stir, Groud truth: [0 1 1 1 1 1 1 1 1 1 1 1 2 2 2 2 2 2 2 2]
Predicted: ./dataset/test/drawerpickstir40/032.txt, sliding_window 18-37, Predict Action: stir, Groud truth: [1 1 1 1 1 1 1 1 1 1 1 2 2 2 2 2 2 2 2 2]
Predicted: ./dataset/test/drawerpickstir40/032.txt, sliding_window 19-38, Predict Action: stir, Groud truth: [1 1 1 1 1 1 1 1 1 1 2 2 2 2 2 2 2 2 2 2]
Predicted: ./dataset/test/drawerpickstir40/032.txt, sliding_window 20-39, Predict Action: stir, Groud truth: [1 1 1 1 1 1 1 1 1 2 2 2 2 2 2 2 2 2 2 2]
Predicted: ./dataset/test/drawerpickstir40/032.txt, sliding_window 21-40, Predict Action: stir, Groud truth: [1 1 1 1 1 1 1 1 2 2 2 2 2 2 2 2 2 2 2 2]
Predicted: ./dataset/test/drawerpickstir40/032.txt, sliding_window 22-41, Predict Action: stir, Groud truth: [1 1 1 1 1 1 1 2 2 2 2 2 2 2 2 2 2 2 2 2]
Predicted: ./dataset/test/drawerpickstir40/032.txt, sliding_window 23-42, Predict Action: stir, Groud truth: [1 1 1 1 1 1 2 2 2 2 2 2 2 2 2 2 2 2 2 2]
Predicted: ./dataset/test/drawerpickstir40/032.txt, sliding_window 24-43, Predict Action: stir, Groud truth: [1 1 1 1 1 2 2 2 2 2 2 2 2 2 2 2 2 2 2 2]
Predicted: ./dataset/test/drawerpickstir40/032.txt, sliding_window 25-44, Predict Action: stir, Groud truth: [1 1 1 1 2 2 2 2 2 2 2 2 2 2 2 2 2 2 2 2]
Predicted: ./dataset/test/drawerpickstir40/032.txt, sliding_window 26-45, Predict Action: stir, Groud truth: [1 1 1 2 2 2 2 2 2 2 2 2 2 2 2 2 2 2 2 2]
Predicted: ./dataset/test/drawerpickstir40/032.txt, sliding_window 27-46, Predict Action: stir, Groud truth: [1 1 2 2 2 2 2 2 2 2 2 2 2 2 2 2 2 2 2 2]
Predicted: ./dataset/test/drawerpickstir40/032.txt, sliding_window 28-47, Predict Action: stir, Groud truth: [1 2 2 2 2 2 2 2 2 2 2 2 2 2 2 2 2 2 2 2]
Predicted: ./dataset/test/drawerpickstir40/032.txt, sliding_window 29-48, Predict Action: stir, Groud truth: stir
Predicted: ./dataset/test/drawerpickstir40/032.txt, sliding_window 30-49, Predict Action: stir, Groud truth: stir
Predicted: ./dataset/test/drawerpickstir40/032.txt, sliding_window 31-50, Predict Action: stir, Groud truth: stir
Predicted: ./dataset/test/drawerpickstir40/032.txt, sliding_window 32-51, Predict Action: stir, Groud truth: stir
Predicted: ./dataset/test/drawerpickstir40/032.txt, sliding_window 33-52, Predict Action: stir, Groud truth: stir
Predicted: ./dataset/test/drawerpickstir40/032.txt, sliding_window 34-53, Predict Action: stir, Groud truth: stir
Predicted: ./dataset/test/drawerpickstir40/032.txt, sliding_window 35-54, Predict Action: stir, Groud truth: stir
Predicted: ./dataset/test/drawerpickstir40/032.txt, sliding_window 36-55, Predict Action: stir, Groud truth: stir
Predicted: ./dataset/test/drawerpickstir40/032.txt, sliding_window 37-56, Predict Action: stir, Groud truth: stir
Predicted: ./dataset/test/drawerpickstir40/032.txt, sliding_window 38-57, Predict Action: stir, Groud truth: stir
Predicted: ./dataset/test/drawerpickstir40/032.txt, sliding_window 39-58, Predict Action: stir, Groud truth: stir
Predicted: ./dataset/test/drawerpickstir40/032.txt, sliding_window 40-59, Predict Action: stir, Groud truth: stir
Predicted: ./dataset/test/drawerpickstir40/032.txt, sliding_window 41-60, Predict Action: stir, Groud truth: stir
Predicted: ./dataset/test/drawerpickstir40/032.txt, sliding_window 42-61, Predict Action: stir, Groud truth: stir
Predicted: ./dataset/test/drawerpickstir40/032.txt, sliding_window 43-62, Predict Action: stir, Groud truth: stir
Predicted: ./dataset/test/drawerpickstir40/032.txt, sliding_window 44-63, Predict Action: stir, Groud truth: stir
Predicted: ./dataset/test/drawerpickstir40/032.txt, sliding_window 45-64, Predict Action: stir, Groud truth: stir
Predicted: ./dataset/test/drawerpickstir40/032.txt, sliding_window 46-65, Predict Action: stir, Groud truth: stir
Predicted: ./dataset/test/drawerpickstir40/032.txt, sliding_window 47-66, Predict Action: stir, Groud truth: stir
Predicted: ./dataset/test/drawerpickstir40/032.txt, sliding_window 48-67, Predict Action: stir, Groud truth: stir
Predicted: ./dataset/test/drawerpickstir40/032.txt, sliding_window 49-68, Predict Action: stir, Groud truth: stir
Predicted: ./dataset/test/drawerpickstir40/032.txt, sliding_window 50-69, Predict Action: stir, Groud truth: stir
Predicted: ./dataset/test/drawerpickstir40/032.txt, sliding_window 51-70, Predict Action: stir, Groud truth: stir
Predicted: ./dataset/test/drawerpickstir40/032.txt, sliding_window 52-71, Predict Action: stir, Groud truth: stir
Predicted: ./dataset/test/drawerpickstir40/032.txt, sliding_window 53-72, Predict Action: stir, Groud truth: stir
Predicted: ./dataset/test/drawerpickstir40/032.txt, sliding_window 54-73, Predict Action: stir, Groud truth: stir
Predicted: ./dataset/test/drawerpickstir40/032.txt, sliding_window 55-74, Predict Action: stir, Groud truth: stir
Predicted: ./dataset/test/drawerpickstir40/032.txt, sliding_window 56-75, Predict Action: stir, Groud truth: stir
Predicted: ./dataset/test/drawerpickstir40/032.txt, sliding_window 57-76, Predict Action: stir, Groud truth: stir
Predicted: ./dataset/test/drawerpickstir40/032.txt, sliding_window 58-77, Predict Action: stir, Groud truth: stir
Predicted: ./dataset/test/drawerpickstir40/032.txt, sliding_window 59-78, Predict Action: stir, Groud truth: stir
Predicted: ./dataset/test/drawerpickstir40/032.txt, sliding_window 60-79, Predict Action: stir, Groud truth: stir
Predicted: ./dataset/test/drawerpickstir40/032.txt, sliding_window 61-80, Predict Action: stir, Groud truth: stir
Predicted: ./dataset/test/drawerpickstir40/032.txt, sliding_window 62-81, Predict Action: stir, Groud truth: stir
Predicted: ./dataset/test/drawerpickstir40/032.txt, sliding_window 63-82, Predict Action: stir, Groud truth: stir
Predicted: ./dataset/test/drawerpickstir40/033.txt, sliding_window 64-83, Predict Action: drawer, Groud truth: drawer
Predicted: ./dataset/test/drawerpickstir40/033.txt, sliding_window 0-19, Predict Action: drawer, Groud truth: [0 0 0 0 0 0 0 0 0 0 0 0 0 0 0 0 0 0 0 1]
Predicted: ./dataset/test/drawerpickstir40/033.txt, sliding_window 1-20, Predict Action: drawer, Groud truth: [0 0 0 0 0 0 0 0 0 0 0 0 0 0 0 0 0 0 1 1]
Predicted: ./dataset/test/drawerpickstir40/033.txt, sliding_window 2-21, Predict Action: drawer, Groud truth: [0 0 0 0 0 0 0 0 0 0 0 0 0 0 0 0 0 1 1 1]
Predicted: ./dataset/test/drawerpickstir40/033.txt, sliding_window 3-22, Predict Action: drawer, Groud truth: [0 0 0 0 0 0 0 0 0 0 0 0 0 0 0 0 1 1 1 1]
Predicted: ./dataset/test/drawerpickstir40/033.txt, sliding_window 4-23, Predict Action: drawer, Groud truth: [0 0 0 0 0 0 0 0 0 0 0 0 0 0 0 1 1 1 1 1]
Predicted: ./dataset/test/drawerpickstir40/033.txt, sliding_window 5-24, Predict Action: drawer, Groud truth: [0 0 0 0 0 0 0 0 0 0 0 0 0 0 1 1 1 1 1 1]
Predicted: ./dataset/test/drawerpickstir40/033.txt, sliding_window 6-25, Predict Action: stir, Groud truth: [0 0 0 0 0 0 0 0 0 0 0 0 0 1 1 1 1 1 1 1]
Predicted: ./dataset/test/drawerpickstir40/033.txt, sliding_window 7-26, Predict Action: stir, Groud truth: [0 0 0 0 0 0 0 0 0 0 0 0 1 1 1 1 1 1 1 1]
Predicted: ./dataset/test/drawerpickstir40/033.txt, sliding_window 8-27, Predict Action: pick, Groud truth: [0 0 0 0 0 0 0 0 0 0 0 1 1 1 1 1 1 1 1 1]
Predicted: ./dataset/test/drawerpickstir40/033.txt, sliding_window 9-28, Predict Action: pick, Groud truth: [0 0 0 0 0 0 0 0 0 0 1 1 1 1 1 1 1 1 1 1]
Predicted: ./dataset/test/drawerpickstir40/033.txt, sliding_window 10-29, Predict Action: pick, Groud truth: [0 0 0 0 0 0 0 0 0 1 1 1 1 1 1 1 1 1 1 1]
Predicted: ./dataset/test/drawerpickstir40/033.txt, sliding_window 11-30, Predict Action: pick, Groud truth: [0 0 0 0 0 0 0 0 1 1 1 1 1 1 1 1 1 1 1 2]
Predicted: ./dataset/test/drawerpickstir40/033.txt, sliding_window 12-31, Predict Action: drawer, Groud truth: [0 0 0 0 0 0 0 1 1 1 1 1 1 1 1 1 1 1 2 2]
Predicted: ./dataset/test/drawerpickstir40/033.txt, sliding_window 13-32, Predict Action: drawer, Groud truth: [0 0 0 0 0 0 1 1 1 1 1 1 1 1 1 1 1 2 2 2]
Predicted: ./dataset/test/drawerpickstir40/033.txt, sliding_window 14-33, Predict Action: drawer, Groud truth: [0 0 0 0 0 1 1 1 1 1 1 1 1 1 1 1 2 2 2 2]
Predicted: ./dataset/test/drawerpickstir40/033.txt, sliding_window 15-34, Predict Action: drawer, Groud truth: [0 0 0 0 1 1 1 1 1 1 1 1 1 1 1 2 2 2 2 2]
Predicted: ./dataset/test/drawerpickstir40/033.txt, sliding_window 16-35, Predict Action: stir, Groud truth: [0 0 0 1 1 1 1 1 1 1 1 1 1 1 2 2 2 2 2 2]
Predicted: ./dataset/test/drawerpickstir40/033.txt, sliding_window 17-36, Predict Action: stir, Groud truth: [0 0 1 1 1 1 1 1 1 1 1 1 1 2 2 2 2 2 2 2]
Predicted: ./dataset/test/drawerpickstir40/033.txt, sliding_window 18-37, Predict Action: stir, Groud truth: [0 1 1 1 1 1 1 1 1 1 1 1 2 2 2 2 2 2 2 2]
Predicted: ./dataset/test/drawerpickstir40/033.txt, sliding_window 19-38, Predict Action: stir, Groud truth: [1 1 1 1 1 1 1 1 1 1 1 2 2 2 2 2 2 2 2 2]
Predicted: ./dataset/test/drawerpickstir40/033.txt, sliding_window 20-39, Predict Action: stir, Groud truth: [1 1 1 1 1 1 1 1 1 1 2 2 2 2 2 2 2 2 2 2]
Predicted: ./dataset/test/drawerpickstir40/033.txt, sliding_window 21-40, Predict Action: stir, Groud truth: [1 1 1 1 1 1 1 1 1 2 2 2 2 2 2 2 2 2 2 2]
Predicted: ./dataset/test/drawerpickstir40/033.txt, sliding_window 22-41, Predict Action: stir, Groud truth: [1 1 1 1 1 1 1 1 2 2 2 2 2 2 2 2 2 2 2 2]
Predicted: ./dataset/test/drawerpickstir40/033.txt, sliding_window 23-42, Predict Action: stir, Groud truth: [1 1 1 1 1 1 1 2 2 2 2 2 2 2 2 2 2 2 2 2]
Predicted: ./dataset/test/drawerpickstir40/033.txt, sliding_window 24-43, Predict Action: stir, Groud truth: [1 1 1 1 1 1 2 2 2 2 2 2 2 2 2 2 2 2 2 2]
Predicted: ./dataset/test/drawerpickstir40/033.txt, sliding_window 25-44, Predict Action: stir, Groud truth: [1 1 1 1 1 2 2 2 2 2 2 2 2 2 2 2 2 2 2 2]
Predicted: ./dataset/test/drawerpickstir40/033.txt, sliding_window 26-45, Predict Action: stir, Groud truth: [1 1 1 1 2 2 2 2 2 2 2 2 2 2 2 2 2 2 2 2]
Predicted: ./dataset/test/drawerpickstir40/033.txt, sliding_window 27-46, Predict Action: stir, Groud truth: [1 1 1 2 2 2 2 2 2 2 2 2 2 2 2 2 2 2 2 2]
Predicted: ./dataset/test/drawerpickstir40/033.txt, sliding_window 28-47, Predict Action: stir, Groud truth: [1 1 2 2 2 2 2 2 2 2 2 2 2 2 2 2 2 2 2 2]
Predicted: ./dataset/test/drawerpickstir40/033.txt, sliding_window 29-48, Predict Action: stir, Groud truth: [1 2 2 2 2 2 2 2 2 2 2 2 2 2 2 2 2 2 2 2]
Predicted: ./dataset/test/drawerpickstir40/033.txt, sliding_window 30-49, Predict Action: stir, Groud truth: stir
Predicted: ./dataset/test/drawerpickstir40/033.txt, sliding_window 31-50, Predict Action: stir, Groud truth: stir
Predicted: ./dataset/test/drawerpickstir40/033.txt, sliding_window 32-51, Predict Action: stir, Groud truth: stir
Predicted: ./dataset/test/drawerpickstir40/033.txt, sliding_window 33-52, Predict Action: stir, Groud truth: stir
Predicted: ./dataset/test/drawerpickstir40/033.txt, sliding_window 34-53, Predict Action: stir, Groud truth: stir
Predicted: ./dataset/test/drawerpickstir40/033.txt, sliding_window 35-54, Predict Action: stir, Groud truth: stir
Predicted: ./dataset/test/drawerpickstir40/033.txt, sliding_window 36-55, Predict Action: stir, Groud truth: stir
Predicted: ./dataset/test/drawerpickstir40/033.txt, sliding_window 37-56, Predict Action: stir, Groud truth: stir
Predicted: ./dataset/test/drawerpickstir40/033.txt, sliding_window 38-57, Predict Action: stir, Groud truth: stir
Predicted: ./dataset/test/drawerpickstir40/033.txt, sliding_window 39-58, Predict Action: stir, Groud truth: stir
Predicted: ./dataset/test/drawerpickstir40/033.txt, sliding_window 40-59, Predict Action: stir, Groud truth: stir
Predicted: ./dataset/test/drawerpickstir40/033.txt, sliding_window 41-60, Predict Action: stir, Groud truth: stir
Predicted: ./dataset/test/drawerpickstir40/033.txt, sliding_window 42-61, Predict Action: stir, Groud truth: stir
Predicted: ./dataset/test/drawerpickstir40/033.txt, sliding_window 43-62, Predict Action: stir, Groud truth: stir
Predicted: ./dataset/test/drawerpickstir40/033.txt, sliding_window 44-63, Predict Action: stir, Groud truth: stir
Predicted: ./dataset/test/drawerpickstir40/033.txt, sliding_window 45-64, Predict Action: stir, Groud truth: stir
Predicted: ./dataset/test/drawerpickstir40/033.txt, sliding_window 46-65, Predict Action: stir, Groud truth: stir
Predicted: ./dataset/test/drawerpickstir40/033.txt, sliding_window 47-66, Predict Action: stir, Groud truth: stir
Predicted: ./dataset/test/drawerpickstir40/033.txt, sliding_window 48-67, Predict Action: stir, Groud truth: stir
Predicted: ./dataset/test/drawerpickstir40/033.txt, sliding_window 49-68, Predict Action: stir, Groud truth: stir
Predicted: ./dataset/test/drawerpickstir40/033.txt, sliding_window 50-69, Predict Action: stir, Groud truth: stir
Predicted: ./dataset/test/drawerpickstir40/034.txt, sliding_window 51-70, Predict Action: drawer, Groud truth: drawer
Predicted: ./dataset/test/drawerpickstir40/034.txt, sliding_window 0-19, Predict Action: drawer, Groud truth: drawer
Predicted: ./dataset/test/drawerpickstir40/034.txt, sliding_window 1-20, Predict Action: drawer, Groud truth: [0 0 0 0 0 0 0 0 0 0 0 0 0 0 0 0 0 0 0 1]
Predicted: ./dataset/test/drawerpickstir40/034.txt, sliding_window 2-21, Predict Action: drawer, Groud truth: [0 0 0 0 0 0 0 0 0 0 0 0 0 0 0 0 0 0 1 1]
Predicted: ./dataset/test/drawerpickstir40/034.txt, sliding_window 3-22, Predict Action: drawer, Groud truth: [0 0 0 0 0 0 0 0 0 0 0 0 0 0 0 0 0 1 1 1]
Predicted: ./dataset/test/drawerpickstir40/034.txt, sliding_window 4-23, Predict Action: drawer, Groud truth: [0 0 0 0 0 0 0 0 0 0 0 0 0 0 0 0 1 1 1 1]
Predicted: ./dataset/test/drawerpickstir40/034.txt, sliding_window 5-24, Predict Action: drawer, Groud truth: [0 0 0 0 0 0 0 0 0 0 0 0 0 0 0 1 1 1 1 1]
Predicted: ./dataset/test/drawerpickstir40/034.txt, sliding_window 6-25, Predict Action: drawer, Groud truth: [0 0 0 0 0 0 0 0 0 0 0 0 0 0 1 1 1 1 1 1]
Predicted: ./dataset/test/drawerpickstir40/034.txt, sliding_window 7-26, Predict Action: pick, Groud truth: [0 0 0 0 0 0 0 0 0 0 0 0 0 1 1 1 1 1 1 1]
Predicted: ./dataset/test/drawerpickstir40/034.txt, sliding_window 8-27, Predict Action: pick, Groud truth: [0 0 0 0 0 0 0 0 0 0 0 0 1 1 1 1 1 1 1 1]
Predicted: ./dataset/test/drawerpickstir40/034.txt, sliding_window 9-28, Predict Action: pick, Groud truth: [0 0 0 0 0 0 0 0 0 0 0 1 1 1 1 1 1 1 1 1]
Predicted: ./dataset/test/drawerpickstir40/034.txt, sliding_window 10-29, Predict Action: drawer, Groud truth: [0 0 0 0 0 0 0 0 0 0 1 1 1 1 1 1 1 1 1 2]
Predicted: ./dataset/test/drawerpickstir40/034.txt, sliding_window 11-30, Predict Action: drawer, Groud truth: [0 0 0 0 0 0 0 0 0 1 1 1 1 1 1 1 1 1 2 2]
Predicted: ./dataset/test/drawerpickstir40/034.txt, sliding_window 12-31, Predict Action: drawer, Groud truth: [0 0 0 0 0 0 0 0 1 1 1 1 1 1 1 1 1 2 2 2]
Predicted: ./dataset/test/drawerpickstir40/034.txt, sliding_window 13-32, Predict Action: drawer, Groud truth: [0 0 0 0 0 0 0 1 1 1 1 1 1 1 1 1 2 2 2 2]
Predicted: ./dataset/test/drawerpickstir40/034.txt, sliding_window 14-33, Predict Action: stir, Groud truth: [0 0 0 0 0 0 1 1 1 1 1 1 1 1 1 2 2 2 2 2]
Predicted: ./dataset/test/drawerpickstir40/034.txt, sliding_window 15-34, Predict Action: stir, Groud truth: [0 0 0 0 0 1 1 1 1 1 1 1 1 1 2 2 2 2 2 2]
Predicted: ./dataset/test/drawerpickstir40/034.txt, sliding_window 16-35, Predict Action: stir, Groud truth: [0 0 0 0 1 1 1 1 1 1 1 1 1 2 2 2 2 2 2 2]
Predicted: ./dataset/test/drawerpickstir40/034.txt, sliding_window 17-36, Predict Action: stir, Groud truth: [0 0 0 1 1 1 1 1 1 1 1 1 2 2 2 2 2 2 2 2]
Predicted: ./dataset/test/drawerpickstir40/034.txt, sliding_window 18-37, Predict Action: stir, Groud truth: [0 0 1 1 1 1 1 1 1 1 1 2 2 2 2 2 2 2 2 2]
Predicted: ./dataset/test/drawerpickstir40/034.txt, sliding_window 19-38, Predict Action: stir, Groud truth: [0 1 1 1 1 1 1 1 1 1 2 2 2 2 2 2 2 2 2 2]
Predicted: ./dataset/test/drawerpickstir40/034.txt, sliding_window 20-39, Predict Action: stir, Groud truth: [1 1 1 1 1 1 1 1 1 2 2 2 2 2 2 2 2 2 2 2]
Predicted: ./dataset/test/drawerpickstir40/034.txt, sliding_window 21-40, Predict Action: stir, Groud truth: [1 1 1 1 1 1 1 1 2 2 2 2 2 2 2 2 2 2 2 2]
Predicted: ./dataset/test/drawerpickstir40/034.txt, sliding_window 22-41, Predict Action: stir, Groud truth: [1 1 1 1 1 1 1 2 2 2 2 2 2 2 2 2 2 2 2 2]
Predicted: ./dataset/test/drawerpickstir40/034.txt, sliding_window 23-42, Predict Action: stir, Groud truth: [1 1 1 1 1 1 2 2 2 2 2 2 2 2 2 2 2 2 2 2]
Predicted: ./dataset/test/drawerpickstir40/034.txt, sliding_window 24-43, Predict Action: stir, Groud truth: [1 1 1 1 1 2 2 2 2 2 2 2 2 2 2 2 2 2 2 2]
Predicted: ./dataset/test/drawerpickstir40/034.txt, sliding_window 25-44, Predict Action: stir, Groud truth: [1 1 1 1 2 2 2 2 2 2 2 2 2 2 2 2 2 2 2 2]
Predicted: ./dataset/test/drawerpickstir40/034.txt, sliding_window 26-45, Predict Action: stir, Groud truth: [1 1 1 2 2 2 2 2 2 2 2 2 2 2 2 2 2 2 2 2]
Predicted: ./dataset/test/drawerpickstir40/034.txt, sliding_window 27-46, Predict Action: stir, Groud truth: [1 1 2 2 2 2 2 2 2 2 2 2 2 2 2 2 2 2 2 2]
Predicted: ./dataset/test/drawerpickstir40/034.txt, sliding_window 28-47, Predict Action: stir, Groud truth: [1 2 2 2 2 2 2 2 2 2 2 2 2 2 2 2 2 2 2 2]
Predicted: ./dataset/test/drawerpickstir40/034.txt, sliding_window 29-48, Predict Action: stir, Groud truth: stir
Predicted: ./dataset/test/drawerpickstir40/034.txt, sliding_window 30-49, Predict Action: stir, Groud truth: stir
Predicted: ./dataset/test/drawerpickstir40/034.txt, sliding_window 31-50, Predict Action: stir, Groud truth: stir
Predicted: ./dataset/test/drawerpickstir40/034.txt, sliding_window 32-51, Predict Action: stir, Groud truth: stir
Predicted: ./dataset/test/drawerpickstir40/034.txt, sliding_window 33-52, Predict Action: stir, Groud truth: stir
Predicted: ./dataset/test/drawerpickstir40/034.txt, sliding_window 34-53, Predict Action: stir, Groud truth: stir
Predicted: ./dataset/test/drawerpickstir40/034.txt, sliding_window 35-54, Predict Action: stir, Groud truth: stir
Predicted: ./dataset/test/drawerpickstir40/034.txt, sliding_window 36-55, Predict Action: stir, Groud truth: stir
Predicted: ./dataset/test/drawerpickstir40/034.txt, sliding_window 37-56, Predict Action: stir, Groud truth: stir
Predicted: ./dataset/test/drawerpickstir40/034.txt, sliding_window 38-57, Predict Action: stir, Groud truth: stir
Predicted: ./dataset/test/drawerpickstir40/034.txt, sliding_window 39-58, Predict Action: stir, Groud truth: stir
Predicted: ./dataset/test/drawerpickstir40/034.txt, sliding_window 40-59, Predict Action: stir, Groud truth: stir
Predicted: ./dataset/test/drawerpickstir40/034.txt, sliding_window 41-60, Predict Action: stir, Groud truth: stir
Predicted: ./dataset/test/drawerpickstir40/034.txt, sliding_window 42-61, Predict Action: stir, Groud truth: stir
Predicted: ./dataset/test/drawerpickstir40/034.txt, sliding_window 43-62, Predict Action: stir, Groud truth: stir
Predicted: ./dataset/test/drawerpickstir40/034.txt, sliding_window 44-63, Predict Action: stir, Groud truth: stir
Predicted: ./dataset/test/drawerpickstir40/034.txt, sliding_window 45-64, Predict Action: stir, Groud truth: stir
Predicted: ./dataset/test/drawerpickstir40/034.txt, sliding_window 46-65, Predict Action: stir, Groud truth: stir
Predicted: ./dataset/test/drawerpickstir40/034.txt, sliding_window 47-66, Predict Action: stir, Groud truth: stir
Predicted: ./dataset/test/drawerpickstir40/034.txt, sliding_window 48-67, Predict Action: stir, Groud truth: stir
Predicted: ./dataset/test/drawerpickstir40/034.txt, sliding_window 49-68, Predict Action: stir, Groud truth: stir
Predicted: ./dataset/test/drawerpickstir40/034.txt, sliding_window 50-69, Predict Action: stir, Groud truth: stir
Predicted: ./dataset/test/drawerpickstir40/034.txt, sliding_window 51-70, Predict Action: stir, Groud truth: stir
Predicted: ./dataset/test/drawerpickstir40/034.txt, sliding_window 52-71, Predict Action: stir, Groud truth: stir
Predicted: ./dataset/test/drawerpickstir40/034.txt, sliding_window 53-72, Predict Action: stir, Groud truth: stir
Predicted: ./dataset/test/drawerpickstir40/034.txt, sliding_window 54-73, Predict Action: stir, Groud truth: stir
Predicted: ./dataset/test/drawerpickstir40/034.txt, sliding_window 55-74, Predict Action: stir, Groud truth: stir
Predicted: ./dataset/test/drawerpickstir40/034.txt, sliding_window 56-75, Predict Action: stir, Groud truth: stir
Predicted: ./dataset/test/drawerpickstir40/034.txt, sliding_window 57-76, Predict Action: stir, Groud truth: stir
Predicted: ./dataset/test/drawerpickstir40/034.txt, sliding_window 58-77, Predict Action: stir, Groud truth: stir
Predicted: ./dataset/test/drawerpickstir40/034.txt, sliding_window 59-78, Predict Action: stir, Groud truth: stir
Predicted: ./dataset/test/drawerpickstir40/035.txt, sliding_window 60-79, Predict Action: drawer, Groud truth: [0 0 0 0 0 0 0 0 0 0 0 0 0 0 0 0 1 1 1 1]
Predicted: ./dataset/test/drawerpickstir40/035.txt, sliding_window 0-19, Predict Action: drawer, Groud truth: [0 0 0 0 0 0 0 0 0 0 0 0 0 0 0 1 1 1 1 1]
Predicted: ./dataset/test/drawerpickstir40/035.txt, sliding_window 1-20, Predict Action: drawer, Groud truth: [0 0 0 0 0 0 0 0 0 0 0 0 0 0 1 1 1 1 1 1]
Predicted: ./dataset/test/drawerpickstir40/035.txt, sliding_window 2-21, Predict Action: stir, Groud truth: [0 0 0 0 0 0 0 0 0 0 0 0 0 1 1 1 1 1 1 1]
Predicted: ./dataset/test/drawerpickstir40/035.txt, sliding_window 3-22, Predict Action: stir, Groud truth: [0 0 0 0 0 0 0 0 0 0 0 0 1 1 1 1 1 1 1 1]
Predicted: ./dataset/test/drawerpickstir40/035.txt, sliding_window 4-23, Predict Action: pick, Groud truth: [0 0 0 0 0 0 0 0 0 0 0 1 1 1 1 1 1 1 1 1]
Predicted: ./dataset/test/drawerpickstir40/035.txt, sliding_window 5-24, Predict Action: pick, Groud truth: [0 0 0 0 0 0 0 0 0 0 1 1 1 1 1 1 1 1 1 1]
Predicted: ./dataset/test/drawerpickstir40/035.txt, sliding_window 6-25, Predict Action: pick, Groud truth: [0 0 0 0 0 0 0 0 0 1 1 1 1 1 1 1 1 1 1 1]
Predicted: ./dataset/test/drawerpickstir40/035.txt, sliding_window 7-26, Predict Action: drawer, Groud truth: [0 0 0 0 0 0 0 0 1 1 1 1 1 1 1 1 1 1 1 2]
Predicted: ./dataset/test/drawerpickstir40/035.txt, sliding_window 8-27, Predict Action: drawer, Groud truth: [0 0 0 0 0 0 0 1 1 1 1 1 1 1 1 1 1 1 2 2]
Predicted: ./dataset/test/drawerpickstir40/035.txt, sliding_window 9-28, Predict Action: drawer, Groud truth: [0 0 0 0 0 0 1 1 1 1 1 1 1 1 1 1 1 2 2 2]
Predicted: ./dataset/test/drawerpickstir40/035.txt, sliding_window 10-29, Predict Action: drawer, Groud truth: [0 0 0 0 0 1 1 1 1 1 1 1 1 1 1 1 2 2 2 2]
Predicted: ./dataset/test/drawerpickstir40/035.txt, sliding_window 11-30, Predict Action: drawer, Groud truth: [0 0 0 0 1 1 1 1 1 1 1 1 1 1 1 2 2 2 2 2]
Predicted: ./dataset/test/drawerpickstir40/035.txt, sliding_window 12-31, Predict Action: stir, Groud truth: [0 0 0 1 1 1 1 1 1 1 1 1 1 1 2 2 2 2 2 2]
Predicted: ./dataset/test/drawerpickstir40/035.txt, sliding_window 13-32, Predict Action: stir, Groud truth: [0 0 1 1 1 1 1 1 1 1 1 1 1 2 2 2 2 2 2 2]
Predicted: ./dataset/test/drawerpickstir40/035.txt, sliding_window 14-33, Predict Action: stir, Groud truth: [0 1 1 1 1 1 1 1 1 1 1 1 2 2 2 2 2 2 2 2]
Predicted: ./dataset/test/drawerpickstir40/035.txt, sliding_window 15-34, Predict Action: stir, Groud truth: [1 1 1 1 1 1 1 1 1 1 1 2 2 2 2 2 2 2 2 2]
Predicted: ./dataset/test/drawerpickstir40/035.txt, sliding_window 16-35, Predict Action: stir, Groud truth: [1 1 1 1 1 1 1 1 1 1 2 2 2 2 2 2 2 2 2 2]
Predicted: ./dataset/test/drawerpickstir40/035.txt, sliding_window 17-36, Predict Action: stir, Groud truth: [1 1 1 1 1 1 1 1 1 2 2 2 2 2 2 2 2 2 2 2]
Predicted: ./dataset/test/drawerpickstir40/035.txt, sliding_window 18-37, Predict Action: stir, Groud truth: [1 1 1 1 1 1 1 1 2 2 2 2 2 2 2 2 2 2 2 2]
Predicted: ./dataset/test/drawerpickstir40/035.txt, sliding_window 19-38, Predict Action: stir, Groud truth: [1 1 1 1 1 1 1 2 2 2 2 2 2 2 2 2 2 2 2 2]
Predicted: ./dataset/test/drawerpickstir40/035.txt, sliding_window 20-39, Predict Action: stir, Groud truth: [1 1 1 1 1 1 2 2 2 2 2 2 2 2 2 2 2 2 2 2]
Predicted: ./dataset/test/drawerpickstir40/035.txt, sliding_window 21-40, Predict Action: stir, Groud truth: [1 1 1 1 1 2 2 2 2 2 2 2 2 2 2 2 2 2 2 2]
Predicted: ./dataset/test/drawerpickstir40/035.txt, sliding_window 22-41, Predict Action: stir, Groud truth: [1 1 1 1 2 2 2 2 2 2 2 2 2 2 2 2 2 2 2 2]
Predicted: ./dataset/test/drawerpickstir40/035.txt, sliding_window 23-42, Predict Action: stir, Groud truth: [1 1 1 2 2 2 2 2 2 2 2 2 2 2 2 2 2 2 2 2]
Predicted: ./dataset/test/drawerpickstir40/035.txt, sliding_window 24-43, Predict Action: stir, Groud truth: [1 1 2 2 2 2 2 2 2 2 2 2 2 2 2 2 2 2 2 2]
Predicted: ./dataset/test/drawerpickstir40/035.txt, sliding_window 25-44, Predict Action: stir, Groud truth: [1 2 2 2 2 2 2 2 2 2 2 2 2 2 2 2 2 2 2 2]
Predicted: ./dataset/test/drawerpickstir40/035.txt, sliding_window 26-45, Predict Action: stir, Groud truth: stir
Predicted: ./dataset/test/drawerpickstir40/035.txt, sliding_window 27-46, Predict Action: stir, Groud truth: stir
Predicted: ./dataset/test/drawerpickstir40/035.txt, sliding_window 28-47, Predict Action: stir, Groud truth: stir
Predicted: ./dataset/test/drawerpickstir40/035.txt, sliding_window 29-48, Predict Action: stir, Groud truth: stir
Predicted: ./dataset/test/drawerpickstir40/035.txt, sliding_window 30-49, Predict Action: stir, Groud truth: stir
Predicted: ./dataset/test/drawerpickstir40/035.txt, sliding_window 31-50, Predict Action: stir, Groud truth: stir
Predicted: ./dataset/test/drawerpickstir40/035.txt, sliding_window 32-51, Predict Action: stir, Groud truth: stir
Predicted: ./dataset/test/drawerpickstir40/035.txt, sliding_window 33-52, Predict Action: stir, Groud truth: stir
Predicted: ./dataset/test/drawerpickstir40/035.txt, sliding_window 34-53, Predict Action: stir, Groud truth: stir
Predicted: ./dataset/test/drawerpickstir40/035.txt, sliding_window 35-54, Predict Action: stir, Groud truth: stir
Predicted: ./dataset/test/drawerpickstir40/035.txt, sliding_window 36-55, Predict Action: stir, Groud truth: stir
Predicted: ./dataset/test/drawerpickstir40/035.txt, sliding_window 37-56, Predict Action: stir, Groud truth: stir
Predicted: ./dataset/test/drawerpickstir40/035.txt, sliding_window 38-57, Predict Action: stir, Groud truth: stir
Predicted: ./dataset/test/drawerpickstir40/035.txt, sliding_window 39-58, Predict Action: stir, Groud truth: stir
Predicted: ./dataset/test/drawerpickstir40/035.txt, sliding_window 40-59, Predict Action: stir, Groud truth: stir
Predicted: ./dataset/test/drawerpickstir40/035.txt, sliding_window 41-60, Predict Action: stir, Groud truth: stir
Predicted: ./dataset/test/drawerpickstir40/035.txt, sliding_window 42-61, Predict Action: stir, Groud truth: stir
Predicted: ./dataset/test/drawerpickstir40/035.txt, sliding_window 43-62, Predict Action: stir, Groud truth: stir
Predicted: ./dataset/test/drawerpickstir40/035.txt, sliding_window 44-63, Predict Action: stir, Groud truth: stir
Predicted: ./dataset/test/drawerpickstir40/035.txt, sliding_window 45-64, Predict Action: stir, Groud truth: stir
Predicted: ./dataset/test/drawerpickstir40/035.txt, sliding_window 46-65, Predict Action: stir, Groud truth: stir
Predicted: ./dataset/test/drawerpickstir40/035.txt, sliding_window 47-66, Predict Action: stir, Groud truth: stir
Predicted: ./dataset/test/drawerpickstir40/035.txt, sliding_window 48-67, Predict Action: stir, Groud truth: stir
Predicted: ./dataset/test/drawerpickstir40/035.txt, sliding_window 49-68, Predict Action: stir, Groud truth: stir
Predicted: ./dataset/test/drawerpickstir40/035.txt, sliding_window 50-69, Predict Action: stir, Groud truth: stir
Predicted: ./dataset/test/drawerpickstir40/035.txt, sliding_window 51-70, Predict Action: stir, Groud truth: stir
Predicted: ./dataset/test/drawerpickstir40/035.txt, sliding_window 52-71, Predict Action: stir, Groud truth: stir
Predicted: ./dataset/test/drawerpickstir40/035.txt, sliding_window 53-72, Predict Action: stir, Groud truth: stir
Predicted: ./dataset/test/drawerpickstir40/035.txt, sliding_window 54-73, Predict Action: stir, Groud truth: stir
Predicted: ./dataset/test/drawerpickstir40/036.txt, sliding_window 55-74, Predict Action: drawer, Groud truth: [0 0 0 0 0 0 0 0 0 0 0 0 0 0 0 0 0 1 1 1]
Predicted: ./dataset/test/drawerpickstir40/036.txt, sliding_window 0-19, Predict Action: drawer, Groud truth: [0 0 0 0 0 0 0 0 0 0 0 0 0 0 0 0 1 1 1 1]
Predicted: ./dataset/test/drawerpickstir40/036.txt, sliding_window 1-20, Predict Action: drawer, Groud truth: [0 0 0 0 0 0 0 0 0 0 0 0 0 0 0 1 1 1 1 1]
Predicted: ./dataset/test/drawerpickstir40/036.txt, sliding_window 2-21, Predict Action: drawer, Groud truth: [0 0 0 0 0 0 0 0 0 0 0 0 0 0 1 1 1 1 1 1]
Predicted: ./dataset/test/drawerpickstir40/036.txt, sliding_window 3-22, Predict Action: stir, Groud truth: [0 0 0 0 0 0 0 0 0 0 0 0 0 1 1 1 1 1 1 1]
Predicted: ./dataset/test/drawerpickstir40/036.txt, sliding_window 4-23, Predict Action: pick, Groud truth: [0 0 0 0 0 0 0 0 0 0 0 0 1 1 1 1 1 1 1 1]
Predicted: ./dataset/test/drawerpickstir40/036.txt, sliding_window 5-24, Predict Action: pick, Groud truth: [0 0 0 0 0 0 0 0 0 0 0 1 1 1 1 1 1 1 1 1]
Predicted: ./dataset/test/drawerpickstir40/036.txt, sliding_window 6-25, Predict Action: pick, Groud truth: [0 0 0 0 0 0 0 0 0 0 1 1 1 1 1 1 1 1 1 1]
Predicted: ./dataset/test/drawerpickstir40/036.txt, sliding_window 7-26, Predict Action: pick, Groud truth: [0 0 0 0 0 0 0 0 0 1 1 1 1 1 1 1 1 1 1 2]
Predicted: ./dataset/test/drawerpickstir40/036.txt, sliding_window 8-27, Predict Action: drawer, Groud truth: [0 0 0 0 0 0 0 0 1 1 1 1 1 1 1 1 1 1 2 2]
Predicted: ./dataset/test/drawerpickstir40/036.txt, sliding_window 9-28, Predict Action: drawer, Groud truth: [0 0 0 0 0 0 0 1 1 1 1 1 1 1 1 1 1 2 2 2]
Predicted: ./dataset/test/drawerpickstir40/036.txt, sliding_window 10-29, Predict Action: drawer, Groud truth: [0 0 0 0 0 0 1 1 1 1 1 1 1 1 1 1 2 2 2 2]
Predicted: ./dataset/test/drawerpickstir40/036.txt, sliding_window 11-30, Predict Action: stir, Groud truth: [0 0 0 0 0 1 1 1 1 1 1 1 1 1 1 2 2 2 2 2]
Predicted: ./dataset/test/drawerpickstir40/036.txt, sliding_window 12-31, Predict Action: stir, Groud truth: [0 0 0 0 1 1 1 1 1 1 1 1 1 1 2 2 2 2 2 2]
Predicted: ./dataset/test/drawerpickstir40/036.txt, sliding_window 13-32, Predict Action: stir, Groud truth: [0 0 0 1 1 1 1 1 1 1 1 1 1 2 2 2 2 2 2 2]
Predicted: ./dataset/test/drawerpickstir40/036.txt, sliding_window 14-33, Predict Action: stir, Groud truth: [0 0 1 1 1 1 1 1 1 1 1 1 2 2 2 2 2 2 2 2]
Predicted: ./dataset/test/drawerpickstir40/036.txt, sliding_window 15-34, Predict Action: stir, Groud truth: [0 1 1 1 1 1 1 1 1 1 1 2 2 2 2 2 2 2 2 2]
Predicted: ./dataset/test/drawerpickstir40/036.txt, sliding_window 16-35, Predict Action: stir, Groud truth: [1 1 1 1 1 1 1 1 1 1 2 2 2 2 2 2 2 2 2 2]
Predicted: ./dataset/test/drawerpickstir40/036.txt, sliding_window 17-36, Predict Action: stir, Groud truth: [1 1 1 1 1 1 1 1 1 2 2 2 2 2 2 2 2 2 2 2]
Predicted: ./dataset/test/drawerpickstir40/036.txt, sliding_window 18-37, Predict Action: stir, Groud truth: [1 1 1 1 1 1 1 1 2 2 2 2 2 2 2 2 2 2 2 2]
Predicted: ./dataset/test/drawerpickstir40/036.txt, sliding_window 19-38, Predict Action: stir, Groud truth: [1 1 1 1 1 1 1 2 2 2 2 2 2 2 2 2 2 2 2 2]
Predicted: ./dataset/test/drawerpickstir40/036.txt, sliding_window 20-39, Predict Action: stir, Groud truth: [1 1 1 1 1 1 2 2 2 2 2 2 2 2 2 2 2 2 2 2]
Predicted: ./dataset/test/drawerpickstir40/036.txt, sliding_window 21-40, Predict Action: stir, Groud truth: [1 1 1 1 1 2 2 2 2 2 2 2 2 2 2 2 2 2 2 2]
Predicted: ./dataset/test/drawerpickstir40/036.txt, sliding_window 22-41, Predict Action: stir, Groud truth: [1 1 1 1 2 2 2 2 2 2 2 2 2 2 2 2 2 2 2 2]
Predicted: ./dataset/test/drawerpickstir40/036.txt, sliding_window 23-42, Predict Action: stir, Groud truth: [1 1 1 2 2 2 2 2 2 2 2 2 2 2 2 2 2 2 2 2]
Predicted: ./dataset/test/drawerpickstir40/036.txt, sliding_window 24-43, Predict Action: stir, Groud truth: [1 1 2 2 2 2 2 2 2 2 2 2 2 2 2 2 2 2 2 2]
Predicted: ./dataset/test/drawerpickstir40/036.txt, sliding_window 25-44, Predict Action: stir, Groud truth: [1 2 2 2 2 2 2 2 2 2 2 2 2 2 2 2 2 2 2 2]
Predicted: ./dataset/test/drawerpickstir40/036.txt, sliding_window 26-45, Predict Action: stir, Groud truth: stir
Predicted: ./dataset/test/drawerpickstir40/036.txt, sliding_window 27-46, Predict Action: stir, Groud truth: stir
Predicted: ./dataset/test/drawerpickstir40/036.txt, sliding_window 28-47, Predict Action: stir, Groud truth: stir
Predicted: ./dataset/test/drawerpickstir40/036.txt, sliding_window 29-48, Predict Action: stir, Groud truth: stir
Predicted: ./dataset/test/drawerpickstir40/036.txt, sliding_window 30-49, Predict Action: stir, Groud truth: stir
Predicted: ./dataset/test/drawerpickstir40/036.txt, sliding_window 31-50, Predict Action: stir, Groud truth: stir
Predicted: ./dataset/test/drawerpickstir40/036.txt, sliding_window 32-51, Predict Action: stir, Groud truth: stir
Predicted: ./dataset/test/drawerpickstir40/036.txt, sliding_window 33-52, Predict Action: stir, Groud truth: stir
Predicted: ./dataset/test/drawerpickstir40/036.txt, sliding_window 34-53, Predict Action: stir, Groud truth: stir
Predicted: ./dataset/test/drawerpickstir40/036.txt, sliding_window 35-54, Predict Action: stir, Groud truth: stir
Predicted: ./dataset/test/drawerpickstir40/036.txt, sliding_window 36-55, Predict Action: stir, Groud truth: stir
Predicted: ./dataset/test/drawerpickstir40/036.txt, sliding_window 37-56, Predict Action: stir, Groud truth: stir
Predicted: ./dataset/test/drawerpickstir40/036.txt, sliding_window 38-57, Predict Action: stir, Groud truth: stir
Predicted: ./dataset/test/drawerpickstir40/036.txt, sliding_window 39-58, Predict Action: stir, Groud truth: stir
Predicted: ./dataset/test/drawerpickstir40/036.txt, sliding_window 40-59, Predict Action: stir, Groud truth: stir
Predicted: ./dataset/test/drawerpickstir40/036.txt, sliding_window 41-60, Predict Action: stir, Groud truth: stir
Predicted: ./dataset/test/drawerpickstir40/036.txt, sliding_window 42-61, Predict Action: stir, Groud truth: stir
Predicted: ./dataset/test/drawerpickstir40/036.txt, sliding_window 43-62, Predict Action: stir, Groud truth: stir
Predicted: ./dataset/test/drawerpickstir40/036.txt, sliding_window 44-63, Predict Action: stir, Groud truth: stir
Predicted: ./dataset/test/drawerpickstir40/036.txt, sliding_window 45-64, Predict Action: stir, Groud truth: stir
Predicted: ./dataset/test/drawerpickstir40/036.txt, sliding_window 46-65, Predict Action: stir, Groud truth: stir
Predicted: ./dataset/test/drawerpickstir40/036.txt, sliding_window 47-66, Predict Action: stir, Groud truth: stir
Predicted: ./dataset/test/drawerpickstir40/036.txt, sliding_window 48-67, Predict Action: stir, Groud truth: stir
Predicted: ./dataset/test/drawerpickstir40/036.txt, sliding_window 49-68, Predict Action: stir, Groud truth: stir
Predicted: ./dataset/test/drawerpickstir40/036.txt, sliding_window 50-69, Predict Action: stir, Groud truth: stir
Predicted: ./dataset/test/drawerpickstir40/036.txt, sliding_window 51-70, Predict Action: stir, Groud truth: stir
Predicted: ./dataset/test/drawerpickstir40/036.txt, sliding_window 52-71, Predict Action: stir, Groud truth: stir
Predicted: ./dataset/test/drawerpickstir40/037.txt, sliding_window 53-72, Predict Action: drawer, Groud truth: [0 0 0 0 0 0 0 0 0 0 0 0 0 0 0 0 0 0 0 1]
Predicted: ./dataset/test/drawerpickstir40/037.txt, sliding_window 0-19, Predict Action: drawer, Groud truth: [0 0 0 0 0 0 0 0 0 0 0 0 0 0 0 0 0 0 1 1]
Predicted: ./dataset/test/drawerpickstir40/037.txt, sliding_window 1-20, Predict Action: drawer, Groud truth: [0 0 0 0 0 0 0 0 0 0 0 0 0 0 0 0 0 1 1 1]
Predicted: ./dataset/test/drawerpickstir40/037.txt, sliding_window 2-21, Predict Action: drawer, Groud truth: [0 0 0 0 0 0 0 0 0 0 0 0 0 0 0 0 1 1 1 1]
Predicted: ./dataset/test/drawerpickstir40/037.txt, sliding_window 3-22, Predict Action: drawer, Groud truth: [0 0 0 0 0 0 0 0 0 0 0 0 0 0 0 1 1 1 1 1]
Predicted: ./dataset/test/drawerpickstir40/037.txt, sliding_window 4-23, Predict Action: drawer, Groud truth: [0 0 0 0 0 0 0 0 0 0 0 0 0 0 1 1 1 1 1 1]
Predicted: ./dataset/test/drawerpickstir40/037.txt, sliding_window 5-24, Predict Action: stir, Groud truth: [0 0 0 0 0 0 0 0 0 0 0 0 0 1 1 1 1 1 1 1]
Predicted: ./dataset/test/drawerpickstir40/037.txt, sliding_window 6-25, Predict Action: stir, Groud truth: [0 0 0 0 0 0 0 0 0 0 0 0 1 1 1 1 1 1 1 1]
Predicted: ./dataset/test/drawerpickstir40/037.txt, sliding_window 7-26, Predict Action: stir, Groud truth: [0 0 0 0 0 0 0 0 0 0 0 1 1 1 1 1 1 1 1 1]
Predicted: ./dataset/test/drawerpickstir40/037.txt, sliding_window 8-27, Predict Action: pick, Groud truth: [0 0 0 0 0 0 0 0 0 0 1 1 1 1 1 1 1 1 1 1]
Predicted: ./dataset/test/drawerpickstir40/037.txt, sliding_window 9-28, Predict Action: pick, Groud truth: [0 0 0 0 0 0 0 0 0 1 1 1 1 1 1 1 1 1 1 1]
Predicted: ./dataset/test/drawerpickstir40/037.txt, sliding_window 10-29, Predict Action: pick, Groud truth: [0 0 0 0 0 0 0 0 1 1 1 1 1 1 1 1 1 1 1 1]
Predicted: ./dataset/test/drawerpickstir40/037.txt, sliding_window 11-30, Predict Action: pick, Groud truth: [0 0 0 0 0 0 0 1 1 1 1 1 1 1 1 1 1 1 1 2]
Predicted: ./dataset/test/drawerpickstir40/037.txt, sliding_window 12-31, Predict Action: pick, Groud truth: [0 0 0 0 0 0 1 1 1 1 1 1 1 1 1 1 1 1 2 2]
Predicted: ./dataset/test/drawerpickstir40/037.txt, sliding_window 13-32, Predict Action: pick, Groud truth: [0 0 0 0 0 1 1 1 1 1 1 1 1 1 1 1 1 2 2 2]
Predicted: ./dataset/test/drawerpickstir40/037.txt, sliding_window 14-33, Predict Action: pick, Groud truth: [0 0 0 0 1 1 1 1 1 1 1 1 1 1 1 1 2 2 2 2]
Predicted: ./dataset/test/drawerpickstir40/037.txt, sliding_window 15-34, Predict Action: pick, Groud truth: [0 0 0 1 1 1 1 1 1 1 1 1 1 1 1 2 2 2 2 2]
Predicted: ./dataset/test/drawerpickstir40/037.txt, sliding_window 16-35, Predict Action: stir, Groud truth: [0 0 1 1 1 1 1 1 1 1 1 1 1 1 2 2 2 2 2 2]
Predicted: ./dataset/test/drawerpickstir40/037.txt, sliding_window 17-36, Predict Action: stir, Groud truth: [0 1 1 1 1 1 1 1 1 1 1 1 1 2 2 2 2 2 2 2]
Predicted: ./dataset/test/drawerpickstir40/037.txt, sliding_window 18-37, Predict Action: stir, Groud truth: [1 1 1 1 1 1 1 1 1 1 1 1 2 2 2 2 2 2 2 2]
Predicted: ./dataset/test/drawerpickstir40/037.txt, sliding_window 19-38, Predict Action: stir, Groud truth: [1 1 1 1 1 1 1 1 1 1 1 2 2 2 2 2 2 2 2 2]
Predicted: ./dataset/test/drawerpickstir40/037.txt, sliding_window 20-39, Predict Action: stir, Groud truth: [1 1 1 1 1 1 1 1 1 1 2 2 2 2 2 2 2 2 2 2]
Predicted: ./dataset/test/drawerpickstir40/037.txt, sliding_window 21-40, Predict Action: stir, Groud truth: [1 1 1 1 1 1 1 1 1 2 2 2 2 2 2 2 2 2 2 2]
Predicted: ./dataset/test/drawerpickstir40/037.txt, sliding_window 22-41, Predict Action: stir, Groud truth: [1 1 1 1 1 1 1 1 2 2 2 2 2 2 2 2 2 2 2 2]
Predicted: ./dataset/test/drawerpickstir40/037.txt, sliding_window 23-42, Predict Action: stir, Groud truth: [1 1 1 1 1 1 1 2 2 2 2 2 2 2 2 2 2 2 2 2]
Predicted: ./dataset/test/drawerpickstir40/037.txt, sliding_window 24-43, Predict Action: stir, Groud truth: [1 1 1 1 1 1 2 2 2 2 2 2 2 2 2 2 2 2 2 2]
Predicted: ./dataset/test/drawerpickstir40/037.txt, sliding_window 25-44, Predict Action: stir, Groud truth: [1 1 1 1 1 2 2 2 2 2 2 2 2 2 2 2 2 2 2 2]
Predicted: ./dataset/test/drawerpickstir40/037.txt, sliding_window 26-45, Predict Action: stir, Groud truth: [1 1 1 1 2 2 2 2 2 2 2 2 2 2 2 2 2 2 2 2]
Predicted: ./dataset/test/drawerpickstir40/037.txt, sliding_window 27-46, Predict Action: stir, Groud truth: [1 1 1 2 2 2 2 2 2 2 2 2 2 2 2 2 2 2 2 2]
Predicted: ./dataset/test/drawerpickstir40/037.txt, sliding_window 28-47, Predict Action: stir, Groud truth: [1 1 2 2 2 2 2 2 2 2 2 2 2 2 2 2 2 2 2 2]
Predicted: ./dataset/test/drawerpickstir40/037.txt, sliding_window 29-48, Predict Action: stir, Groud truth: [1 2 2 2 2 2 2 2 2 2 2 2 2 2 2 2 2 2 2 2]
Predicted: ./dataset/test/drawerpickstir40/037.txt, sliding_window 30-49, Predict Action: stir, Groud truth: stir
Predicted: ./dataset/test/drawerpickstir40/037.txt, sliding_window 31-50, Predict Action: stir, Groud truth: stir
Predicted: ./dataset/test/drawerpickstir40/037.txt, sliding_window 32-51, Predict Action: stir, Groud truth: stir
Predicted: ./dataset/test/drawerpickstir40/037.txt, sliding_window 33-52, Predict Action: stir, Groud truth: stir
Predicted: ./dataset/test/drawerpickstir40/037.txt, sliding_window 34-53, Predict Action: stir, Groud truth: stir
Predicted: ./dataset/test/drawerpickstir40/037.txt, sliding_window 35-54, Predict Action: stir, Groud truth: stir
Predicted: ./dataset/test/drawerpickstir40/037.txt, sliding_window 36-55, Predict Action: stir, Groud truth: stir
Predicted: ./dataset/test/drawerpickstir40/037.txt, sliding_window 37-56, Predict Action: stir, Groud truth: stir
Predicted: ./dataset/test/drawerpickstir40/037.txt, sliding_window 38-57, Predict Action: stir, Groud truth: stir
Predicted: ./dataset/test/drawerpickstir40/037.txt, sliding_window 39-58, Predict Action: stir, Groud truth: stir
Predicted: ./dataset/test/drawerpickstir40/037.txt, sliding_window 40-59, Predict Action: stir, Groud truth: stir
Predicted: ./dataset/test/drawerpickstir40/037.txt, sliding_window 41-60, Predict Action: stir, Groud truth: stir
Predicted: ./dataset/test/drawerpickstir40/037.txt, sliding_window 42-61, Predict Action: stir, Groud truth: stir
Predicted: ./dataset/test/drawerpickstir40/037.txt, sliding_window 43-62, Predict Action: stir, Groud truth: stir
Predicted: ./dataset/test/drawerpickstir40/037.txt, sliding_window 44-63, Predict Action: stir, Groud truth: stir
Predicted: ./dataset/test/drawerpickstir40/037.txt, sliding_window 45-64, Predict Action: stir, Groud truth: stir
Predicted: ./dataset/test/drawerpickstir40/037.txt, sliding_window 46-65, Predict Action: stir, Groud truth: stir
Predicted: ./dataset/test/drawerpickstir40/037.txt, sliding_window 47-66, Predict Action: stir, Groud truth: stir
Predicted: ./dataset/test/drawerpickstir40/037.txt, sliding_window 48-67, Predict Action: stir, Groud truth: stir
Predicted: ./dataset/test/drawerpickstir40/037.txt, sliding_window 49-68, Predict Action: stir, Groud truth: stir
Predicted: ./dataset/test/drawerpickstir40/037.txt, sliding_window 50-69, Predict Action: stir, Groud truth: stir
Predicted: ./dataset/test/drawerpickstir40/037.txt, sliding_window 51-70, Predict Action: stir, Groud truth: stir
Predicted: ./dataset/test/drawerpickstir40/037.txt, sliding_window 52-71, Predict Action: stir, Groud truth: stir
Predicted: ./dataset/test/drawerpickstir40/037.txt, sliding_window 53-72, Predict Action: stir, Groud truth: stir
Predicted: ./dataset/test/drawerpickstir40/037.txt, sliding_window 54-73, Predict Action: stir, Groud truth: stir
Predicted: ./dataset/test/drawerpickstir40/037.txt, sliding_window 55-74, Predict Action: stir, Groud truth: stir
Predicted: ./dataset/test/drawerpickstir40/037.txt, sliding_window 56-75, Predict Action: stir, Groud truth: stir
Predicted: ./dataset/test/drawerpickstir40/037.txt, sliding_window 57-76, Predict Action: stir, Groud truth: stir
Predicted: ./dataset/test/drawerpickstir40/037.txt, sliding_window 58-77, Predict Action: stir, Groud truth: stir
Predicted: ./dataset/test/drawerpickstir40/038.txt, sliding_window 59-78, Predict Action: drawer, Groud truth: [0 0 0 0 0 0 0 0 0 0 0 0 0 0 0 0 0 1 1 1]
Predicted: ./dataset/test/drawerpickstir40/038.txt, sliding_window 0-19, Predict Action: drawer, Groud truth: [0 0 0 0 0 0 0 0 0 0 0 0 0 0 0 0 1 1 1 1]
Predicted: ./dataset/test/drawerpickstir40/038.txt, sliding_window 1-20, Predict Action: drawer, Groud truth: [0 0 0 0 0 0 0 0 0 0 0 0 0 0 0 1 1 1 1 1]
Predicted: ./dataset/test/drawerpickstir40/038.txt, sliding_window 2-21, Predict Action: drawer, Groud truth: [0 0 0 0 0 0 0 0 0 0 0 0 0 0 1 1 1 1 1 1]
Predicted: ./dataset/test/drawerpickstir40/038.txt, sliding_window 3-22, Predict Action: stir, Groud truth: [0 0 0 0 0 0 0 0 0 0 0 0 0 1 1 1 1 1 1 1]
Predicted: ./dataset/test/drawerpickstir40/038.txt, sliding_window 4-23, Predict Action: stir, Groud truth: [0 0 0 0 0 0 0 0 0 0 0 0 1 1 1 1 1 1 1 1]
Predicted: ./dataset/test/drawerpickstir40/038.txt, sliding_window 5-24, Predict Action: stir, Groud truth: [0 0 0 0 0 0 0 0 0 0 0 1 1 1 1 1 1 1 1 1]
Predicted: ./dataset/test/drawerpickstir40/038.txt, sliding_window 6-25, Predict Action: pick, Groud truth: [0 0 0 0 0 0 0 0 0 0 1 1 1 1 1 1 1 1 1 1]
Predicted: ./dataset/test/drawerpickstir40/038.txt, sliding_window 7-26, Predict Action: pick, Groud truth: [0 0 0 0 0 0 0 0 0 1 1 1 1 1 1 1 1 1 1 1]
Predicted: ./dataset/test/drawerpickstir40/038.txt, sliding_window 8-27, Predict Action: pick, Groud truth: [0 0 0 0 0 0 0 0 1 1 1 1 1 1 1 1 1 1 1 1]
Predicted: ./dataset/test/drawerpickstir40/038.txt, sliding_window 9-28, Predict Action: pick, Groud truth: [0 0 0 0 0 0 0 1 1 1 1 1 1 1 1 1 1 1 1 2]
Predicted: ./dataset/test/drawerpickstir40/038.txt, sliding_window 10-29, Predict Action: pick, Groud truth: [0 0 0 0 0 0 1 1 1 1 1 1 1 1 1 1 1 1 2 2]
Predicted: ./dataset/test/drawerpickstir40/038.txt, sliding_window 11-30, Predict Action: pick, Groud truth: [0 0 0 0 0 1 1 1 1 1 1 1 1 1 1 1 1 2 2 2]
Predicted: ./dataset/test/drawerpickstir40/038.txt, sliding_window 12-31, Predict Action: pick, Groud truth: [0 0 0 0 1 1 1 1 1 1 1 1 1 1 1 1 2 2 2 2]
Predicted: ./dataset/test/drawerpickstir40/038.txt, sliding_window 13-32, Predict Action: pick, Groud truth: [0 0 0 1 1 1 1 1 1 1 1 1 1 1 1 2 2 2 2 2]
Predicted: ./dataset/test/drawerpickstir40/038.txt, sliding_window 14-33, Predict Action: stir, Groud truth: [0 0 1 1 1 1 1 1 1 1 1 1 1 1 2 2 2 2 2 2]
Predicted: ./dataset/test/drawerpickstir40/038.txt, sliding_window 15-34, Predict Action: stir, Groud truth: [0 1 1 1 1 1 1 1 1 1 1 1 1 2 2 2 2 2 2 2]
Predicted: ./dataset/test/drawerpickstir40/038.txt, sliding_window 16-35, Predict Action: stir, Groud truth: [1 1 1 1 1 1 1 1 1 1 1 1 2 2 2 2 2 2 2 2]
Predicted: ./dataset/test/drawerpickstir40/038.txt, sliding_window 17-36, Predict Action: stir, Groud truth: [1 1 1 1 1 1 1 1 1 1 1 2 2 2 2 2 2 2 2 2]
Predicted: ./dataset/test/drawerpickstir40/038.txt, sliding_window 18-37, Predict Action: stir, Groud truth: [1 1 1 1 1 1 1 1 1 1 2 2 2 2 2 2 2 2 2 2]
Predicted: ./dataset/test/drawerpickstir40/038.txt, sliding_window 19-38, Predict Action: stir, Groud truth: [1 1 1 1 1 1 1 1 1 2 2 2 2 2 2 2 2 2 2 2]
Predicted: ./dataset/test/drawerpickstir40/038.txt, sliding_window 20-39, Predict Action: stir, Groud truth: [1 1 1 1 1 1 1 1 2 2 2 2 2 2 2 2 2 2 2 2]
Predicted: ./dataset/test/drawerpickstir40/038.txt, sliding_window 21-40, Predict Action: stir, Groud truth: [1 1 1 1 1 1 1 2 2 2 2 2 2 2 2 2 2 2 2 2]
Predicted: ./dataset/test/drawerpickstir40/038.txt, sliding_window 22-41, Predict Action: stir, Groud truth: [1 1 1 1 1 1 2 2 2 2 2 2 2 2 2 2 2 2 2 2]
Predicted: ./dataset/test/drawerpickstir40/038.txt, sliding_window 23-42, Predict Action: stir, Groud truth: [1 1 1 1 1 2 2 2 2 2 2 2 2 2 2 2 2 2 2 2]
Predicted: ./dataset/test/drawerpickstir40/038.txt, sliding_window 24-43, Predict Action: stir, Groud truth: [1 1 1 1 2 2 2 2 2 2 2 2 2 2 2 2 2 2 2 2]
Predicted: ./dataset/test/drawerpickstir40/038.txt, sliding_window 25-44, Predict Action: stir, Groud truth: [1 1 1 2 2 2 2 2 2 2 2 2 2 2 2 2 2 2 2 2]
Predicted: ./dataset/test/drawerpickstir40/038.txt, sliding_window 26-45, Predict Action: stir, Groud truth: [1 1 2 2 2 2 2 2 2 2 2 2 2 2 2 2 2 2 2 2]
Predicted: ./dataset/test/drawerpickstir40/038.txt, sliding_window 27-46, Predict Action: stir, Groud truth: [1 2 2 2 2 2 2 2 2 2 2 2 2 2 2 2 2 2 2 2]
Predicted: ./dataset/test/drawerpickstir40/038.txt, sliding_window 28-47, Predict Action: stir, Groud truth: stir
Predicted: ./dataset/test/drawerpickstir40/038.txt, sliding_window 29-48, Predict Action: stir, Groud truth: stir
Predicted: ./dataset/test/drawerpickstir40/038.txt, sliding_window 30-49, Predict Action: stir, Groud truth: stir
Predicted: ./dataset/test/drawerpickstir40/038.txt, sliding_window 31-50, Predict Action: stir, Groud truth: stir
Predicted: ./dataset/test/drawerpickstir40/038.txt, sliding_window 32-51, Predict Action: stir, Groud truth: stir
Predicted: ./dataset/test/drawerpickstir40/038.txt, sliding_window 33-52, Predict Action: stir, Groud truth: stir
Predicted: ./dataset/test/drawerpickstir40/038.txt, sliding_window 34-53, Predict Action: stir, Groud truth: stir
Predicted: ./dataset/test/drawerpickstir40/038.txt, sliding_window 35-54, Predict Action: stir, Groud truth: stir
Predicted: ./dataset/test/drawerpickstir40/038.txt, sliding_window 36-55, Predict Action: stir, Groud truth: stir
Predicted: ./dataset/test/drawerpickstir40/038.txt, sliding_window 37-56, Predict Action: stir, Groud truth: stir
Predicted: ./dataset/test/drawerpickstir40/038.txt, sliding_window 38-57, Predict Action: stir, Groud truth: stir
Predicted: ./dataset/test/drawerpickstir40/038.txt, sliding_window 39-58, Predict Action: stir, Groud truth: stir
Predicted: ./dataset/test/drawerpickstir40/038.txt, sliding_window 40-59, Predict Action: stir, Groud truth: stir
Predicted: ./dataset/test/drawerpickstir40/038.txt, sliding_window 41-60, Predict Action: stir, Groud truth: stir
Predicted: ./dataset/test/drawerpickstir40/038.txt, sliding_window 42-61, Predict Action: stir, Groud truth: stir
Predicted: ./dataset/test/drawerpickstir40/038.txt, sliding_window 43-62, Predict Action: stir, Groud truth: stir
Predicted: ./dataset/test/drawerpickstir40/038.txt, sliding_window 44-63, Predict Action: stir, Groud truth: stir
Predicted: ./dataset/test/drawerpickstir40/038.txt, sliding_window 45-64, Predict Action: stir, Groud truth: stir
Predicted: ./dataset/test/drawerpickstir40/038.txt, sliding_window 46-65, Predict Action: stir, Groud truth: stir
Predicted: ./dataset/test/drawerpickstir40/038.txt, sliding_window 47-66, Predict Action: stir, Groud truth: stir
Predicted: ./dataset/test/drawerpickstir40/038.txt, sliding_window 48-67, Predict Action: stir, Groud truth: stir
Predicted: ./dataset/test/drawerpickstir40/038.txt, sliding_window 49-68, Predict Action: stir, Groud truth: stir
Predicted: ./dataset/test/drawerpickstir40/038.txt, sliding_window 50-69, Predict Action: stir, Groud truth: stir
Predicted: ./dataset/test/drawerpickstir40/038.txt, sliding_window 51-70, Predict Action: stir, Groud truth: stir
Predicted: ./dataset/test/drawerpickstir40/038.txt, sliding_window 52-71, Predict Action: stir, Groud truth: stir
Predicted: ./dataset/test/drawerpickstir40/038.txt, sliding_window 53-72, Predict Action: stir, Groud truth: stir
Predicted: ./dataset/test/drawerpickstir40/038.txt, sliding_window 54-73, Predict Action: stir, Groud truth: stir
Predicted: ./dataset/test/drawerpickstir40/038.txt, sliding_window 55-74, Predict Action: stir, Groud truth: stir
Predicted: ./dataset/test/drawerpickstir40/038.txt, sliding_window 56-75, Predict Action: stir, Groud truth: stir
Predicted: ./dataset/test/drawerpickstir40/038.txt, sliding_window 57-76, Predict Action: stir, Groud truth: stir
Predicted: ./dataset/test/drawerpickstir40/038.txt, sliding_window 58-77, Predict Action: stir, Groud truth: stir
Predicted: ./dataset/test/drawerpickstir40/038.txt, sliding_window 59-78, Predict Action: stir, Groud truth: stir
Predicted: ./dataset/test/drawerpickstir40/039.txt, sliding_window 60-79, Predict Action: drawer, Groud truth: [0 0 0 0 0 0 0 0 0 0 0 0 0 0 0 0 0 0 0 1]
Predicted: ./dataset/test/drawerpickstir40/039.txt, sliding_window 0-19, Predict Action: drawer, Groud truth: [0 0 0 0 0 0 0 0 0 0 0 0 0 0 0 0 0 0 1 1]
Predicted: ./dataset/test/drawerpickstir40/039.txt, sliding_window 1-20, Predict Action: drawer, Groud truth: [0 0 0 0 0 0 0 0 0 0 0 0 0 0 0 0 0 1 1 1]
Predicted: ./dataset/test/drawerpickstir40/039.txt, sliding_window 2-21, Predict Action: drawer, Groud truth: [0 0 0 0 0 0 0 0 0 0 0 0 0 0 0 0 1 1 1 1]
Predicted: ./dataset/test/drawerpickstir40/039.txt, sliding_window 3-22, Predict Action: drawer, Groud truth: [0 0 0 0 0 0 0 0 0 0 0 0 0 0 0 1 1 1 1 1]
Predicted: ./dataset/test/drawerpickstir40/039.txt, sliding_window 4-23, Predict Action: drawer, Groud truth: [0 0 0 0 0 0 0 0 0 0 0 0 0 0 1 1 1 1 1 1]
Predicted: ./dataset/test/drawerpickstir40/039.txt, sliding_window 5-24, Predict Action: stir, Groud truth: [0 0 0 0 0 0 0 0 0 0 0 0 0 1 1 1 1 1 1 1]
Predicted: ./dataset/test/drawerpickstir40/039.txt, sliding_window 6-25, Predict Action: stir, Groud truth: [0 0 0 0 0 0 0 0 0 0 0 0 1 1 1 1 1 1 1 1]
Predicted: ./dataset/test/drawerpickstir40/039.txt, sliding_window 7-26, Predict Action: stir, Groud truth: [0 0 0 0 0 0 0 0 0 0 0 1 1 1 1 1 1 1 1 1]
Predicted: ./dataset/test/drawerpickstir40/039.txt, sliding_window 8-27, Predict Action: pick, Groud truth: [0 0 0 0 0 0 0 0 0 0 1 1 1 1 1 1 1 1 1 1]
Predicted: ./dataset/test/drawerpickstir40/039.txt, sliding_window 9-28, Predict Action: pick, Groud truth: [0 0 0 0 0 0 0 0 0 1 1 1 1 1 1 1 1 1 1 1]
Predicted: ./dataset/test/drawerpickstir40/039.txt, sliding_window 10-29, Predict Action: pick, Groud truth: [0 0 0 0 0 0 0 0 1 1 1 1 1 1 1 1 1 1 1 1]
Predicted: ./dataset/test/drawerpickstir40/039.txt, sliding_window 11-30, Predict Action: pick, Groud truth: [0 0 0 0 0 0 0 1 1 1 1 1 1 1 1 1 1 1 1 1]
Predicted: ./dataset/test/drawerpickstir40/039.txt, sliding_window 12-31, Predict Action: pick, Groud truth: [0 0 0 0 0 0 1 1 1 1 1 1 1 1 1 1 1 1 1 2]
Predicted: ./dataset/test/drawerpickstir40/039.txt, sliding_window 13-32, Predict Action: pick, Groud truth: [0 0 0 0 0 1 1 1 1 1 1 1 1 1 1 1 1 1 2 2]
Predicted: ./dataset/test/drawerpickstir40/039.txt, sliding_window 14-33, Predict Action: drawer, Groud truth: [0 0 0 0 1 1 1 1 1 1 1 1 1 1 1 1 1 2 2 2]
Predicted: ./dataset/test/drawerpickstir40/039.txt, sliding_window 15-34, Predict Action: pick, Groud truth: [0 0 0 1 1 1 1 1 1 1 1 1 1 1 1 1 2 2 2 2]
Predicted: ./dataset/test/drawerpickstir40/039.txt, sliding_window 16-35, Predict Action: pick, Groud truth: [0 0 1 1 1 1 1 1 1 1 1 1 1 1 1 2 2 2 2 2]
Predicted: ./dataset/test/drawerpickstir40/039.txt, sliding_window 17-36, Predict Action: stir, Groud truth: [0 1 1 1 1 1 1 1 1 1 1 1 1 1 2 2 2 2 2 2]
Predicted: ./dataset/test/drawerpickstir40/039.txt, sliding_window 18-37, Predict Action: stir, Groud truth: [1 1 1 1 1 1 1 1 1 1 1 1 1 2 2 2 2 2 2 2]
Predicted: ./dataset/test/drawerpickstir40/039.txt, sliding_window 19-38, Predict Action: stir, Groud truth: [1 1 1 1 1 1 1 1 1 1 1 1 2 2 2 2 2 2 2 2]
Predicted: ./dataset/test/drawerpickstir40/039.txt, sliding_window 20-39, Predict Action: stir, Groud truth: [1 1 1 1 1 1 1 1 1 1 1 2 2 2 2 2 2 2 2 2]
Predicted: ./dataset/test/drawerpickstir40/039.txt, sliding_window 21-40, Predict Action: stir, Groud truth: [1 1 1 1 1 1 1 1 1 1 2 2 2 2 2 2 2 2 2 2]
Predicted: ./dataset/test/drawerpickstir40/039.txt, sliding_window 22-41, Predict Action: stir, Groud truth: [1 1 1 1 1 1 1 1 1 2 2 2 2 2 2 2 2 2 2 2]
Predicted: ./dataset/test/drawerpickstir40/039.txt, sliding_window 23-42, Predict Action: stir, Groud truth: [1 1 1 1 1 1 1 1 2 2 2 2 2 2 2 2 2 2 2 2]
Predicted: ./dataset/test/drawerpickstir40/039.txt, sliding_window 24-43, Predict Action: stir, Groud truth: [1 1 1 1 1 1 1 2 2 2 2 2 2 2 2 2 2 2 2 2]
Predicted: ./dataset/test/drawerpickstir40/039.txt, sliding_window 25-44, Predict Action: stir, Groud truth: [1 1 1 1 1 1 2 2 2 2 2 2 2 2 2 2 2 2 2 2]
Predicted: ./dataset/test/drawerpickstir40/039.txt, sliding_window 26-45, Predict Action: stir, Groud truth: [1 1 1 1 1 2 2 2 2 2 2 2 2 2 2 2 2 2 2 2]
Predicted: ./dataset/test/drawerpickstir40/039.txt, sliding_window 27-46, Predict Action: stir, Groud truth: [1 1 1 1 2 2 2 2 2 2 2 2 2 2 2 2 2 2 2 2]
Predicted: ./dataset/test/drawerpickstir40/039.txt, sliding_window 28-47, Predict Action: stir, Groud truth: [1 1 1 2 2 2 2 2 2 2 2 2 2 2 2 2 2 2 2 2]
Predicted: ./dataset/test/drawerpickstir40/039.txt, sliding_window 29-48, Predict Action: stir, Groud truth: [1 1 2 2 2 2 2 2 2 2 2 2 2 2 2 2 2 2 2 2]
Predicted: ./dataset/test/drawerpickstir40/039.txt, sliding_window 30-49, Predict Action: stir, Groud truth: [1 2 2 2 2 2 2 2 2 2 2 2 2 2 2 2 2 2 2 2]
Predicted: ./dataset/test/drawerpickstir40/039.txt, sliding_window 31-50, Predict Action: stir, Groud truth: stir
Predicted: ./dataset/test/drawerpickstir40/039.txt, sliding_window 32-51, Predict Action: stir, Groud truth: stir
Predicted: ./dataset/test/drawerpickstir40/039.txt, sliding_window 33-52, Predict Action: stir, Groud truth: stir
Predicted: ./dataset/test/drawerpickstir40/039.txt, sliding_window 34-53, Predict Action: stir, Groud truth: stir
Predicted: ./dataset/test/drawerpickstir40/039.txt, sliding_window 35-54, Predict Action: stir, Groud truth: stir
Predicted: ./dataset/test/drawerpickstir40/039.txt, sliding_window 36-55, Predict Action: stir, Groud truth: stir
Predicted: ./dataset/test/drawerpickstir40/039.txt, sliding_window 37-56, Predict Action: stir, Groud truth: stir
Predicted: ./dataset/test/drawerpickstir40/039.txt, sliding_window 38-57, Predict Action: stir, Groud truth: stir
Predicted: ./dataset/test/drawerpickstir40/039.txt, sliding_window 39-58, Predict Action: stir, Groud truth: stir
Predicted: ./dataset/test/drawerpickstir40/039.txt, sliding_window 40-59, Predict Action: stir, Groud truth: stir
Predicted: ./dataset/test/drawerpickstir40/039.txt, sliding_window 41-60, Predict Action: stir, Groud truth: stir
Predicted: ./dataset/test/drawerpickstir40/039.txt, sliding_window 42-61, Predict Action: stir, Groud truth: stir
Predicted: ./dataset/test/drawerpickstir40/039.txt, sliding_window 43-62, Predict Action: stir, Groud truth: stir
Predicted: ./dataset/test/drawerpickstir40/039.txt, sliding_window 44-63, Predict Action: stir, Groud truth: stir
Predicted: ./dataset/test/drawerpickstir40/039.txt, sliding_window 45-64, Predict Action: stir, Groud truth: stir
Predicted: ./dataset/test/drawerpickstir40/039.txt, sliding_window 46-65, Predict Action: stir, Groud truth: stir
Predicted: ./dataset/test/drawerpickstir40/039.txt, sliding_window 47-66, Predict Action: stir, Groud truth: stir
Predicted: ./dataset/test/drawerpickstir40/039.txt, sliding_window 48-67, Predict Action: stir, Groud truth: stir
Predicted: ./dataset/test/drawerpickstir40/039.txt, sliding_window 49-68, Predict Action: stir, Groud truth: stir
Predicted: ./dataset/test/drawerpickstir40/039.txt, sliding_window 50-69, Predict Action: stir, Groud truth: stir
Predicted: ./dataset/test/drawerpickstir40/039.txt, sliding_window 51-70, Predict Action: stir, Groud truth: stir
Predicted: ./dataset/test/drawerpickstir40/039.txt, sliding_window 52-71, Predict Action: stir, Groud truth: stir
Predicted: ./dataset/test/drawerpickstir40/039.txt, sliding_window 53-72, Predict Action: stir, Groud truth: stir
Predicted: ./dataset/test/drawerpickstir40/039.txt, sliding_window 54-73, Predict Action: stir, Groud truth: stir
Predicted: ./dataset/test/drawerpickstir40/039.txt, sliding_window 55-74, Predict Action: stir, Groud truth: stir
Predicted: ./dataset/test/drawerpickstir40/039.txt, sliding_window 56-75, Predict Action: stir, Groud truth: stir
Predicted: ./dataset/test/drawerpickstir40/039.txt, sliding_window 57-76, Predict Action: stir, Groud truth: stir
Predicted: ./dataset/test/drawerpickstir40/039.txt, sliding_window 58-77, Predict Action: stir, Groud truth: stir
Predicted: ./dataset/test/drawerpickstir40/039.txt, sliding_window 59-78, Predict Action: stir, Groud truth: stir
Predicted: ./dataset/test/drawerpickstir40/039.txt, sliding_window 60-79, Predict Action: stir, Groud truth: stir
Predicted: ./dataset/test/drawerpickstir40/039.txt, sliding_window 61-80, Predict Action: stir, Groud truth: stir
Predicted: ./dataset/test/drawerpickstir40/039.txt, sliding_window 62-81, Predict Action: stir, Groud truth: stir
Predicted: ./dataset/test/drawerpickstir40/039.txt, sliding_window 63-82, Predict Action: stir, Groud truth: stir
Predicted: ./dataset/test/drawerpickstir40/039.txt, sliding_window 64-83, Predict Action: stir, Groud truth: stir
Predicted: ./dataset/test/drawerpickstir40/039.txt, sliding_window 65-84, Predict Action: stir, Groud truth: stir
Predicted: ./dataset/test/drawerpickstir40/039.txt, sliding_window 66-85, Predict Action: stir, Groud truth: stir
